Component: ARM Compiler 5.06 update 7 (build 960) Tool: armlink [4d3601]

==============================================================================

Section Cross References

    main.o(.text) refers to _printf_percent.o(.ARM.Collect$$_printf_percent$$00000000) for _printf_percent
    main.o(.text) refers to _printf_d.o(.ARM.Collect$$_printf_percent$$00000009) for _printf_d
    main.o(.text) refers to _printf_dec.o(.text) for _printf_int_dec
    main.o(.text) refers to lv_slider.o(.text) for lv_slider_get_value
    main.o(.text) refers to noretval__2printf.o(.text) for __2printf
    main.o(.text) refers to sys.o(.text) for Hardware_Init
    main.o(.text) refers to lv_obj.o(.text) for lv_init
    main.o(.text) refers to lv_port_disp.o(.text) for lv_port_disp_init
    main.o(.text) refers to lv_port_indev.o(.text) for lv_port_indev_init
    main.o(.text) refers to lv_switch.o(.text) for lv_switch_create
    main.o(.text) refers to lv_bar.o(.text) for lv_bar_set_range
    main.o(.text) refers to delay.o(.text) for delay_ms
    main.o(.text) refers to lv_task.o(.text) for lv_task_handler
    main.o(.text) refers to lv_hal_disp.o(.text) for lv_disp_get_default
    main.o(.text) refers to lv_disp.o(.text) for lv_disp_get_scr_act
    system_stm32f10x.o(.text) refers to system_stm32f10x.o(.data) for .data
    led.o(.text) refers to stm32f10x_rcc.o(.text) for RCC_APB2PeriphClockCmd
    led.o(.text) refers to stm32f10x_gpio.o(.text) for GPIO_Init
    key.o(.text) refers to stm32f10x_rcc.o(.text) for RCC_APB2PeriphClockCmd
    key.o(.text) refers to stm32f10x_gpio.o(.text) for GPIO_Init
    key.o(.text) refers to delay.o(.text) for delay_ms
    key.o(.text) refers to key.o(.data) for .data
    timer.o(.text) refers to stm32f10x_rcc.o(.text) for RCC_APB1PeriphClockCmd
    timer.o(.text) refers to stm32f10x_tim.o(.text) for TIM_TimeBaseInit
    timer.o(.text) refers to misc.o(.text) for NVIC_Init
    timer.o(.text) refers to lv_hal_tick.o(.text) for lv_tick_inc
    lcd.o(.text) refers to lcd_init.o(.text) for LCD_Address_Set
    lcd.o(.text) refers to lcdfont.o(.constdata) for tfont32
    lcd.o(.text) refers to lcdfont.o(.constdata) for tfont24
    lcd.o(.text) refers to lcdfont.o(.constdata) for tfont16
    lcd.o(.text) refers to lcdfont.o(.constdata) for tfont12
    lcd.o(.text) refers to fmul.o(x$fpl$fmul) for __aeabi_fmul
    lcd.o(.text) refers to ffixu.o(x$fpl$ffixu) for __aeabi_f2uiz
    lcd.o(.text) refers to lcdfont.o(.constdata) for ascii_3216
    lcd.o(.text) refers to lcdfont.o(.constdata) for ascii_1206
    lcd.o(.text) refers to lcdfont.o(.constdata) for ascii_1608
    lcd.o(.text) refers to lcdfont.o(.constdata) for ascii_2412
    lcd_init.o(.text) refers to stm32f10x_rcc.o(.text) for RCC_APB2PeriphClockCmd
    lcd_init.o(.text) refers to spi.o(.text) for SPI1_Init
    lcd_init.o(.text) refers to stm32f10x_gpio.o(.text) for GPIO_Init
    lcd_init.o(.text) refers to stm32f10x_spi.o(.text) for SPI_I2S_GetFlagStatus
    lcd_init.o(.text) refers to delay.o(.text) for delay_ms
    lcd_init.o(.text) refers to gt9xx.o(.text) for gt9xx_INT_In
    spi.o(.text) refers to stm32f10x_rcc.o(.text) for RCC_APB2PeriphClockCmd
    spi.o(.text) refers to stm32f10x_gpio.o(.text) for GPIO_Init
    spi.o(.text) refers to stm32f10x_spi.o(.text) for SPI_Init
    dma.o(.text) refers to stm32f10x_rcc.o(.text) for RCC_AHBPeriphClockCmd
    dma.o(.text) refers to stm32f10x_dma.o(.text) for DMA_DeInit
    dma.o(.text) refers to stm32f10x_spi.o(.text) for SPI_I2S_DMACmd
    dma.o(.text) refers to dma.o(.bss) for .bss
    wifi.o(.text) refers to _printf_percent.o(.ARM.Collect$$_printf_percent$$00000000) for _printf_percent
    wifi.o(.text) refers to _printf_d.o(.ARM.Collect$$_printf_percent$$00000009) for _printf_d
    wifi.o(.text) refers to _printf_dec.o(.text) for _printf_int_dec
    wifi.o(.text) refers to rt_memclr.o(.text) for __aeabi_memclr
    wifi.o(.text) refers to strlen.o(.text) for strlen
    wifi.o(.text) refers to usart.o(.text) for Usart_SendString
    wifi.o(.text) refers to strstr.o(.text) for strstr
    wifi.o(.text) refers to delay.o(.text) for delay_ms
    wifi.o(.text) refers to noretval__2sprintf.o(.text) for __2sprintf
    wifi.o(.text) refers to strchr.o(.text) for strchr
    wifi.o(.text) refers to noretval__2printf.o(.text) for __2printf
    wifi.o(.text) refers to wifi.o(.bss) for .bss
    wifi.o(.text) refers to wifi.o(.data) for .data
    my_iic.o(.text) refers to stm32f10x_rcc.o(.text) for RCC_APB2PeriphClockCmd
    my_iic.o(.text) refers to stm32f10x_gpio.o(.text) for GPIO_Init
    gt9xx.o(.text) refers to _printf_percent.o(.ARM.Collect$$_printf_percent$$00000000) for _printf_percent
    gt9xx.o(.text) refers to _printf_s.o(.ARM.Collect$$_printf_percent$$00000014) for _printf_s
    gt9xx.o(.text) refers to _printf_str.o(.text) for _printf_str
    gt9xx.o(.text) refers to _printf_x.o(.ARM.Collect$$_printf_percent$$0000000C) for _printf_x
[...]
    SPI_CalculateCRC                         0x0800342f   Thumb Code    20  stm32f10x_spi.o(.text)
    SPI_GetCRC                               0x08003443   Thumb Code    12  stm32f10x_spi.o(.text)
    SPI_GetCRCPolynomial                     0x0800344f   Thumb Code     4  stm32f10x_spi.o(.text)
    SPI_BiDirectionalLineConfig              0x08003453   Thumb Code    22  stm32f10x_spi.o(.text)
    SPI_I2S_GetFlagStatus                    0x08003469   Thumb Code    14  stm32f10x_spi.o(.text)
    SPI_I2S_ClearFlag                        0x08003477   Thumb Code     6  stm32f10x_spi.o(.text)
    SPI_I2S_GetITStatus                      0x0800347d   Thumb Code    44  stm32f10x_spi.o(.text)
    SPI_I2S_ClearITPendingBit                0x080034a9   Thumb Code    14  stm32f10x_spi.o(.text)
    EXTI_DeInit                              0x080034c5   Thumb Code    28  stm32f10x_exti.o(.text)
    EXTI_Init                                0x080034e1   Thumb Code   108  stm32f10x_exti.o(.text)
    EXTI_StructInit                          0x0800354d   Thumb Code    14  stm32f10x_exti.o(.text)
    EXTI_GenerateSWInterrupt                 0x0800355b   Thumb Code    12  stm32f10x_exti.o(.text)
    EXTI_GetFlagStatus                       0x08003567   Thumb Code    18  stm32f10x_exti.o(.text)
    EXTI_ClearFlag                           0x08003579   Thumb Code     8  stm32f10x_exti.o(.text)
    EXTI_GetITStatus                         0x08003581   Thumb Code    28  stm32f10x_exti.o(.text)
    EXTI_ClearITPendingBit                   0x0800359d   Thumb Code     8  stm32f10x_exti.o(.text)
    lv_port_disp_init                        0x080035ed   Thumb Code    62  lv_port_disp.o(.text)
    lv_port_indev_init                       0x08003667   Thumb Code    34  lv_port_indev.o(.text)
    lv_disp_get_scr_act                      0x08003695   Thumb Code    16  lv_disp.o(.text)
    lv_disp_get_scr_prev                     0x080036a5   Thumb Code    16  lv_disp.o(.text)
    lv_disp_load_scr                         0x080036b5   Thumb Code    26  lv_disp.o(.text)
    lv_disp_get_layer_top                    0x080036cf   Thumb Code    16  lv_disp.o(.text)
    lv_disp_get_layer_sys                    0x080036df   Thumb Code    16  lv_disp.o(.text)
    lv_disp_assign_screen                    0x080036ef   Thumb Code    46  lv_disp.o(.text)
    lv_disp_set_bg_color                     0x0800371d   Thumb Code    68  lv_disp.o(.text)
    lv_disp_set_bg_image                     0x08003761   Thumb Code    58  lv_disp.o(.text)
    lv_disp_set_bg_opa                       0x0800379b   Thumb Code    60  lv_disp.o(.text)
    lv_scr_load_anim                         0x08003835   Thumb Code   484  lv_disp.o(.text)
    lv_disp_get_inactive_time                0x08003a19   Thumb Code    54  lv_disp.o(.text)
    lv_disp_trig_activity                    0x08003a4f   Thumb Code    24  lv_disp.o(.text)
    lv_disp_clean_dcache                     0x08003a67   Thumb Code    26  lv_disp.o(.text)
    _lv_disp_get_refr_task                   0x08003a81   Thumb Code    16  lv_disp.o(.text)
    _lv_group_init                           0x08003ab1   Thumb Code     8  lv_group.o(.text)
    lv_group_create                          0x08003ab9   Thumb Code    64  lv_group.o(.text)
    lv_group_del                             0x08003af9   Thumb Code    78  lv_group.o(.text)
    lv_group_focus_prev                      0x08003c19   Thumb Code     6  lv_group.o(.text)
    lv_group_focus_next                      0x08003c1f   Thumb Code     6  lv_group.o(.text)
    lv_group_add_obj                         0x08003c4f   Thumb Code   102  lv_group.o(.text)
    lv_group_remove_obj                      0x08003cb5   Thumb Code   132  lv_group.o(.text)
    lv_group_remove_all_objs                 0x08003d39   Thumb Code    62  lv_group.o(.text)
    lv_group_get_focused                     0x08003d77   Thumb Code    14  lv_group.o(.text)
    lv_group_set_editing                     0x08003d85   Thumb Code    68  lv_group.o(.text)
    lv_group_focus_obj                       0x08003dc9   Thumb Code   162  lv_group.o(.text)
    lv_group_focus_freeze                    0x08003e6b   Thumb Code    18  lv_group.o(.text)
    lv_group_send_data                       0x08003e7d   Thumb Code    76  lv_group.o(.text)
    lv_group_set_focus_cb                    0x08003ec9   Thumb Code     4  lv_group.o(.text)
    lv_group_set_click_focus                 0x08003ecd   Thumb Code    10  lv_group.o(.text)
    lv_group_set_refocus_policy              0x08003ed7   Thumb Code    10  lv_group.o(.text)
    lv_group_set_wrap                        0x08003ee1   Thumb Code    10  lv_group.o(.text)
    lv_group_get_focus_cb                    0x08003eeb   Thumb Code     8  lv_group.o(.text)
    lv_group_get_editing                     0x08003ef3   Thumb Code    12  lv_group.o(.text)
    lv_group_get_click_focus                 0x08003eff   Thumb Code    12  lv_group.o(.text)
    lv_group_get_wrap                        0x08003f0b   Thumb Code    12  lv_group.o(.text)
    lv_indev_reset                           0x08003f41   Thumb Code   122  lv_indev.o(.text)
    _lv_indev_init                           0x08003fbb   Thumb Code     6  lv_indev.o(.text)
    lv_indev_search_obj                      0x08004753   Thumb Code   112  lv_indev.o(.text)
    _lv_indev_read_task                      0x08004ff3   Thumb Code   154  lv_indev.o(.text)
    lv_indev_get_act                         0x0800508d   Thumb Code     6  lv_indev.o(.text)
    lv_indev_get_type                        0x08005093   Thumb Code     8  lv_indev.o(.text)
    lv_indev_reset_long_press                0x0800509b   Thumb Code    30  lv_indev.o(.text)
    lv_indev_enable                          0x080050b9   Thumb Code    18  lv_indev.o(.text)
    lv_indev_set_cursor                      0x080050cb   Thumb Code    54  lv_indev.o(.text)
    lv_indev_set_group                       0x08005101   Thumb Code    14  lv_indev.o(.text)
    lv_indev_set_button_points               0x0800510f   Thumb Code    10  lv_indev.o(.text)
    lv_indev_get_point                       0x08005119   Thumb Code    30  lv_indev.o(.text)
    lv_indev_get_gesture_dir                 0x08005137   Thumb Code     6  lv_indev.o(.text)
    lv_indev_get_key                         0x0800513d   Thumb Code    14  lv_indev.o(.text)
    lv_indev_is_dragging                     0x0800514b   Thumb Code    28  lv_indev.o(.text)
    lv_indev_get_vect                        0x08005167   Thumb Code    30  lv_indev.o(.text)
    lv_indev_finish_drag                     0x08005185   Thumb Code    72  lv_indev.o(.text)
    lv_indev_wait_release                    0x080051cd   Thumb Code    16  lv_indev.o(.text)
    lv_indev_get_obj_act                     0x080051dd   Thumb Code     6  lv_indev.o(.text)
    lv_indev_get_read_task                   0x080051e3   Thumb Code     8  lv_indev.o(.text)
    lv_obj_get_parent                        0x0800534f   Thumb Code    26  lv_obj.o(.text)
    lv_signal_send                           0x08005369   Thumb Code    22  lv_obj.o(.text)
    lv_obj_get_state                         0x0800537f   Thumb Code    64  lv_obj.o(.text)
    lv_obj_get_style_list                    0x080053bf   Thumb Code    36  lv_obj.o(.text)
    _lv_obj_get_style_ptr                    0x080053e3   Thumb Code   184  lv_obj.o(.text)
    _lv_obj_get_style_opa                    0x0800549b   Thumb Code   184  lv_obj.o(.text)
    _lv_obj_get_style_int                    0x08005939   Thumb Code   418  lv_obj.o(.text)
    lv_obj_get_screen                        0x08005adf   Thumb Code    40  lv_obj.o(.text)
    lv_obj_get_disp                          0x08005b07   Thumb Code    88  lv_obj.o(.text)
    lv_obj_get_hidden                        0x08005b5f   Thumb Code    34  lv_obj.o(.text)
    lv_obj_area_is_visible                   0x08005b81   Thumb Code   182  lv_obj.o(.text)
    lv_obj_invalidate_area                   0x08005c37   Thumb Code    60  lv_obj.o(.text)
    lv_obj_invalidate                        0x08005c73   Thumb Code    86  lv_obj.o(.text)
    lv_obj_get_child                         0x08005cc9   Thumb Code    50  lv_obj.o(.text)
    lv_obj_refresh_style                     0x08005e5f   Thumb Code   290  lv_obj.o(.text)
    _lv_obj_set_style_local_opa              0x08005fed   Thumb Code    50  lv_obj.o(.text)
    _lv_obj_get_style_color                  0x0800601f   Thumb Code   122  lv_obj.o(.text)
    lv_init                                  0x08006099   Thumb Code   120  lv_obj.o(.text)
    lv_deinit                                0x08006111   Thumb Code    24  lv_obj.o(.text)
    lv_obj_get_y                             0x08006129   Thumb Code    48  lv_obj.o(.text)
    lv_obj_get_x                             0x08006159   Thumb Code    48  lv_obj.o(.text)
    lv_obj_get_coords                        0x080061cb   Thumb Code    40  lv_obj.o(.text)
    lv_obj_set_pos                           0x080061f3   Thumb Code   154  lv_obj.o(.text)
    lv_obj_get_base_dir                      0x0800628d   Thumb Code    28  lv_obj.o(.text)
    lv_obj_init_draw_rect_dsc                0x080062a9   Thumb Code   808  lv_obj.o(.text)
    lv_obj_clean_style_list                  0x08006805   Thumb Code    36  lv_obj.o(.text)
    lv_obj_get_width                         0x080069fb   Thumb Code    34  lv_obj.o(.text)
    _lv_obj_disable_style_caching            0x08006dd9   Thumb Code    66  lv_obj.o(.text)
    lv_obj_init_draw_line_dsc                0x08006e1b   Thumb Code   162  lv_obj.o(.text)
    lv_obj_init_draw_img_dsc                 0x08006ebd   Thumb Code   144  lv_obj.o(.text)
    lv_obj_init_draw_label_dsc               0x08006f4d   Thumb Code   198  lv_obj.o(.text)
    lv_obj_set_state                         0x080071cf   Thumb Code   488  lv_obj.o(.text)
    lv_obj_clear_state                       0x080073b7   Thumb Code    46  lv_obj.o(.text)
    lv_obj_get_focus_parent                  0x080073e5   Thumb Code    10  lv_obj.o(.text)
    lv_obj_get_focused_obj                   0x080073ef   Thumb Code    30  lv_obj.o(.text)
    lv_obj_add_state                         0x0800740d   Thumb Code    46  lv_obj.o(.text)
    lv_obj_get_group                         0x0800743b   Thumb Code    26  lv_obj.o(.text)
    lv_obj_refresh_ext_draw_pad              0x08007455   Thumb Code    44  lv_obj.o(.text)
    lv_obj_set_y                             0x08007481   Thumb Code    44  lv_obj.o(.text)
    lv_obj_set_x                             0x080074ad   Thumb Code    44  lv_obj.o(.text)
    lv_obj_align                             0x08007549   Thumb Code   110  lv_obj.o(.text)
    lv_obj_get_height                        0x080075b7   Thumb Code    34  lv_obj.o(.text)
    lv_obj_align_mid                         0x0800771f   Thumb Code   108  lv_obj.o(.text)
    lv_obj_realign                           0x0800778b   Thumb Code    60  lv_obj.o(.text)
    lv_obj_get_draw_rect_ext_pad_size        0x080077c7   Thumb Code   484  lv_obj.o(.text)
    lv_obj_is_protected                      0x080079ab   Thumb Code    36  lv_obj.o(.text)
    lv_obj_handle_get_type_signal            0x080079cf   Thumb Code    24  lv_obj.o(.text)
    lv_obj_create                            0x08007abd   Thumb Code   910  lv_obj.o(.text)
    lv_event_send_func                       0x08007e4b   Thumb Code   136  lv_obj.o(.text)
    lv_event_send                            0x08007ed3   Thumb Code    46  lv_obj.o(.text)
    lv_obj_del                               0x08007fe3   Thumb Code    98  lv_obj.o(.text)
    lv_obj_del_anim_ready_cb                 0x08008045   Thumb Code     4  lv_obj.o(.text)
    lv_obj_del_async                         0x08008067   Thumb Code    34  lv_obj.o(.text)
    lv_obj_clean                             0x08008089   Thumb Code    42  lv_obj.o(.text)
    lv_obj_is_visible                        0x080080b3   Thumb Code    84  lv_obj.o(.text)
    lv_obj_set_parent                        0x08008107   Thumb Code   196  lv_obj.o(.text)
    lv_obj_move_foreground                   0x080081cb   Thumb Code    80  lv_obj.o(.text)
    lv_obj_move_background                   0x0800821b   Thumb Code    80  lv_obj.o(.text)
    lv_obj_set_size                          0x0800826b   Thumb Code   174  lv_obj.o(.text)
    lv_obj_set_width                         0x08008319   Thumb Code    42  lv_obj.o(.text)
    lv_obj_set_height                        0x08008343   Thumb Code    42  lv_obj.o(.text)
    lv_obj_set_width_fit                     0x0800836d   Thumb Code    36  lv_obj.o(.text)
    lv_obj_set_height_fit                    0x08008391   Thumb Code    36  lv_obj.o(.text)
    lv_obj_set_width_margin                  0x080083b5   Thumb Code    36  lv_obj.o(.text)
    lv_obj_set_height_margin                 0x080083d9   Thumb Code    44  lv_obj.o(.text)
    lv_obj_align_x                           0x08008405   Thumb Code    84  lv_obj.o(.text)
    lv_obj_align_y                           0x08008459   Thumb Code    84  lv_obj.o(.text)
    lv_obj_align_mid_x                       0x080084ad   Thumb Code    84  lv_obj.o(.text)
    lv_obj_align_mid_y                       0x08008501   Thumb Code    84  lv_obj.o(.text)
    lv_obj_set_auto_realign                  0x08008555   Thumb Code    36  lv_obj.o(.text)
    lv_obj_set_ext_click_area                0x08008579   Thumb Code    62  lv_obj.o(.text)
    lv_obj_add_style                         0x080085b7   Thumb Code    52  lv_obj.o(.text)
    lv_obj_remove_style                      0x080085eb   Thumb Code    52  lv_obj.o(.text)
    lv_obj_reset_style_list                  0x0800861f   Thumb Code    24  lv_obj.o(.text)
    _lv_obj_set_style_local_int              0x08008637   Thumb Code    52  lv_obj.o(.text)
    _lv_obj_set_style_local_color            0x0800866b   Thumb Code    52  lv_obj.o(.text)
    _lv_obj_set_style_local_ptr              0x0800869f   Thumb Code    52  lv_obj.o(.text)
    lv_obj_get_local_style                   0x080086d3   Thumb Code    40  lv_obj.o(.text)
    lv_obj_remove_style_local_prop           0x080086fb   Thumb Code    50  lv_obj.o(.text)
    lv_obj_report_style_mod                  0x080087b1   Thumb Code    54  lv_obj.o(.text)
    lv_obj_set_hidden                        0x080087e7   Thumb Code    92  lv_obj.o(.text)
    lv_obj_set_adv_hittest                   0x08008843   Thumb Code    36  lv_obj.o(.text)
    lv_obj_set_click                         0x08008867   Thumb Code    36  lv_obj.o(.text)
    lv_obj_set_top                           0x0800888b   Thumb Code    36  lv_obj.o(.text)
    lv_obj_set_drag                          0x080088af   Thumb Code    46  lv_obj.o(.text)
    lv_obj_set_drag_dir                      0x080088dd   Thumb Code    54  lv_obj.o(.text)
    lv_obj_set_drag_throw                    0x08008913   Thumb Code    36  lv_obj.o(.text)
    lv_obj_set_drag_parent                   0x08008937   Thumb Code    36  lv_obj.o(.text)
    lv_obj_set_gesture_parent                0x0800895b   Thumb Code    12  lv_obj.o(.text)
    lv_obj_is_focused                        0x08008967   Thumb Code    42  lv_obj.o(.text)
    lv_obj_set_focus_parent                  0x08008991   Thumb Code    92  lv_obj.o(.text)
    lv_obj_set_parent_event                  0x080089ed   Thumb Code    36  lv_obj.o(.text)
    lv_obj_set_base_dir                      0x08008a43   Thumb Code    50  lv_obj.o(.text)
    lv_obj_add_protect                       0x08008a75   Thumb Code    34  lv_obj.o(.text)
    lv_obj_clear_protect                     0x08008a97   Thumb Code    34  lv_obj.o(.text)
    lv_obj_finish_transitions                0x08008ab9   Thumb Code    66  lv_obj.o(.text)
    lv_obj_set_event_cb                      0x08008afb   Thumb Code    28  lv_obj.o(.text)
    lv_event_send_refresh                    0x08008b17   Thumb Code     8  lv_obj.o(.text)
    lv_event_send_refresh_recursive          0x08008b1f   Thumb Code    92  lv_obj.o(.text)
    lv_event_get_data                        0x08008b7b   Thumb Code     6  lv_obj.o(.text)
    lv_obj_set_signal_cb                     0x08008b81   Thumb Code    28  lv_obj.o(.text)
    lv_obj_set_design_cb                     0x08008b9d   Thumb Code    28  lv_obj.o(.text)
    lv_obj_allocate_ext_attr                 0x08008bb9   Thumb Code    40  lv_obj.o(.text)
    lv_obj_get_child_back                    0x08008be1   Thumb Code    48  lv_obj.o(.text)
    lv_obj_count_children                    0x08008c11   Thumb Code    62  lv_obj.o(.text)
    lv_obj_count_children_recursive          0x08008c4f   Thumb Code    58  lv_obj.o(.text)
    lv_obj_get_inner_coords                  0x08008c89   Thumb Code    84  lv_obj.o(.text)
    lv_obj_get_width_fit                     0x08008cdd   Thumb Code    56  lv_obj.o(.text)
    lv_obj_get_height_fit                    0x08008d15   Thumb Code    56  lv_obj.o(.text)
    lv_obj_get_height_margin                 0x08008d4d   Thumb Code    36  lv_obj.o(.text)
    lv_obj_get_width_margin                  0x08008d71   Thumb Code    36  lv_obj.o(.text)
    lv_obj_get_width_grid                    0x08008d95   Thumb Code    50  lv_obj.o(.text)
    lv_obj_get_height_grid                   0x08008dc7   Thumb Code    50  lv_obj.o(.text)
    lv_obj_get_auto_realign                  0x08008df9   Thumb Code    32  lv_obj.o(.text)
    lv_obj_get_ext_click_pad_left            0x08008e19   Thumb Code    28  lv_obj.o(.text)
    lv_obj_get_ext_click_pad_right           0x08008e35   Thumb Code    28  lv_obj.o(.text)
    lv_obj_get_ext_click_pad_top             0x08008e51   Thumb Code    28  lv_obj.o(.text)
    lv_obj_get_ext_click_pad_bottom          0x08008e6d   Thumb Code    28  lv_obj.o(.text)
    lv_obj_get_ext_draw_pad                  0x08008e89   Thumb Code    28  lv_obj.o(.text)
    lv_obj_get_adv_hittest                   0x08008ea5   Thumb Code    30  lv_obj.o(.text)
    lv_obj_get_click                         0x08008ec3   Thumb Code    32  lv_obj.o(.text)
    lv_obj_get_top                           0x08008ee3   Thumb Code    32  lv_obj.o(.text)
    lv_obj_get_drag                          0x08008f03   Thumb Code    32  lv_obj.o(.text)
    lv_obj_get_drag_dir                      0x08008f23   Thumb Code    32  lv_obj.o(.text)
    lv_obj_get_drag_throw                    0x08008f43   Thumb Code    32  lv_obj.o(.text)
    lv_obj_get_drag_parent                   0x08008f63   Thumb Code    10  lv_obj.o(.text)
    lv_obj_get_gesture_parent                0x08008f6d   Thumb Code    10  lv_obj.o(.text)
    lv_obj_get_parent_event                  0x08008f77   Thumb Code    32  lv_obj.o(.text)
    lv_obj_get_protect                       0x08008f97   Thumb Code    28  lv_obj.o(.text)
    lv_obj_get_signal_cb                     0x08008fb3   Thumb Code    26  lv_obj.o(.text)
    lv_obj_get_design_cb                     0x08008fcd   Thumb Code    26  lv_obj.o(.text)
    lv_obj_get_event_cb                      0x08008fe7   Thumb Code    26  lv_obj.o(.text)
    lv_obj_get_ext_attr                      0x08009001   Thumb Code    32  lv_obj.o(.text)
    lv_obj_get_type                          0x08009021   Thumb Code   122  lv_obj.o(.text)
    lv_obj_is_point_on_coords                0x0800909b   Thumb Code    60  lv_obj.o(.text)
    lv_obj_hittest                           0x080090d7   Thumb Code    38  lv_obj.o(.text)
    lv_obj_fade_in                           0x08009121   Thumb Code    52  lv_obj.o(.text)
    lv_obj_fade_out                          0x08009155   Thumb Code    46  lv_obj.o(.text)
    lv_debug_check_obj_type                  0x08009183   Thumb Code    52  lv_obj.o(.text)
    lv_debug_check_obj_valid                 0x080091e3   Thumb Code    62  lv_obj.o(.text)
    _lv_refr_init                            0x080093e9   Thumb Code     2  lv_refr.o(.text)
    _lv_refr_get_disp_refreshing             0x080095ef   Thumb Code     6  lv_refr.o(.text)
    _lv_disp_refr_task                       0x08009bbd   Thumb Code   638  lv_refr.o(.text)
    lv_refr_now                              0x08009e3b   Thumb Code    40  lv_refr.o(.text)
    _lv_inv_area                             0x08009e63   Thumb Code   200  lv_refr.o(.text)
    _lv_refr_set_disp_refreshing             0x08009f2b   Thumb Code     6  lv_refr.o(.text)
    lv_refr_get_fps_avg                      0x08009f31   Thumb Code    12  lv_refr.o(.text)
    lv_style_init                            0x0800a0a7   Thumb Code     6  lv_style.o(.text)
    _lv_style_get_mem_size                   0x0800a0ad   Thumb Code    42  lv_style.o(.text)
    lv_style_copy                            0x0800a0d7   Thumb Code    40  lv_style.o(.text)
    lv_style_remove_prop                     0x0800a16b   Thumb Code    86  lv_style.o(.text)
    lv_style_list_init                       0x0800a1c1   Thumb Code     6  lv_style.o(.text)
    _lv_style_list_remove_style              0x0800a1c7   Thumb Code   164  lv_style.o(.text)
    _lv_style_list_add_style                 0x0800a26b   Thumb Code   128  lv_style.o(.text)
    lv_style_reset                           0x0800a33b   Thumb Code    18  lv_style.o(.text)
    _lv_style_list_get_transition_style      0x0800a34d   Thumb Code    16  lv_style.o(.text)
    lv_style_list_get_local_style            0x0800a35d   Thumb Code    24  lv_style.o(.text)
    _lv_style_list_reset                     0x0800a375   Thumb Code    84  lv_style.o(.text)
    lv_style_list_copy                       0x0800a3c9   Thumb Code   222  lv_style.o(.text)
    _lv_style_set_int                        0x0800a4a7   Thumb Code   132  lv_style.o(.text)
    _lv_style_set_color                      0x0800a52b   Thumb Code   130  lv_style.o(.text)
    _lv_style_set_opa                        0x0800a5ad   Thumb Code   148  lv_style.o(.text)
    _lv_style_set_ptr                        0x0800a641   Thumb Code   130  lv_style.o(.text)
    _lv_style_get_int                        0x0800a6c3   Thumb Code    48  lv_style.o(.text)
    _lv_style_get_opa                        0x0800a6f3   Thumb Code    48  lv_style.o(.text)
    _lv_style_get_color                      0x0800a723   Thumb Code    48  lv_style.o(.text)
    _lv_style_get_ptr                        0x0800a753   Thumb Code    48  lv_style.o(.text)
    _lv_style_list_add_trans_style           0x0800a783   Thumb Code    94  lv_style.o(.text)
    _lv_style_list_set_local_int             0x0800a7e1   Thumb Code    20  lv_style.o(.text)
    _lv_style_list_set_local_opa             0x0800a7f5   Thumb Code    20  lv_style.o(.text)
    _lv_style_list_set_local_color           0x0800a809   Thumb Code    20  lv_style.o(.text)
    _lv_style_list_set_local_ptr             0x0800a81d   Thumb Code    20  lv_style.o(.text)
    _lv_style_list_get_int                   0x0800a831   Thumb Code   120  lv_style.o(.text)
    _lv_style_list_get_color                 0x0800a8a9   Thumb Code   118  lv_style.o(.text)
    _lv_style_list_get_opa                   0x0800a91f   Thumb Code   118  lv_style.o(.text)
    _lv_style_list_get_ptr                   0x0800a995   Thumb Code   108  lv_style.o(.text)
    lv_debug_check_style                     0x0800aa01   Thumb Code     4  lv_style.o(.text)
    lv_debug_check_style_list                0x0800aa05   Thumb Code     4  lv_style.o(.text)
    _lv_blend_fill                           0x0800af73   Thumb Code   232  lv_draw_blend.o(.text)
    _lv_blend_map                            0x0800b5f7   Thumb Code   242  lv_draw_blend.o(.text)
    lv_draw_img_dsc_init                     0x0800b9ef   Thumb Code    34  lv_draw_img.o(.text)
    lv_img_cf_has_alpha                      0x0800bf6d   Thumb Code    32  lv_draw_img.o(.text)
    lv_img_cf_is_chroma_keyed                0x0800bf8d   Thumb Code    26  lv_draw_img.o(.text)
    lv_draw_img                              0x0800c143   Thumb Code    42  lv_draw_img.o(.text)
    lv_img_cf_get_px_size                    0x0800c16d   Thumb Code    52  lv_draw_img.o(.text)
    lv_img_src_get_type                      0x0800c1a1   Thumb Code    34  lv_draw_img.o(.text)
    lv_draw_label_dsc_init                   0x0800c1ed   Thumb Code    62  lv_draw_label.o(.text)
    lv_draw_label                            0x0800c869   Thumb Code  1290  lv_draw_label.o(.text)
    lv_draw_line_dsc_init                    0x0800ce45   Thumb Code    30  lv_draw_line.o(.text)
    lv_draw_line                             0x0800d5cb   Thumb Code   402  lv_draw_line.o(.text)
    lv_draw_mask_add                         0x0800d75d   Thumb Code    46  lv_draw_mask.o(.text)
    lv_draw_mask_apply                       0x0800d78b   Thumb Code    64  lv_draw_mask.o(.text)
    lv_draw_mask_remove_id                   0x0800d7cb   Thumb Code    28  lv_draw_mask.o(.text)
    lv_draw_mask_remove_custom               0x0800d7e7   Thumb Code    42  lv_draw_mask.o(.text)
    lv_draw_mask_get_cnt                     0x0800d811   Thumb Code    26  lv_draw_mask.o(.text)
    lv_draw_mask_line_points_init            0x0800dbff   Thumb Code   254  lv_draw_mask.o(.text)
    lv_draw_mask_line_angle_init             0x0800dcfd   Thumb Code    70  lv_draw_mask.o(.text)
    lv_draw_mask_angle_init                  0x0800dfc7   Thumb Code   216  lv_draw_mask.o(.text)
    lv_draw_mask_radius_init                 0x0800e4b3   Thumb Code    74  lv_draw_mask.o(.text)
    lv_draw_mask_fade_init                   0x0800e5b1   Thumb Code    40  lv_draw_mask.o(.text)
    lv_draw_mask_map_init                    0x0800e657   Thumb Code    24  lv_draw_mask.o(.text)
    lv_draw_rect_dsc_init                    0x0800e6a9   Thumb Code   100  lv_draw_rect.o(.text)
    lv_draw_rect                             0x080103f5   Thumb Code    92  lv_draw_rect.o(.text)
    lv_draw_px                               0x08010451   Thumb Code     2  lv_draw_rect.o(.text)
    lv_img_buf_get_px_color                  0x0801059b   Thumb Code   224  lv_img_buf.o(.text)
    lv_img_buf_get_px_alpha                  0x0801067b   Thumb Code   186  lv_img_buf.o(.text)
    lv_img_buf_set_px_alpha                  0x08010735   Thumb Code   184  lv_img_buf.o(.text)
    lv_img_buf_set_px_color                  0x080107ed   Thumb Code   260  lv_img_buf.o(.text)
    lv_img_buf_set_palette                   0x080108f1   Thumb Code   120  lv_img_buf.o(.text)
    lv_img_buf_get_img_size                  0x08010969   Thumb Code   114  lv_img_buf.o(.text)
    lv_img_buf_alloc                         0x080109db   Thumb Code    88  lv_img_buf.o(.text)
    lv_img_buf_free                          0x08010a33   Thumb Code    26  lv_img_buf.o(.text)
    _lv_img_buf_transform_init               0x08010a4d   Thumb Code   266  lv_img_buf.o(.text)
    _lv_img_buf_get_transformed_area         0x08010b57   Thumb Code   576  lv_img_buf.o(.text)
    _lv_img_buf_transform_anti_alias         0x08010d97   Thumb Code   648  lv_img_buf.o(.text)
    _lv_img_cache_open                       0x08011069   Thumb Code   240  lv_img_cache.o(.text)
    lv_img_cache_invalidate_src              0x08011159   Thumb Code    80  lv_img_cache.o(.text)
    lv_img_cache_set_size                    0x080111a9   Thumb Code    78  lv_img_cache.o(.text)
    lv_img_decoder_built_in_close            0x08011245   Thumb Code    50  lv_img_decoder.o(.text)
    lv_img_decoder_set_close_cb              0x08011277   Thumb Code     4  lv_img_decoder.o(.text)
    lv_img_decoder_built_in_read_line        0x08011529   Thumb Code   184  lv_img_decoder.o(.text)
    lv_img_decoder_set_read_line_cb          0x080115e1   Thumb Code     4  lv_img_decoder.o(.text)
    lv_img_decoder_built_in_open             0x080115e5   Thumb Code   500  lv_img_decoder.o(.text)
    lv_img_decoder_set_open_cb               0x080117d9   Thumb Code     4  lv_img_decoder.o(.text)
    lv_img_decoder_built_in_info             0x080117dd   Thumb Code   164  lv_img_decoder.o(.text)
    lv_img_decoder_set_info_cb               0x08011881   Thumb Code     4  lv_img_decoder.o(.text)
    lv_img_decoder_create                    0x08011885   Thumb Code    48  lv_img_decoder.o(.text)
    _lv_img_decoder_init                     0x080118b5   Thumb Code    66  lv_img_decoder.o(.text)
    lv_img_decoder_get_info                  0x080118f7   Thumb Code    60  lv_img_decoder.o(.text)
    lv_img_decoder_open                      0x08011933   Thumb Code   188  lv_img_decoder.o(.text)
    lv_img_decoder_read_line                 0x080119ef   Thumb Code    34  lv_img_decoder.o(.text)
    lv_img_decoder_close                     0x08011a11   Thumb Code    36  lv_img_decoder.o(.text)
    lv_img_decoder_delete                    0x08011a35   Thumb Code    22  lv_img_decoder.o(.text)
    lv_font_get_glyph_bitmap                 0x08011a51   Thumb Code     4  lv_font.o(.text)
    lv_font_get_glyph_dsc                    0x08011a55   Thumb Code    10  lv_font.o(.text)
    lv_font_get_glyph_width                  0x08011a5f   Thumb Code    22  lv_font.o(.text)
    lv_font_get_bitmap_fmt_txt               0x08011db5   Thumb Code   186  lv_font_fmt_txt.o(.text)
    lv_font_get_glyph_dsc_fmt_txt            0x08011e97   Thumb Code   180  lv_font_fmt_txt.o(.text)
    _lv_font_clean_up_fmt_txt                0x08011f4b   Thumb Code    20  lv_font_fmt_txt.o(.text)
    lv_disp_drv_init                         0x08012009   Thumb Code    62  lv_hal_disp.o(.text)
    lv_disp_buf_init                         0x08012047   Thumb Code    30  lv_hal_disp.o(.text)
    lv_disp_is_double_buf                    0x08012065   Thumb Code    18  lv_hal_disp.o(.text)
    lv_disp_is_true_double_buf               0x08012077   Thumb Code    38  lv_hal_disp.o(.text)
    lv_disp_drv_register                     0x0801209d   Thumb Code   250  lv_hal_disp.o(.text)
    lv_disp_get_default                      0x08012197   Thumb Code     6  lv_hal_disp.o(.text)
    lv_disp_get_ver_res                      0x0801219d   Thumb Code    40  lv_hal_disp.o(.text)
    lv_disp_get_hor_res                      0x080121c5   Thumb Code    40  lv_hal_disp.o(.text)
    lv_disp_drv_update                       0x080121ed   Thumb Code   110  lv_hal_disp.o(.text)
    lv_disp_set_default                      0x0801225b   Thumb Code     6  lv_hal_disp.o(.text)
    lv_disp_remove                           0x08012261   Thumb Code    72  lv_hal_disp.o(.text)
    lv_disp_get_antialiasing                 0x080122a9   Thumb Code    18  lv_hal_disp.o(.text)
    lv_disp_get_dpi                          0x080122bb   Thumb Code    20  lv_hal_disp.o(.text)
    lv_disp_get_size_category                0x080122cf   Thumb Code    70  lv_hal_disp.o(.text)
    lv_disp_flush_ready                      0x08012315   Thumb Code    12  lv_hal_disp.o(.text)
    lv_disp_flush_is_last                    0x08012321   Thumb Code    12  lv_hal_disp.o(.text)
    lv_disp_get_next                         0x0801232d   Thumb Code    16  lv_hal_disp.o(.text)
    lv_disp_get_buf                          0x0801233d   Thumb Code     4  lv_hal_disp.o(.text)
    lv_disp_get_inv_buf_size                 0x08012341   Thumb Code    10  lv_hal_disp.o(.text)
    _lv_disp_pop_from_inv_buf                0x0801234b   Thumb Code    30  lv_hal_disp.o(.text)
    lv_disp_set_rotation                     0x08012369   Thumb Code    18  lv_hal_disp.o(.text)
    lv_disp_get_rotation                     0x0801237b   Thumb Code    14  lv_hal_disp.o(.text)
    lv_indev_drv_init                        0x080123ad   Thumb Code    40  lv_hal_indev.o(.text)
    lv_indev_drv_register                    0x080123d5   Thumb Code   106  lv_hal_indev.o(.text)
    lv_indev_drv_update                      0x0801243f   Thumb Code     6  lv_hal_indev.o(.text)
    lv_indev_get_next                        0x08012445   Thumb Code    16  lv_hal_indev.o(.text)
    _lv_indev_read                           0x08012455   Thumb Code    72  lv_hal_indev.o(.text)
    lv_tick_inc                              0x080124b5   Thumb Code    14  lv_hal_tick.o(.text)
    lv_tick_get                              0x080124c3   Thumb Code    16  lv_hal_tick.o(.text)
    lv_tick_elaps                            0x080124d3   Thumb Code    12  lv_hal_tick.o(.text)
    lv_anim_path_linear                      0x08012505   Thumb Code    38  lv_anim.o(.text)
    _lv_anim_core_init                       0x080125d3   Thumb Code    36  lv_anim.o(.text)
    lv_anim_init                             0x080125f7   Thumb Code    60  lv_anim.o(.text)
    lv_anim_del                              0x08012633   Thumb Code    76  lv_anim.o(.text)
    lv_anim_start                            0x0801267f   Thumb Code   118  lv_anim.o(.text)
    lv_anim_del_all                          0x080126f5   Thumb Code    14  lv_anim.o(.text)
    lv_anim_get                              0x08012703   Thumb Code    40  lv_anim.o(.text)
    lv_anim_count_running                    0x0801272b   Thumb Code    30  lv_anim.o(.text)
    lv_anim_speed_to_time                    0x08012749   Thumb Code    26  lv_anim.o(.text)
    lv_anim_refr_now                         0x08012763   Thumb Code     4  lv_anim.o(.text)
    lv_anim_path_ease_in                     0x08012767   Thumb Code    50  lv_anim.o(.text)
    lv_anim_path_ease_out                    0x08012799   Thumb Code    50  lv_anim.o(.text)
    lv_anim_path_ease_in_out                 0x080127cb   Thumb Code    52  lv_anim.o(.text)
    lv_anim_path_overshoot                   0x080127ff   Thumb Code    54  lv_anim.o(.text)
    lv_anim_path_bounce                      0x08012835   Thumb Code   184  lv_anim.o(.text)
    lv_anim_path_step                        0x080128ed   Thumb Code    18  lv_anim.o(.text)
    lv_area_set                              0x0801298d   Thumb Code    14  lv_area.o(.text)
    lv_area_set_width                        0x0801299b   Thumb Code    10  lv_area.o(.text)
    lv_area_set_height                       0x080129a5   Thumb Code    10  lv_area.o(.text)
    _lv_area_set_pos                         0x080129af   Thumb Code    46  lv_area.o(.text)
    lv_area_get_size                         0x080129dd   Thumb Code    28  lv_area.o(.text)
    _lv_area_intersect                       0x080129f9   Thumb Code    80  lv_area.o(.text)
    _lv_area_join                            0x08012a49   Thumb Code    68  lv_area.o(.text)
    _lv_area_is_point_on                     0x08012ac7   Thumb Code   296  lv_area.o(.text)
    _lv_area_is_on                           0x08012bef   Thumb Code    56  lv_area.o(.text)
    _lv_area_is_in                           0x08012c27   Thumb Code   168  lv_area.o(.text)
    _lv_area_align                           0x08012ccf   Thumb Code   462  lv_area.o(.text)
    lv_async_call                            0x08012ec9   Thumb Code    54  lv_async.o(.text)
    lv_color_fill                            0x08012fa7   Thumb Code    74  lv_color.o(.text)
    lv_color_lighten                         0x08012ff1   Thumb Code    24  lv_color.o(.text)
    lv_color_darken                          0x08013009   Thumb Code    22  lv_color.o(.text)
    lv_color_hsv_to_rgb                      0x0801301f   Thumb Code   174  lv_color.o(.text)
    lv_color_rgb_to_hsv                      0x080130cd   Thumb Code   212  lv_color.o(.text)
    lv_color_to_hsv                          0x080131a1   Thumb Code    78  lv_color.o(.text)
    lv_debug_check_null                      0x080131f5   Thumb Code     8  lv_debug.o(.text)
    lv_debug_check_mem_integrity             0x080131fd   Thumb Code    14  lv_debug.o(.text)
    lv_debug_check_str                       0x0801320b   Thumb Code    64  lv_debug.o(.text)
    lv_debug_log_error                       0x0801324b   Thumb Code    96  lv_debug.o(.text)
    _lv_fs_init                              0x080132b1   Thumb Code     8  lv_fs.o(.text)
    lv_fs_get_drv                            0x080132b9   Thumb Code    32  lv_fs.o(.text)
    lv_fs_is_ready                           0x080132d9   Thumb Code    24  lv_fs.o(.text)
    lv_fs_open                               0x080132f1   Thumb Code   162  lv_fs.o(.text)
    lv_fs_close                              0x08013393   Thumb Code    42  lv_fs.o(.text)
    lv_fs_remove                             0x080133bd   Thumb Code    62  lv_fs.o(.text)
    lv_fs_read                               0x080133fb   Thumb Code    58  lv_fs.o(.text)
    lv_fs_write                              0x08013435   Thumb Code    58  lv_fs.o(.text)
    lv_fs_seek                               0x0801346f   Thumb Code    24  lv_fs.o(.text)
    lv_fs_tell                               0x08013487   Thumb Code    38  lv_fs.o(.text)
    lv_fs_trunc                              0x080134ad   Thumb Code    22  lv_fs.o(.text)
    lv_fs_size                               0x080134c3   Thumb Code    32  lv_fs.o(.text)
    lv_fs_rename                             0x080134e3   Thumb Code    76  lv_fs.o(.text)
    lv_fs_dir_open                           0x0801352f   Thumb Code   148  lv_fs.o(.text)
    lv_fs_dir_read                           0x080135c3   Thumb Code    38  lv_fs.o(.text)
    lv_fs_dir_close                          0x080135e9   Thumb Code    44  lv_fs.o(.text)
    lv_fs_free_space                         0x08013615   Thumb Code    68  lv_fs.o(.text)
    lv_fs_drv_init                           0x08013659   Thumb Code     6  lv_fs.o(.text)
    lv_fs_drv_register                       0x0801365f   Thumb Code    72  lv_fs.o(.text)
    lv_fs_get_letters                        0x080136a7   Thumb Code    38  lv_fs.o(.text)
    lv_fs_get_ext                            0x080136cd   Thumb Code    38  lv_fs.o(.text)
    lv_fs_up                                 0x080136f3   Thumb Code    54  lv_fs.o(.text)
    lv_fs_get_last                           0x08013729   Thumb Code    56  lv_fs.o(.text)
    _lv_gc_clear_roots                       0x08013781   Thumb Code   182  lv_gc.o(.text)
    _lv_ll_init                              0x08013841   Thumb Code    16  lv_ll.o(.text)
    _lv_ll_ins_head                          0x08013851   Thumb Code    60  lv_ll.o(.text)
    _lv_ll_get_prev                          0x0801388d   Thumb Code    10  lv_ll.o(.text)
    _lv_ll_get_head                          0x08013897   Thumb Code    12  lv_ll.o(.text)
    _lv_ll_ins_prev                          0x080138a3   Thumb Code   102  lv_ll.o(.text)
    _lv_ll_ins_tail                          0x08013909   Thumb Code    60  lv_ll.o(.text)
    _lv_ll_get_next                          0x08013945   Thumb Code    12  lv_ll.o(.text)
    _lv_ll_get_tail                          0x08013951   Thumb Code    12  lv_ll.o(.text)
    _lv_ll_remove                            0x0801395d   Thumb Code   118  lv_ll.o(.text)
    _lv_ll_clear                             0x080139d3   Thumb Code    44  lv_ll.o(.text)
    _lv_ll_chg_list                          0x080139ff   Thumb Code   104  lv_ll.o(.text)
    _lv_ll_get_len                           0x08013a67   Thumb Code    28  lv_ll.o(.text)
    _lv_ll_move_before                       0x08013a83   Thumb Code    94  lv_ll.o(.text)
    _lv_ll_is_empty                          0x08013ae1   Thumb Code    18  lv_ll.o(.text)
    _lv_trigo_sin                            0x08013b15   Thumb Code    78  lv_math.o(.text)
    _lv_bezier3                              0x08013b63   Thumb Code    78  lv_math.o(.text)
    _lv_sqrt                                 0x08013bb1   Thumb Code    34  lv_math.o(.text)
    _lv_atan2                                0x08013bd3   Thumb Code   146  lv_math.o(.text)
    _lv_pow                                  0x08013c65   Thumb Code    52  lv_math.o(.text)
    _lv_map                                  0x08013c99   Thumb Code    36  lv_math.o(.text)
    _lv_mem_init                             0x08013cc1   Thumb Code    24  lv_mem.o(.text)
    _lv_mem_deinit                           0x08013cd9   Thumb Code    22  lv_mem.o(.text)
    lv_mem_alloc                             0x08013d2d   Thumb Code    96  lv_mem.o(.text)
    lv_mem_defrag                            0x08013d8d   Thumb Code    70  lv_mem.o(.text)
    lv_mem_free                              0x08013dd3   Thumb Code    84  lv_mem.o(.text)
    _lv_memcpy                               0x08013e27   Thumb Code   294  lv_mem.o(.text)
    _lv_mem_get_size                         0x08013f4d   Thumb Code    24  lv_mem.o(.text)
    lv_mem_realloc                           0x08013f65   Thumb Code    96  lv_mem.o(.text)
    lv_mem_test                              0x08013fc5   Thumb Code    54  lv_mem.o(.text)
    _lv_memset                               0x08013ffb   Thumb Code    98  lv_mem.o(.text)
    lv_mem_monitor                           0x0801405d   Thumb Code   128  lv_mem.o(.text)
    _lv_mem_buf_get                          0x080140dd   Thumb Code   202  lv_mem.o(.text)
    _lv_mem_buf_release                      0x080141a7   Thumb Code    54  lv_mem.o(.text)
    _lv_mem_buf_free_all                     0x080141dd   Thumb Code    58  lv_mem.o(.text)
    _lv_memset_00                            0x08014217   Thumb Code    90  lv_mem.o(.text)
    _lv_memset_ff                            0x08014271   Thumb Code    94  lv_mem.o(.text)
    lv_snprintf                              0x0801492f   Thumb Code    26  lv_printf.o(.text)
    lv_vsnprintf                             0x08014949   Thumb Code    18  lv_printf.o(.text)
    lv_task_enable                           0x0801497d   Thumb Code     6  lv_task.o(.text)
    _lv_task_core_init                       0x08014983   Thumb Code    18  lv_task.o(.text)
    lv_task_del                              0x08014995   Thumb Code    36  lv_task.o(.text)
    lv_task_handler                          0x080149f1   Thumb Code   284  lv_task.o(.text)
    lv_task_create                           0x08014b0d   Thumb Code   172  lv_task.o(.text)
    lv_task_create_basic                     0x08014bb9   Thumb Code    12  lv_task.o(.text)
    lv_task_set_cb                           0x08014bc5   Thumb Code     4  lv_task.o(.text)
    lv_task_set_prio                         0x08014bc9   Thumb Code    84  lv_task.o(.text)
    lv_task_set_period                       0x08014c1d   Thumb Code     4  lv_task.o(.text)
    lv_task_ready                            0x08014c21   Thumb Code    18  lv_task.o(.text)
    lv_task_set_repeat_count                 0x08014c33   Thumb Code     4  lv_task.o(.text)
    lv_task_reset                            0x08014c37   Thumb Code    12  lv_task.o(.text)
    lv_task_get_idle                         0x08014c43   Thumb Code     6  lv_task.o(.text)
    lv_task_get_next                         0x08014c49   Thumb Code    16  lv_task.o(.text)
    _lv_txt_is_cmd                           0x08014c8d   Thumb Code    54  lv_txt.o(.text)
    _lv_txt_get_width                        0x08014cc3   Thumb Code   134  lv_txt.o(.text)
    _lv_txt_get_next_line                    0x08014e71   Thumb Code   210  lv_txt.o(.text)
    _lv_txt_get_size                         0x08014f43   Thumb Code   190  lv_txt.o(.text)
    _lv_txt_ins                              0x08015001   Thumb Code    72  lv_txt.o(.text)
    _lv_txt_cut                              0x08015049   Thumb Code    58  lv_txt.o(.text)
    _lv_txt_set_text_vfmt                    0x08015083   Thumb Code    74  lv_txt.o(.text)
    _lv_utils_num_to_str                     0x08015341   Thumb Code    96  lv_utils.o(.text)
    _lv_utils_bsearch                        0x080153a1   Thumb Code    72  lv_utils.o(.text)
    lv_theme_set_act                         0x080153e9   Thumb Code     6  lv_theme.o(.text)
    lv_theme_get_act                         0x080153ef   Thumb Code     6  lv_theme.o(.text)
    lv_theme_apply                           0x08015551   Thumb Code    24  lv_theme.o(.text)
    lv_theme_copy                            0x08015569   Thumb Code    58  lv_theme.o(.text)
    lv_theme_set_base                        0x080155a3   Thumb Code     4  lv_theme.o(.text)
    lv_theme_set_apply_cb                    0x080155a7   Thumb Code     4  lv_theme.o(.text)
    lv_theme_get_font_small                  0x080155ab   Thumb Code     8  lv_theme.o(.text)
    lv_theme_get_font_normal                 0x080155b3   Thumb Code     8  lv_theme.o(.text)
    lv_theme_get_font_subtitle               0x080155bb   Thumb Code     8  lv_theme.o(.text)
    lv_theme_get_font_title                  0x080155c3   Thumb Code     8  lv_theme.o(.text)
    lv_theme_get_color_primary               0x080155cb   Thumb Code     8  lv_theme.o(.text)
    lv_theme_get_color_secondary             0x080155d3   Thumb Code     8  lv_theme.o(.text)
    lv_theme_get_flags                       0x080155db   Thumb Code     8  lv_theme.o(.text)
    lv_theme_material_init                   0x08019209   Thumb Code   178  lv_theme_material.o(.text)
    lv_bar_set_value                         0x0801960d   Thumb Code    90  lv_bar.o(.text)
    lv_bar_create                            0x08019ca1   Thumb Code   290  lv_bar.o(.text)
    lv_bar_set_start_value                   0x08019dc3   Thumb Code    90  lv_bar.o(.text)
    lv_bar_get_type                          0x08019e1d   Thumb Code    38  lv_bar.o(.text)
    lv_bar_set_range                         0x08019e43   Thumb Code   120  lv_bar.o(.text)
    lv_bar_set_type                          0x08019ebb   Thumb Code   114  lv_bar.o(.text)
    lv_bar_set_anim_time                     0x08019f2d   Thumb Code    36  lv_bar.o(.text)
    lv_bar_get_value                         0x08019f51   Thumb Code    50  lv_bar.o(.text)
    lv_bar_get_start_value                   0x08019f83   Thumb Code    68  lv_bar.o(.text)
    lv_bar_get_min_value                     0x08019fc7   Thumb Code    36  lv_bar.o(.text)
    lv_bar_get_max_value                     0x08019feb   Thumb Code    36  lv_bar.o(.text)
    lv_bar_get_anim_time                     0x0801a00f   Thumb Code    34  lv_bar.o(.text)
    lv_label_get_text                        0x0801a0dd   Thumb Code    32  lv_label.o(.text)
    lv_label_get_align                       0x0801a0fd   Thumb Code    42  lv_label.o(.text)
    lv_label_get_letter_on                   0x0801a173   Thumb Code   536  lv_label.o(.text)
    lv_label_refr_text                       0x0801a3b7   Thumb Code  1118  lv_label.o(.text)
    lv_label_set_text_static                 0x0801a815   Thumb Code    74  lv_label.o(.text)
    lv_label_set_text                        0x0801a85f   Thumb Code   246  lv_label.o(.text)
    lv_label_set_align                       0x0801a955   Thumb Code    60  lv_label.o(.text)
    lv_label_get_recolor                     0x0801a991   Thumb Code    38  lv_label.o(.text)
    lv_label_set_recolor                     0x0801a9b7   Thumb Code    58  lv_label.o(.text)
    lv_label_get_long_mode                   0x0801a9f1   Thumb Code    38  lv_label.o(.text)
    lv_label_set_long_mode                   0x0801aa7f   Thumb Code   144  lv_label.o(.text)
    lv_label_get_style                       0x0801ab0f   Thumb Code    10  lv_label.o(.text)
    lv_label_get_text_sel_end                0x0801abc3   Thumb Code    30  lv_label.o(.text)
    lv_label_get_text_sel_start              0x0801abe1   Thumb Code    30  lv_label.o(.text)
    lv_label_create                          0x0801adf7   Thumb Code   446  lv_label.o(.text)
    lv_label_set_text_fmt                    0x0801afb5   Thumb Code   114  lv_label.o(.text)
    lv_label_set_anim_speed                  0x0801b027   Thumb Code    66  lv_label.o(.text)
    lv_label_set_text_sel_start              0x0801b069   Thumb Code    28  lv_label.o(.text)
    lv_label_set_text_sel_end                0x0801b085   Thumb Code    28  lv_label.o(.text)
    lv_label_get_anim_speed                  0x0801b0a1   Thumb Code    34  lv_label.o(.text)
    lv_label_get_letter_pos                  0x0801b0c3   Thumb Code   504  lv_label.o(.text)
    lv_label_is_char_under_pos               0x0801b2bb   Thumb Code   462  lv_label.o(.text)
    lv_label_ins_text                        0x0801b489   Thumb Code   164  lv_label.o(.text)
    lv_label_cut_text                        0x0801b52d   Thumb Code    70  lv_label.o(.text)
    lv_slider_get_value                      0x0801b77d   Thumb Code    32  lv_slider.o(.text)
    lv_slider_create                         0x0801bc3f   Thumb Code   254  lv_slider.o(.text)
    lv_slider_is_dragged                     0x0801bd3d   Thumb Code    40  lv_slider.o(.text)
    lv_switch_off                            0x0801bf03   Thumb Code    58  lv_switch.o(.text)
    lv_switch_on                             0x0801bf3d   Thumb Code    58  lv_switch.o(.text)
    lv_switch_create                         0x0801c0fd   Thumb Code   378  lv_switch.o(.text)
    lv_switch_toggle                         0x0801c277   Thumb Code    56  lv_switch.o(.text)
    __use_no_semihosting                     0x0801c2d5   Thumb Code     2  use_no_semi_2.o(.text)
    __aeabi_uldivmod                         0x0801c2d7   Thumb Code     0  lludivv7m.o(.text)
    _ll_udiv                                 0x0801c2d7   Thumb Code   238  lludivv7m.o(.text)
    __2printf                                0x0801c3c5   Thumb Code    20  noretval__2printf.o(.text)
    _printf_str                              0x0801c3dd   Thumb Code    82  _printf_str.o(.text)
    _printf_int_dec                          0x0801c431   Thumb Code   104  _printf_dec.o(.text)
    _printf_int_hex                          0x0801c4a9   Thumb Code    84  _printf_hex_int.o(.text)
    _printf_longlong_hex                     0x0801c4a9   Thumb Code     0  _printf_hex_int.o(.text)
    __printf                                 0x0801c501   Thumb Code   270  __printf_wp.o(.text)
    memcmp                                   0x0801c60f   Thumb Code    88  memcmp.o(.text)
    strcpy                                   0x0801c667   Thumb Code    72  strcpy.o(.text)
    strlen                                   0x0801c6af   Thumb Code    62  strlen.o(.text)
    __aeabi_memcpy4                          0x0801c6ed   Thumb Code     0  rt_memcpy_w.o(.text)
    __aeabi_memcpy8                          0x0801c6ed   Thumb Code     0  rt_memcpy_w.o(.text)
    __rt_memcpy_w                            0x0801c6ed   Thumb Code   100  rt_memcpy_w.o(.text)
    _memcpy_lastbytes_aligned                0x0801c735   Thumb Code     0  rt_memcpy_w.o(.text)
    strcmp                                   0x0801c751   Thumb Code   128  strcmpv7m.o(.text)
    __use_two_region_memory                  0x0801c7d1   Thumb Code     2  heapauxi.o(.text)
    __rt_heap_escrow$2region                 0x0801c7d3   Thumb Code     2  heapauxi.o(.text)
    __rt_heap_expand$2region                 0x0801c7d5   Thumb Code     2  heapauxi.o(.text)
    __I$use$semihosting                      0x0801c7d7   Thumb Code     0  use_no_semi.o(.text)
    __use_no_semihosting_swi                 0x0801c7d7   Thumb Code     2  use_no_semi.o(.text)
    _printf_int_common                       0x0801c7d9   Thumb Code   178  _printf_intcommon.o(.text)
    _printf_char_common                      0x0801c897   Thumb Code    32  _printf_char_common.o(.text)
    _printf_cs_common                        0x0801c8bd   Thumb Code    20  _printf_char.o(.text)
    _printf_char                             0x0801c8d1   Thumb Code    16  _printf_char.o(.text)
    _printf_string                           0x0801c8e1   Thumb Code     8  _printf_char.o(.text)
    _printf_char_file                        0x0801c8e9   Thumb Code    32  _printf_char_file.o(.text)
    ferror                                   0x0801c90d   Thumb Code     8  ferror.o(.text)
    __user_setup_stackheap                   0x0801c915   Thumb Code    74  sys_stackheap_outer.o(.text)
    exit                                     0x0801c95f   Thumb Code    18  exit.o(.text)
    __user_libspace                          0x0801c971   Thumb Code     8  libspace.o(.text)
    __user_perproc_libspace                  0x0801c971   Thumb Code     0  libspace.o(.text)
    __user_perthread_libspace                0x0801c971   Thumb Code     0  libspace.o(.text)
    _is_digit                                0x0801c979   Thumb Code    14  __printf_wp.o(i._is_digit)
    __aeabi_f2uiz                            0x0801c989   Thumb Code     0  ffixu.o(x$fpl$ffixu)
    _ffixu                                   0x0801c989   Thumb Code    62  ffixu.o(x$fpl$ffixu)
    __aeabi_fmul                             0x0801c9c9   Thumb Code     0  fmul.o(x$fpl$fmul)
    _fmul                                    0x0801c9c9   Thumb Code   258  fmul.o(x$fpl$fmul)
    __fpl_fnaninf                            0x0801cacb   Thumb Code   140  fnaninf.o(x$fpl$fnaninf)
    __fpl_fretinf                            0x0801cb57   Thumb Code    10  fretinf.o(x$fpl$fretinf)
    __I$use$fp                               0x0801cb60   Number         0  usenofp.o(x$fpl$usenofp)
    ascii_1206                               0x0801cb60   Data        1140  lcdfont.o(.constdata)
    ascii_1608                               0x0801cfd4   Data        1520  lcdfont.o(.constdata)
    ascii_2412                               0x0801d5c4   Data        4560  lcdfont.o(.constdata)
    ascii_3216                               0x0801e794   Data        6080  lcdfont.o(.constdata)
    tfont12                                  0x0801ff54   Data         130  lcdfont.o(.constdata)
    tfont16                                  0x0801ffd6   Data         170  lcdfont.o(.constdata)
    tfont24                                  0x08020080   Data         370  lcdfont.o(.constdata)
    tfont32                                  0x080201f2   Data         650  lcdfont.o(.constdata)
    TPX                                      0x0802047c   Data          10  gt9xx.o(.constdata)
    POINT_COLOR_TBL                          0x08020486   Data          10  gt9xx.o(.constdata)
    _lv_bpp1_opa_table                       0x080204a4   Data           2  lv_draw_label.o(.constdata)
    _lv_bpp2_opa_table                       0x080204aa   Data           4  lv_draw_label.o(.constdata)
    _lv_bpp4_opa_table                       0x080204ae   Data          16  lv_draw_label.o(.constdata)
    _lv_bpp8_opa_table                       0x080204be   Data         256  lv_draw_label.o(.constdata)
    lv_anim_path_def                         0x080239f0   Data           8  lv_anim.o(.constdata)
    Region$$Table$$Base                      0x08023b88   Number         0  anon$$obj.o(Region$$Table)
    Region$$Table$$Limit                     0x08023ba8   Number         0  anon$$obj.o(Region$$Table)
    SystemCoreClock                          0x20000000   Data           4  system_stm32f10x.o(.data)
    AHBPrescTable                            0x20000004   Data          16  system_stm32f10x.o(.data)
    esp8266_cnt                              0x20000014   Data           2  wifi.o(.data)
    esp8266_cntPre                           0x20000016   Data           2  wifi.o(.data)
    __stdout                                 0x20000020   Data           4  usart.o(.data)
    indev_touchpad                           0x2000003c   Data           4  lv_port_indev.o(.data)
    lv_font_montserrat_14                    0x200000a8   Data          20  lv_font_montserrat_14.o(.data)
    _lv_img_cache_array                      0x200000d4   Data           4  lv_gc.o(.data)
    _lv_task_act                             0x200000d8   Data           4  lv_gc.o(.data)
    _lv_theme_material_styles                0x200000dc   Data           4  lv_gc.o(.data)
    _lv_theme_template_styles                0x200000e0   Data           4  lv_gc.o(.data)
    _lv_theme_mono_styles                    0x200000e4   Data           4  lv_gc.o(.data)
    _lv_theme_empty_styles                   0x200000e8   Data           4  lv_gc.o(.data)
    _lv_font_decompr_buf                     0x200000ec   Data           4  lv_gc.o(.data)
    _lv_txt_encoded_size                     0x20000120   Data           4  lv_txt.o(.data)
    _lv_txt_encoded_next                     0x20000124   Data           4  lv_txt.o(.data)
    _lv_txt_encoded_get_byte_id              0x20000128   Data           4  lv_txt.o(.data)
    _lv_txt_encoded_prev                     0x2000012c   Data           4  lv_txt.o(.data)
    _lv_txt_encoded_get_char_id              0x20000130   Data           4  lv_txt.o(.data)
    _lv_txt_get_encoded_length               0x20000134   Data           4  lv_txt.o(.data)
    esp8266_buf                              0x2000015c   Data         512  wifi.o(.bss)
    TouchInfo                                0x2000035c   Data          24  gt9xx.o(.bss)
    _lv_task_ll                              0x20001d98   Data          12  lv_gc.o(.bss)
    _lv_disp_ll                              0x20001da4   Data          12  lv_gc.o(.bss)
    _lv_indev_ll                             0x20001db0   Data          12  lv_gc.o(.bss)
    _lv_drv_ll                               0x20001dbc   Data          12  lv_gc.o(.bss)
    _lv_file_ll                              0x20001dc8   Data          12  lv_gc.o(.bss)
    _lv_anim_ll                              0x20001dd4   Data          12  lv_gc.o(.bss)
    _lv_group_ll                             0x20001de0   Data          12  lv_gc.o(.bss)
    _lv_img_defoder_ll                       0x20001dec   Data          12  lv_gc.o(.bss)
    _lv_obj_style_trans_ll                   0x20001df8   Data          12  lv_gc.o(.bss)
    _lv_mem_buf                              0x20001e04   Data         128  lv_gc.o(.bss)
    _lv_draw_mask_list                       0x20001e84   Data         128  lv_gc.o(.bss)
    __libspace_start                         0x20009f4c   Data          96  libspace.o(.bss)
    __temporary_stack_top$libspace           0x20009fac   Data           0  libspace.o(.bss)



==============================================================================

Memory Map of the image

  Image Entry point : 0x08000131

  Load Region LR_IROM1 (Base: 0x08000000, Size: 0x00023d04, Max: 0x00080000, ABSOLUTE, COMPRESSED[0x00023c14])

    Execution Region ER_IROM1 (Exec base: 0x08000000, Load base: 0x08000000, Size: 0x00023ba8, Max: 0x00080000, ABSOLUTE)

    Exec Addr    Load Addr    Size         Type   Attr      Idx    E Section Name        Object

    0x08000000   0x08000000   0x00000130   Data   RO          729    RESET               startup_stm32f10x_hd.o
    0x08000130   0x08000130   0x00000008   Code   RO         5734  * !!!main             c_w.l(__main.o)
    0x08000138   0x08000138   0x00000034   Code   RO         5931    !!!scatter          c_w.l(__scatter.o)
    0x0800016c   0x0800016c   0x0000005a   Code   RO         5929    !!dczerorl2         c_w.l(__dczerorl2.o)
    0x080001c6   0x080001c6   0x00000002   PAD
    0x080001c8   0x080001c8   0x0000001c   Code   RO         5933    !!handler_zi        c_w.l(__scatter_zi.o)
    0x080001e4   0x080001e4   0x00000000   Code   RO         5707    .ARM.Collect$$_printf_percent$$00000000  c_w.l(_printf_percent.o)
    0x080001e4   0x080001e4   0x00000006   Code   RO         5706    .ARM.Collect$$_printf_percent$$00000009  c_w.l(_printf_d.o)
    0x080001ea   0x080001ea   0x00000006   Code   RO         5705    .ARM.Collect$$_printf_percent$$0000000C  c_w.l(_printf_x.o)
    0x080001f0   0x080001f0   0x00000006   Code   RO         5704    .ARM.Collect$$_printf_percent$$00000014  c_w.l(_printf_s.o)
    0x080001f6   0x080001f6   0x00000004   Code   RO         5759    .ARM.Collect$$_printf_percent$$00000017  c_w.l(_printf_percent_end.o)
    0x080001fa   0x080001fa   0x00000002   Code   RO         5801    .ARM.Collect$$libinit$$00000000  c_w.l(libinit.o)
    0x080001fc   0x080001fc   0x00000000   Code   RO         5814    .ARM.Collect$$libinit$$00000002  c_w.l(libinit2.o)
    0x080001fc   0x080001fc   0x00000000   Code   RO         5816    .ARM.Collect$$libinit$$00000004  c_w.l(libinit2.o)
    0x080001fc   0x080001fc   0x00000000   Code   RO         5819    .ARM.Collect$$libinit$$0000000A  c_w.l(libinit2.o)
    0x080001fc   0x080001fc   0x00000000   Code   RO         5821    .ARM.Collect$$libinit$$0000000C  c_w.l(libinit2.o)
    0x080001fc   0x080001fc   0x00000000   Code   RO         5823    .ARM.Collect$$libinit$$0000000E  c_w.l(libinit2.o)
    0x080001fc   0x080001fc   0x00000000   Code   RO         5826    .ARM.Collect$$libinit$$00000011  c_w.l(libinit2.o)
    0x080001fc   0x080001fc   0x00000000   Code   RO         5828    .ARM.Collect$$libinit$$00000013  c_w.l(libinit2.o)
    0x080001fc   0x080001fc   0x00000000   Code   RO         5830    .ARM.Collect$$libinit$$00000015  c_w.l(libinit2.o)
    0x080001fc   0x080001fc   0x00000000   Code   RO         5832    .ARM.Collect$$libinit$$00000017  c_w.l(libinit2.o)
    0x080001fc   0x080001fc   0x00000000   Code   RO         5834    .ARM.Collect$$libinit$$00000019  c_w.l(libinit2.o)
    0x080001fc   0x080001fc   0x00000000   Code   RO         5836    .ARM.Collect$$libinit$$0000001B  c_w.l(libinit2.o)
    0x080001fc   0x080001fc   0x00000000   Code   RO         5838    .ARM.Collect$$libinit$$0000001D  c_w.l(libinit2.o)
    0x080001fc   0x080001fc   0x00000000   Code   RO         5840    .ARM.Collect$$libinit$$0000001F  c_w.l(libinit2.o)
    0x080001fc   0x080001fc   0x00000000   Code   RO         5842    .ARM.Collect$$libinit$$00000021  c_w.l(libinit2.o)
    0x080001fc   0x080001fc   0x00000000   Code   RO         5844    .ARM.Collect$$libinit$$00000023  c_w.l(libinit2.o)
    0x080001fc   0x080001fc   0x00000000   Code   RO         5846    .ARM.Collect$$libinit$$00000025  c_w.l(libinit2.o)
    0x080001fc   0x080001fc   0x00000000   Code   RO         5850    .ARM.Collect$$libinit$$0000002C  c_w.l(libinit2.o)
    0x080001fc   0x080001fc   0x00000000   Code   RO         5852    .ARM.Collect$$libinit$$0000002E  c_w.l(libinit2.o)
    0x080001fc   0x080001fc   0x00000000   Code   RO         5854    .ARM.Collect$$libinit$$00000030  c_w.l(libinit2.o)
    0x080001fc   0x080001fc   0x00000000   Code   RO         5856    .ARM.Collect$$libinit$$00000032  c_w.l(libinit2.o)
    0x080001fc   0x080001fc   0x00000002   Code   RO         5857    .ARM.Collect$$libinit$$00000033  c_w.l(libinit2.o)
    0x080001fe   0x080001fe   0x00000002   Code   RO         5883    .ARM.Collect$$libshutdown$$00000000  c_w.l(libshutdown.o)
    0x08000200   0x08000200   0x00000000   Code   RO         5910    .ARM.Collect$$libshutdown$$00000002  c_w.l(libshutdown2.o)
    0x08000200   0x08000200   0x00000000   Code   RO         5912    .ARM.Collect$$libshutdown$$00000004  c_w.l(libshutdown2.o)
    0x08000200   0x08000200   0x00000000   Code   RO         5914    .ARM.Collect$$libshutdown$$00000006  c_w.l(libshutdown2.o)
    0x08000200   0x08000200   0x00000000   Code   RO         5917    .ARM.Collect$$libshutdown$$00000009  c_w.l(libshutdown2.o)
    0x08000200   0x08000200   0x00000000   Code   RO         5920    .ARM.Collect$$libshutdown$$0000000C  c_w.l(libshutdown2.o)
    0x08000200   0x08000200   0x00000000   Code   RO         5922    .ARM.Collect$$libshutdown$$0000000E  c_w.l(libshutdown2.o)
    0x08000200   0x08000200   0x00000000   Code   RO         5925    .ARM.Collect$$libshutdown$$00000011  c_w.l(libshutdown2.o)
    0x08000200   0x08000200   0x00000002   Code   RO         5926    .ARM.Collect$$libshutdown$$00000012  c_w.l(libshutdown2.o)
    0x08000202   0x08000202   0x00000000   Code   RO         5744    .ARM.Collect$$rtentry$$00000000  c_w.l(__rtentry.o)
    0x08000202   0x08000202   0x00000000   Code   RO         5766    .ARM.Collect$$rtentry$$00000002  c_w.l(__rtentry2.o)
    0x08000202   0x08000202   0x00000006   Code   RO         5778    .ARM.Collect$$rtentry$$00000004  c_w.l(__rtentry4.o)
    0x08000208   0x08000208   0x00000000   Code   RO         5768    .ARM.Collect$$rtentry$$00000009  c_w.l(__rtentry2.o)
    0x08000208   0x08000208   0x00000004   Code   RO         5769    .ARM.Collect$$rtentry$$0000000A  c_w.l(__rtentry2.o)
    0x0800020c   0x0800020c   0x00000000   Code   RO         5771    .ARM.Collect$$rtentry$$0000000C  c_w.l(__rtentry2.o)
    0x0800020c   0x0800020c   0x00000008   Code   RO         5772    .ARM.Collect$$rtentry$$0000000D  c_w.l(__rtentry2.o)
    0x08000214   0x08000214   0x00000002   Code   RO         5805    .ARM.Collect$$rtexit$$00000000  c_w.l(rtexit.o)
    0x08000216   0x08000216   0x00000000   Code   RO         5859    .ARM.Collect$$rtexit$$00000002  c_w.l(rtexit2.o)
    0x08000216   0x08000216   0x00000004   Code   RO         5860    .ARM.Collect$$rtexit$$00000003  c_w.l(rtexit2.o)
    0x0800021a   0x0800021a   0x00000006   Code   RO         5861    .ARM.Collect$$rtexit$$00000004  c_w.l(rtexit2.o)
    0x08000220   0x08000220   0x00000128   Code   RO            1    .text               main.o
    0x08000348   0x08000348   0x00000012   Code   RO          431    .text               stm32f10x_it.o
    0x0800035a   0x0800035a   0x00000002   PAD
    0x0800035c   0x0800035c   0x00000158   Code   RO          472    .text               system_stm32f10x.o
    0x080004b4   0x080004b4   0x00000050   Code   RO          490    .text               led.o
    0x08000504   0x08000504   0x00000084   Code   RO          524    .text               timer.o
    0x08000588   0x08000588   0x00000974   Code   RO          536    .text               lcd.o
    0x08000efc   0x08000efc   0x00000348   Code   RO          549    .text               lcd_init.o
    0x08001244   0x08001244   0x000000a4   Code   RO          562    .text               spi.o
    0x080012e8   0x080012e8   0x00000254   Code   RO          629    .text               my_iic.o
    0x0800153c   0x0800153c   0x00000630   Code   RO          642    .text               gt9xx.o
    0x08001b6c   0x08001b6c   0x00000098   Code   RO          663    .text               delay.o
    0x08001c04   0x08001c04   0x00000054   Code   RO          678    .text               sys.o
    0x08001c58   0x08001c58   0x000001d4   Code   RO          694    .text               usart.o
    0x08001e2c   0x08001e2c   0x00000040   Code   RO          730    .text               startup_stm32f10x_hd.o
    0x08001e6c   0x08001e6c   0x000000b0   Code   RO          734    .text               misc.o
    0x08001f1c   0x08001f1c   0x00000264   Code   RO          746    .text               stm32f10x_gpio.o
    0x08002180   0x08002180   0x000002b8   Code   RO          758    .text               stm32f10x_rcc.o
    0x08002438   0x08002438   0x00000af0   Code   RO          772    .text               stm32f10x_tim.o
    0x08002f28   0x08002f28   0x00000328   Code   RO          785    .text               stm32f10x_usart.o
    0x08003250   0x08003250   0x00000274   Code   RO          797    .text               stm32f10x_spi.o
    0x080034c4   0x080034c4   0x000000e8   Code   RO          821    .text               stm32f10x_exti.o
    0x080035ac   0x080035ac   0x00000088   Code   RO          833    .text               lv_port_disp.o
    0x08003634   0x08003634   0x00000060   Code   RO          860    .text               lv_port_indev.o
    0x08003694   0x08003694   0x0000041c   Code   RO          888    .text               lv_disp.o
    0x08003ab0   0x08003ab0   0x0000048e   Code   RO         1020    .text               lv_group.o
    0x08003f3e   0x08003f3e   0x00000002   PAD
    0x08003f40   0x08003f40   0x000013e0   Code   RO         1134    .text               lv_indev.o
    0x08005320   0x08005320   0x000040c8   Code   RO         1172    .text               lv_obj.o
    0x080093e8   0x080093e8   0x00000c98   Code   RO         1270    .text               lv_refr.o
    0x0800a080   0x0800a080   0x000009fa   Code   RO         1323    .text               lv_style.o
    0x0800aa7a   0x0800aa7a   0x00000002   PAD
    0x0800aa7c   0x0800aa7c   0x00000e28   Code   RO         1423    .text               lv_draw_blend.o
    0x0800b8a4   0x0800b8a4   0x00000948   Code   RO         1532    .text               lv_draw_img.o
    0x0800c1ec   0x0800c1ec   0x00000c58   Code   RO         1605    .text               lv_draw_label.o
    0x0800ce44   0x0800ce44   0x00000918   Code   RO         1682    .text               lv_draw_line.o
    0x0800d75c   0x0800d75c   0x00000f4c   Code   RO         1754    .text               lv_draw_mask.o
    0x0800e6a8   0x0800e6a8   0x00001e80   Code   RO         1797    .text               lv_draw_rect.o
    0x08010528   0x08010528   0x00000b0c   Code   RO         1885    .text               lv_img_buf.o
    0x08011034   0x08011034   0x000001e0   Code   RO         1919    .text               lv_img_cache.o
    0x08011214   0x08011214   0x0000083c   Code   RO         1958    .text               lv_img_decoder.o
    0x08011a50   0x08011a50   0x00000024   Code   RO         2010    .text               lv_font.o
    0x08011a74   0x08011a74   0x00000594   Code   RO         2315    .text               lv_font_fmt_txt.o
    0x08012008   0x08012008   0x000003a4   Code   RO         2568    .text               lv_hal_disp.o
    0x080123ac   0x080123ac   0x00000108   Code   RO         2713    .text               lv_hal_indev.o
    0x080124b4   0x080124b4   0x00000030   Code   RO         2813    .text               lv_hal_tick.o
    0x080124e4   0x080124e4   0x000004a8   Code   RO         2834    .text               lv_anim.o
    0x0801298c   0x0801298c   0x00000528   Code   RO         2909    .text               lv_area.o
    0x08012eb4   0x08012eb4   0x00000050   Code   RO         2929    .text               lv_async.o
    0x08012f04   0x08012f04   0x000002f0   Code   RO         2974    .text               lv_color.o
    0x080131f4   0x080131f4   0x000000bc   Code   RO         2990    .text               lv_debug.o
    0x080132b0   0x080132b0   0x000004d0   Code   RO         3006    .text               lv_fs.o
    0x08013780   0x08013780   0x000000c0   Code   RO         3032    .text               lv_gc.o
    0x08013840   0x08013840   0x000002d4   Code   RO         3054    .text               lv_ll.o
    0x08013b14   0x08013b14   0x000001ac   Code   RO         3073    .text               lv_math.o
    0x08013cc0   0x08013cc0   0x00000670   Code   RO         3093    .text               lv_mem.o
    0x08014330   0x08014330   0x0000064c   Code   RO         3112    .text               lv_printf.o
    0x0801497c   0x0801497c   0x00000310   Code   RO         3124    .text               lv_task.o
    0x08014c8c   0x08014c8c   0x000006b4   Code   RO         3144    .text               lv_txt.o
    0x08015340   0x08015340   0x000000a8   Code   RO         3243    .text               lv_utils.o
    0x080153e8   0x080153e8   0x00000200   Code   RO         3258    .text               lv_theme.o
    0x080155e8   0x080155e8   0x00003f80   Code   RO         3551    .text               lv_theme_material.o
    0x08019568   0x08019568   0x00000b26   Code   RO         4012    .text               lv_bar.o
    0x0801a08e   0x0801a08e   0x00000002   PAD
    0x0801a090   0x0801a090   0x00001554   Code   RO         4871    .text               lv_label.o
    0x0801b5e4   0x0801b5e4   0x00000800   Code   RO         5290    .text               lv_slider.o
    0x0801bde4   0x0801bde4   0x000004f0   Code   RO         5394    .text               lv_switch.o
    0x0801c2d4   0x0801c2d4   0x00000002   Code   RO         5645    .text               c_w.l(use_no_semi_2.o)
    0x0801c2d6   0x0801c2d6   0x000000ee   Code   RO         5647    .text               c_w.l(lludivv7m.o)
    0x0801c3c4   0x0801c3c4   0x00000018   Code   RO         5653    .text               c_w.l(noretval__2printf.o)
    0x0801c3dc   0x0801c3dc   0x00000052   Code   RO         5659    .text               c_w.l(_printf_str.o)
    0x0801c42e   0x0801c42e   0x00000002   PAD
    0x0801c430   0x0801c430   0x00000078   Code   RO         5661    .text               c_w.l(_printf_dec.o)
    0x0801c4a8   0x0801c4a8   0x00000058   Code   RO         5666    .text               c_w.l(_printf_hex_int.o)
    0x0801c500   0x0801c500   0x0000010e   Code   RO         5692    .text               c_w.l(__printf_wp.o)
    0x0801c60e   0x0801c60e   0x00000058   Code   RO         5712    .text               c_w.l(memcmp.o)
    0x0801c666   0x0801c666   0x00000048   Code   RO         5714    .text               c_w.l(strcpy.o)
    0x0801c6ae   0x0801c6ae   0x0000003e   Code   RO         5716    .text               c_w.l(strlen.o)
    0x0801c6ec   0x0801c6ec   0x00000064   Code   RO         5722    .text               c_w.l(rt_memcpy_w.o)
    0x0801c750   0x0801c750   0x00000080   Code   RO         5730    .text               c_w.l(strcmpv7m.o)
    0x0801c7d0   0x0801c7d0   0x00000006   Code   RO         5732    .text               c_w.l(heapauxi.o)
    0x0801c7d6   0x0801c7d6   0x00000002   Code   RO         5742    .text               c_w.l(use_no_semi.o)
    0x0801c7d8   0x0801c7d8   0x000000b2   Code   RO         5749    .text               c_w.l(_printf_intcommon.o)
    0x0801c88a   0x0801c88a   0x00000002   PAD
    0x0801c88c   0x0801c88c   0x00000030   Code   RO         5751    .text               c_w.l(_printf_char_common.o)
    0x0801c8bc   0x0801c8bc   0x0000002c   Code   RO         5755    .text               c_w.l(_printf_char.o)
    0x0801c8e8   0x0801c8e8   0x00000024   Code   RO         5757    .text               c_w.l(_printf_char_file.o)
    0x0801c90c   0x0801c90c   0x00000008   Code   RO         5784    .text               c_w.l(ferror.o)
    0x0801c914   0x0801c914   0x0000004a   Code   RO         5788    .text               c_w.l(sys_stackheap_outer.o)
    0x0801c95e   0x0801c95e   0x00000012   Code   RO         5790    .text               c_w.l(exit.o)
    0x0801c970   0x0801c970   0x00000008   Code   RO         5802    .text               c_w.l(libspace.o)
    0x0801c978   0x0801c978   0x0000000e   Code   RO         5694    i._is_digit         c_w.l(__printf_wp.o)
    0x0801c986   0x0801c986   0x00000002   PAD
    0x0801c988   0x0801c988   0x0000003e   Code   RO         5736    x$fpl$ffixu         fz_ws.l(ffixu.o)
    0x0801c9c6   0x0801c9c6   0x00000002   PAD
    0x0801c9c8   0x0801c9c8   0x00000102   Code   RO         5740    x$fpl$fmul          fz_ws.l(fmul.o)
    0x0801caca   0x0801caca   0x0000008c   Code   RO         5760    x$fpl$fnaninf       fz_ws.l(fnaninf.o)
    0x0801cb56   0x0801cb56   0x0000000a   Code   RO         5762    x$fpl$fretinf       fz_ws.l(fretinf.o)
    0x0801cb60   0x0801cb60   0x00000000   Code   RO         5764    x$fpl$usenofp       fz_ws.l(usenofp.o)
    0x0801cb60   0x0801cb60   0x00000474   Data   RO          574    .constdata          lcdfont.o
    0x0801cfd4   0x0801cfd4   0x000005f0   Data   RO          575    .constdata          lcdfont.o
    0x0801d5c4   0x0801d5c4   0x000011d0   Data   RO          576    .constdata          lcdfont.o
    0x0801e794   0x0801e794   0x000017c0   Data   RO          577    .constdata          lcdfont.o
    0x0801ff54   0x0801ff54   0x00000082   Data   RO          578    .constdata          lcdfont.o
    0x0801ffd6   0x0801ffd6   0x000000aa   Data   RO          579    .constdata          lcdfont.o
    0x08020080   0x08020080   0x00000172   Data   RO          580    .constdata          lcdfont.o
    0x080201f2   0x080201f2   0x0000028a   Data   RO          581    .constdata          lcdfont.o
    0x0802047c   0x0802047c   0x00000014   Data   RO          644    .constdata          gt9xx.o
    0x08020490   0x08020490   0x00000002   Data   RO         1173    .constdata          lv_obj.o
    0x08020492   0x08020492   0x00000002   PAD
    0x08020494   0x08020494   0x00000002   Data   RO         1271    .constdata          lv_refr.o
    0x08020496   0x08020496   0x00000002   PAD
    0x08020498   0x08020498   0x0000000a   Data   RO         1533    .constdata          lv_draw_img.o
    0x080204a2   0x080204a2   0x00000002   PAD
    0x080204a4   0x080204a4   0x0000011a   Data   RO         1607    .constdata          lv_draw_label.o
    0x080205be   0x080205be   0x00000021   Data   RO         1683    .constdata          lv_draw_line.o
    0x080205df   0x080205df   0x00000001   PAD
    0x080205e0   0x080205e0   0x00000002   Data   RO         1798    .constdata          lv_draw_rect.o
    0x080205e2   0x080205e2   0x0000219a   Data   RO         2408    .constdata          lv_font_montserrat_14.o
    0x0802277c   0x0802277c   0x000004d8   Data   RO         2409    .constdata          lv_font_montserrat_14.o
    0x08022c54   0x08022c54   0x00000076   Data   RO         2410    .constdata          lv_font_montserrat_14.o
    0x08022cca   0x08022cca   0x00000002   PAD
    0x08022ccc   0x08022ccc   0x00000028   Data   RO         2411    .constdata          lv_font_montserrat_14.o
    0x08022cf4   0x08022cf4   0x0000009b   Data   RO         2412    .constdata          lv_font_montserrat_14.o
    0x08022d8f   0x08022d8f   0x0000009b   Data   RO         2413    .constdata          lv_font_montserrat_14.o
    0x08022e2a   0x08022e2a   0x00000bad   Data   RO         2414    .constdata          lv_font_montserrat_14.o
    0x080239d7   0x080239d7   0x00000001   PAD
    0x080239d8   0x080239d8   0x00000010   Data   RO         2415    .constdata          lv_font_montserrat_14.o
    0x080239e8   0x080239e8   0x00000006   Data   RO         2569    .constdata          lv_hal_disp.o
    0x080239ee   0x080239ee   0x00000002   PAD
    0x080239f0   0x080239f0   0x00000008   Data   RO         2835    .constdata          lv_anim.o
    0x080239f8   0x080239f8   0x00000002   Data   RO         2975    .constdata          lv_color.o
    0x080239fa   0x080239fa   0x00000011   Data   RO         2991    .constdata          lv_debug.o
    0x08023a0b   0x08023a0b   0x00000001   PAD
    0x08023a0c   0x08023a0c   0x000000b6   Data   RO         3074    .constdata          lv_math.o
    0x08023ac2   0x08023ac2   0x00000002   PAD
    0x08023ac4   0x08023ac4   0x00000046   Data   RO         3553    .constdata          lv_theme_material.o
    0x08023b0a   0x08023b0a   0x00000028   Data   RO         5667    .constdata          c_w.l(_printf_hex_int.o)
    0x08023b32   0x08023b32   0x00000002   PAD
    0x08023b34   0x08023b34   0x00000051   Data   RO         3097    .conststring        lv_mem.o
    0x08023b85   0x08023b85   0x00000003   PAD
    0x08023b88   0x08023b88   0x00000020   Data   RO         5927    Region$$Table       anon$$obj.o


    Execution Region RW_IRAM1 (Exec base: 0x20000000, Load base: 0x08023ba8, Size: 0x0000a5b0, Max: 0x00010000, ABSOLUTE, COMPRESSED[0x0000006c])

    Exec Addr    Load Addr    Size         Type   Attr      Idx    E Section Name        Object

    0x20000000   COMPRESSED   0x00000014   Data   RW          473    .data               system_stm32f10x.o
    0x20000014   COMPRESSED   0x00000004   Data   RW          611    .data               wifi.o
    0x20000018   COMPRESSED   0x00000001   Data   RW          645    .data               gt9xx.o
    0x20000019   COMPRESSED   0x00000001   PAD
    0x2000001a   COMPRESSED   0x00000004   Data   RW          664    .data               delay.o
    0x2000001e   COMPRESSED   0x00000002   PAD
    0x20000020   COMPRESSED   0x00000004   Data   RW          695    .data               usart.o
    0x20000024   COMPRESSED   0x00000014   Data   RW          759    .data               stm32f10x_rcc.o
    0x20000038   COMPRESSED   0x00000008   Data   RW          861    .data               lv_port_indev.o
    0x20000040   COMPRESSED   0x00000008   Data   RW         1135    .data               lv_indev.o
    0x20000048   COMPRESSED   0x0000000c   Data   RW         1174    .data               lv_obj.o
    0x20000054   COMPRESSED   0x00000020   Data   RW         1272    .data               lv_refr.o
    0x20000074   COMPRESSED   0x00000008   Data   RW         1609    .data               lv_draw_label.o
    0x2000007c   COMPRESSED   0x00000002   Data   RW         1920    .data               lv_img_cache.o
    0x2000007e   COMPRESSED   0x00000002   PAD
    0x20000080   COMPRESSED   0x0000000c   Data   RW         2316    .data               lv_font_fmt_txt.o
    0x2000008c   COMPRESSED   0x0000001c   Data   RW         2416    .data               lv_font_montserrat_14.o
    0x200000a8   COMPRESSED   0x00000014   Data   RW         2417    .data               lv_font_montserrat_14.o
    0x200000bc   COMPRESSED   0x00000004   Data   RW         2570    .data               lv_hal_disp.o
    0x200000c0   COMPRESSED   0x00000008   Data   RW         2814    .data               lv_hal_tick.o
    0x200000c8   COMPRESSED   0x0000000c   Data   RW         2836    .data               lv_anim.o
    0x200000d4   COMPRESSED   0x0000001c   Data   RW         3034    .data               lv_gc.o
    0x200000f0   COMPRESSED   0x00000020   Data   RW         3098    .data               lv_mem.o
    0x20000110   COMPRESSED   0x00000010   Data   RW         3125    .data               lv_task.o
    0x20000120   COMPRESSED   0x0000000c   Data   RW         3145    .data               lv_txt.o
    0x2000012c   COMPRESSED   0x00000004   Data   RW         3148    .data               lv_txt.o
    0x20000130   COMPRESSED   0x00000004   Data   RW         3149    .data               lv_txt.o
    0x20000134   COMPRESSED   0x00000004   Data   RW         3150    .data               lv_txt.o
    0x20000138   COMPRESSED   0x00000004   Data   RW         3259    .data               lv_theme.o
    0x2000013c   COMPRESSED   0x00000004   Data   RW         3554    .data               lv_theme_material.o
    0x20000140   COMPRESSED   0x00000008   Data   RW         4013    .data               lv_bar.o
    0x20000148   COMPRESSED   0x00000004   Data   RW         4872    .data               lv_label.o
    0x2000014c   COMPRESSED   0x00000008   Data   RW         5291    .data               lv_slider.o
    0x20000154   COMPRESSED   0x00000008   Data   RW         5395    .data               lv_switch.o
    0x2000015c        -       0x00000200   Zero   RW          610    .bss                wifi.o
    0x2000035c        -       0x00000018   Zero   RW          643    .bss                gt9xx.o
    0x20000374        -       0x00001924   Zero   RW          834    .bss                lv_port_disp.o
    0x20001c98        -       0x00000100   Zero   RW         1606    .bss                lv_draw_label.o
    0x20001d98        -       0x0000016c   Zero   RW         3033    .bss                lv_gc.o
    0x20001f04        -       0x00008000   Zero   RW         3094    .bss                lv_mem.o
    0x20009f04        -       0x00000010   Zero   RW         3095    .bss                lv_mem.o
    0x20009f14        -       0x00000010   Zero   RW         3096    .bss                lv_mem.o
    0x20009f24        -       0x00000028   Zero   RW         3552    .bss                lv_theme_material.o
    0x20009f4c        -       0x00000060   Zero   RW         5803    .bss                c_w.l(libspace.o)
    0x20009fac   COMPRESSED   0x00000004   PAD
    0x20009fb0        -       0x00000200   Zero   RW          728    HEAP                startup_stm32f10x_hd.o
    0x2000a1b0        -       0x00000400   Zero   RW          727    STACK               startup_stm32f10x_hd.o


==============================================================================

Image component sizes


      Code (inc. data)   RO Data    RW Data    ZI Data      Debug   Object Name

       152         14          0          4          0       1047   delay.o
      1584        168         20          1         24       6856   gt9xx.o
      2420         38          0          0          0      11859   lcd.o
       840         12          0          0          0       2675   lcd_init.o
         0          0      14620          0          0       1461   lcdfont.o
        80         10          0          0          0        479   led.o
      1192         40          8         12          0      25227   lv_anim.o
         0          0          0          0          0      15842   lv_arc.o
      1320         22          0          0          0       6558   lv_area.o
        80          6          0          0          0       2470   lv_async.o
      2854         84          0          8          0      62638   lv_bar.o
         0          0          0          0          0       1360   lv_bidi.o
         0          0          0          0          0       3785   lv_calendar.o
       752         12          2          0          0       9429   lv_color.o
       188          6         17          0          0       2257   lv_debug.o
      1052         30          0          0          0      67188   lv_disp.o
         0          0          0          0          0       9188   lv_draw_arc.o
      3624         16          0          0          0      43918   lv_draw_blend.o
      2376         50         10          0          0      43004   lv_draw_img.o
      3160         30        282          8        256      37687   lv_draw_label.o
      2328          4         33          0          0      28157   lv_draw_line.o
      3916         74          0          0          0      19866   lv_draw_mask.o
      7808          8          2          0          0      50399   lv_draw_rect.o
        36          0          0          0          0       3315   lv_font.o
         0          0          0          0          0       1780   lv_font_dejavu_16_persian_hebrew.o
      1428         58          0         12          0       9653   lv_font_fmt_txt.o
         0          0      13315         48          0       2152   lv_font_montserrat_14.o
      1232         30          0          0          0      14263   lv_fs.o
       192         10          0         28        364       2896   lv_gc.o
      1166         38          0          0          0      33190   lv_group.o
       932         36          6          4          0      30373   lv_hal_disp.o
       264         24          0          0          0      20591   lv_hal_indev.o
        48          6          0          8          0       1454   lv_hal_tick.o
      2828         32          0          0          0      20781   lv_img_buf.o
       480         30          0          2          0       7467   lv_img_cache.o
      2108         50          0          0          0      20451   lv_img_decoder.o
      5088         18          0          8          0      22758   lv_indev.o
      5460        144          0          4          0      58820   lv_label.o
       724          0          0          0          0       5537   lv_ll.o
       428          4        182          0          0       3559   lv_math.o
      1648         70         81         32      32800       8453   lv_mem.o
         0          0          0          0          0      10604   lv_msgbox.o
     16584        224          2         12          0     131451   lv_obj.o
       136         10          0          0       6436       1952   lv_port_disp.o
        96         12          0          8          0       1646   lv_port_indev.o
      1612         10          0          0          0       9163   lv_printf.o
      3224         44          2         32          0      48228   lv_refr.o
      2048         62          0          8          0      35914   lv_slider.o
      2554         16          0          0          0      28047   lv_style.o
      1264         74          0          8          0      33807   lv_switch.o
       784         28          0         16          0       5508   lv_task.o
       512         48          0          4          0      35287   lv_theme.o
     16256        408         70          4         40      64305   lv_theme_material.o
      1716         34          0         24          0      12635   lv_txt.o
       168          0          0          0          0       1481   lv_utils.o
       296         88          0          0          0     300802   main.o
       176         14          0          0          0       1857   misc.o
       596          6          0          0          0       3241   my_iic.o
       164         10          0          0          0        604   spi.o
        64         26        304          0       1536        776   startup_stm32f10x_hd.o
       232          8          0          0          0       2367   stm32f10x_exti.o
       612         36          0          0          0       5989   stm32f10x_gpio.o
        18          0          0          0          0       1138   stm32f10x_it.o
       696         32          0         20          0       8948   stm32f10x_rcc.o
       628         14          0          0          0       7006   stm32f10x_spi.o
      2800         84          0          0          0      23922   stm32f10x_tim.o
       808         22          0          0          0       8852   stm32f10x_usart.o
        84         10          0          0          0        813   sys.o
       344         34          0         20          0       1719   system_stm32f10x.o
       132          6          0          0          0        808   timer.o
       468         26          0          4          0       3842   usart.o
         0          0          0          4        512        761   wifi.o

    ----------------------------------------------------------------------
    114868       2560      29006        348      41968    1514316   Object Totals
         0          0         32          0          0          0   (incl. Generated)
         8          0         18          5          0          0   (incl. Padding)

    ----------------------------------------------------------------------

      Code (inc. data)   RO Data    RW Data    ZI Data      Debug   Library Member Name

        90          0          0          0          0          0   __dczerorl2.o
         8          0          0          0          0         68   __main.o
       284          0          0          0          0        156   __printf_wp.o
         0          0          0          0          0          0   __rtentry.o
        12          0          0          0          0          0   __rtentry2.o
         6          0          0          0          0          0   __rtentry4.o
        52          8          0          0          0          0   __scatter.o
        28          0          0          0          0          0   __scatter_zi.o
        44          0          0          0          0        108   _printf_char.o
        48          6          0          0          0         96   _printf_char_common.o
        36          4          0          0          0         80   _printf_char_file.o
         6          0          0          0          0          0   _printf_d.o
       120         16          0          0          0         92   _printf_dec.o
        88          4         40          0          0         88   _printf_hex_int.o
       178          0          0          0          0         88   _printf_intcommon.o
         0          0          0          0          0          0   _printf_percent.o
         4          0          0          0          0          0   _printf_percent_end.o
         6          0          0          0          0          0   _printf_s.o
        82          0          0          0          0         80   _printf_str.o
         6          0          0          0          0          0   _printf_x.o
        18          0          0          0          0         80   exit.o
         8          0          0          0          0         68   ferror.o
         6          0          0          0          0        152   heapauxi.o
         2          0          0          0          0          0   libinit.o
         2          0          0          0          0          0   libinit2.o
         2          0          0          0          0          0   libshutdown.o
         2          0          0          0          0          0   libshutdown2.o
         8          4          0          0         96         68   libspace.o
       238          0          0          0          0        100   lludivv7m.o
        88          0          0          0          0         76   memcmp.o
        24          4          0          0          0         84   noretval__2printf.o
       100          0          0          0          0         80   rt_memcpy_w.o
         2          0          0          0          0          0   rtexit.o
        10          0          0          0          0          0   rtexit2.o
       128          0          0          0          0         68   strcmpv7m.o
        72          0          0          0          0         80   strcpy.o
        62          0          0          0          0         76   strlen.o
        74          0          0          0          0         80   sys_stackheap_outer.o
         2          0          0          0          0         68   use_no_semi.o
         2          0          0          0          0         68   use_no_semi_2.o
        62          4          0          0          0         84   ffixu.o
       258          4          0          0          0         84   fmul.o
       140          4          0          0          0         84   fnaninf.o
        10          0          0          0          0         68   fretinf.o
         0          0          0          0          0          0   usenofp.o

    ----------------------------------------------------------------------
      2428         58         42          0        100       2324   Library Totals
        10          0          2          0          4          0   (incl. Padding)

    ----------------------------------------------------------------------

      Code (inc. data)   RO Data    RW Data    ZI Data      Debug   Library Name

      1948         46         40          0         96       2004   c_w.l
       470         12          0          0          0        320   fz_ws.l

    ----------------------------------------------------------------------
      2428         58         42          0        100       2324   Library Totals

    ----------------------------------------------------------------------

==============================================================================


      Code (inc. data)   RO Data    RW Data    ZI Data      Debug   

    117296       2618      29048        348      42068    1508316   Grand Totals
    117296       2618      29048        108      42068    1508316   ELF Image Totals (compressed)
    117296       2618      29048        108          0          0   ROM Totals

==============================================================================

    Total RO  Size (Code + RO Data)               146344 ( 142.91kB)
    Total RW  Size (RW Data + ZI Data)             42416 (  41.42kB)
    Total ROM Size (Code + RO Data + RW Data)     146452 ( 143.02kB)

==============================================================================

