Component: ARM Compiler 5.06 update 7 (build 960) Tool: armlink [4d3601]

==============================================================================

Section Cross References

    main.o(.text) refers to _printf_percent.o(.ARM.Collect$$_printf_percent$$00000000) for _printf_percent
    main.o(.text) refers to _printf_d.o(.ARM.Collect$$_printf_percent$$00000009) for _printf_d
    main.o(.text) refers to _printf_dec.o(.text) for _printf_int_dec
    main.o(.text) refers to _printf_s.o(.ARM.Collect$$_printf_percent$$00000014) for _printf_s
    main.o(.text) refers to _printf_str.o(.text) for _printf_str
    main.o(.text) refers to delay.o(.text) for delay_init
    main.o(.text) refers to misc.o(.text) for NVIC_PriorityGroupConfig
    main.o(.text) refers to usart.o(.text) for Print_Init
    main.o(.text) refers to led.o(.text) for LED_Init
    main.o(.text) refers to timer.o(.text) for TIM3_Int_Init
    main.o(.text) refers to spi.o(.text) for SPI1_Init
    main.o(.text) refers to lcd_init.o(.text) for LCD_Init
    main.o(.text) refers to noretval__2printf.o(.text) for __2printf
    main.o(.text) refers to lv_slider.o(.text) for lv_slider_get_value
    main.o(.text) refers to lv_roller.o(.text) for lv_roller_get_selected_str
    main.o(.text) refers to lcd.o(.text) for LCD_Fill
    main.o(.text) refers to lv_obj.o(.text) for lv_init
    main.o(.text) refers to lv_port_disp.o(.text) for lv_port_disp_init
    main.o(.text) refers to lv_port_indev.o(.text) for lv_port_indev_init
    main.o(.text) refers to lv_bar.o(.text) for lv_bar_set_range
    main.o(.text) refers to lv_switch.o(.text) for lv_switch_create
    main.o(.text) refers to lv_task.o(.text) for lv_task_handler
    main.o(.text) refers to lv_hal_disp.o(.text) for lv_disp_get_default
    main.o(.text) refers to lv_disp.o(.text) for lv_disp_get_scr_act
    main.o(.text) refers to main.o(.conststring) for .conststring
    system_stm32f10x.o(.text) refers to system_stm32f10x.o(.data) for .data
    lvgl_demo.o(.text) refers to _printf_percent.o(.ARM.Collect$$_printf_percent$$00000000) for _printf_percent
    lvgl_demo.o(.text) refers to _printf_d.o(.ARM.Collect$$_printf_percent$$00000009) for _printf_d
    lvgl_demo.o(.text) refers to _printf_dec.o(.text) for _printf_int_dec
    lvgl_demo.o(.text) refers to noretval__2printf.o(.text) for __2printf
    lvgl_demo.o(.text) refers to tasks.o(.text) for vTaskDelay
    lvgl_demo.o(.text) refers to lv_slider.o(.text) for lv_slider_get_value
    lvgl_demo.o(.text) refers to lv_obj.o(.text) for lv_obj_align
    lvgl_demo.o(.text) refers to lv_bar.o(.text) for lv_bar_set_range
    lvgl_demo.o(.text) refers to lv_switch.o(.text) for lv_switch_create
    lvgl_demo.o(.text) refers to lv_task.o(.text) for lv_task_handler
    lvgl_demo.o(.text) refers to port.o(.text) for vPortEnterCritical
    lvgl_demo.o(.text) refers to lv_port_disp.o(.text) for lv_port_disp_init
    lvgl_demo.o(.text) refers to lv_port_indev.o(.text) for lv_port_indev_init
    lvgl_demo.o(.text) refers to lv_hal_disp.o(.text) for lv_disp_get_default
    lvgl_demo.o(.text) refers to lv_disp.o(.text) for lv_disp_get_scr_act
    lvgl_demo.o(.text) refers to lvgl_demo.o(.data) for .data
    led.o(.text) refers to stm32f10x_rcc.o(.text) for RCC_APB2PeriphClockCmd
    led.o(.text) refers to stm32f10x_gpio.o(.text) for GPIO_Init
    key.o(.text) refers to stm32f10x_rcc.o(.text) for RCC_APB2PeriphClockCmd
    key.o(.text) refers to stm32f10x_gpio.o(.text) for GPIO_Init
    key.o(.text) refers to delay.o(.text) for delay_ms
    key.o(.text) refers to key.o(.data) for .data
    timer.o(.text) refers to stm32f10x_rcc.o(.text) for RCC_APB1PeriphClockCmd
    timer.o(.text) refers to stm32f10x_tim.o(.text) for TIM_TimeBaseInit
    timer.o(.text) refers to misc.o(.text) for NVIC_Init
    timer.o(.text) refers to lv_hal_tick.o(.text) for lv_tick_inc
    lcd.o(.text) refers to lcd_init.o(.text) for LCD_Address_Set
    lcd.o(.text) refers to lcdfont.o(.constdata) for tfont32
    lcd.o(.text) refers to lcdfont.o(.constdata) for tfont24
    lcd.o(.text) refers to lcdfont.o(.constdata) for tfont16
    lcd.o(.text) refers to lcdfont.o(.constdata) for tfont12
    lcd.o(.text) refers to fmul.o(x$fpl$fmul) for __aeabi_fmul
    lcd.o(.text) refers to ffixu.o(x$fpl$ffixu) for __aeabi_f2uiz
    lcd.o(.text) refers to lcdfont.o(.constdata) for ascii_3216
    lcd.o(.text) refers to lcdfont.o(.constdata) for ascii_1206
    lcd.o(.text) refers to lcdfont.o(.constdata) for ascii_1608
    lcd.o(.text) refers to lcdfont.o(.constdata) for ascii_2412
    lcd_init.o(.text) refers to stm32f10x_rcc.o(.text) for RCC_APB2PeriphClockCmd
    lcd_init.o(.text) refers to spi.o(.text) for SPI1_Init
    lcd_init.o(.text) refers to stm32f10x_gpio.o(.text) for GPIO_Init
    lcd_init.o(.text) refers to stm32f10x_spi.o(.text) for SPI_I2S_GetFlagStatus
    lcd_init.o(.text) refers to delay.o(.text) for delay_ms
    lcd_init.o(.text) refers to gt9xx.o(.text) for gt9xx_INT_In
[...]
    lv_obj_get_ext_attr                      0x08009149   Thumb Code    32  lv_obj.o(.text)
    lv_obj_get_type                          0x08009169   Thumb Code   122  lv_obj.o(.text)
    lv_obj_is_point_on_coords                0x080091e3   Thumb Code    60  lv_obj.o(.text)
    lv_obj_hittest                           0x0800921f   Thumb Code    38  lv_obj.o(.text)
    lv_obj_fade_in                           0x08009269   Thumb Code    52  lv_obj.o(.text)
    lv_obj_fade_out                          0x0800929d   Thumb Code    46  lv_obj.o(.text)
    lv_debug_check_obj_type                  0x080092cb   Thumb Code    52  lv_obj.o(.text)
    lv_debug_check_obj_valid                 0x0800932b   Thumb Code    62  lv_obj.o(.text)
    _lv_refr_init                            0x08009531   Thumb Code     2  lv_refr.o(.text)
    _lv_refr_get_disp_refreshing             0x08009737   Thumb Code     6  lv_refr.o(.text)
    _lv_disp_refr_task                       0x08009d05   Thumb Code   638  lv_refr.o(.text)
    lv_refr_now                              0x08009f83   Thumb Code    40  lv_refr.o(.text)
    _lv_inv_area                             0x08009fab   Thumb Code   200  lv_refr.o(.text)
    _lv_refr_set_disp_refreshing             0x0800a073   Thumb Code     6  lv_refr.o(.text)
    lv_refr_get_fps_avg                      0x0800a079   Thumb Code    12  lv_refr.o(.text)
    lv_style_init                            0x0800a1ef   Thumb Code     6  lv_style.o(.text)
    _lv_style_get_mem_size                   0x0800a1f5   Thumb Code    42  lv_style.o(.text)
    lv_style_copy                            0x0800a21f   Thumb Code    40  lv_style.o(.text)
    lv_style_remove_prop                     0x0800a2b3   Thumb Code    86  lv_style.o(.text)
    lv_style_list_init                       0x0800a309   Thumb Code     6  lv_style.o(.text)
    _lv_style_list_remove_style              0x0800a30f   Thumb Code   164  lv_style.o(.text)
    _lv_style_list_add_style                 0x0800a3b3   Thumb Code   128  lv_style.o(.text)
    lv_style_reset                           0x0800a483   Thumb Code    18  lv_style.o(.text)
    _lv_style_list_get_transition_style      0x0800a495   Thumb Code    16  lv_style.o(.text)
    lv_style_list_get_local_style            0x0800a4a5   Thumb Code    24  lv_style.o(.text)
    _lv_style_list_reset                     0x0800a4bd   Thumb Code    84  lv_style.o(.text)
    lv_style_list_copy                       0x0800a511   Thumb Code   222  lv_style.o(.text)
    _lv_style_set_int                        0x0800a5ef   Thumb Code   132  lv_style.o(.text)
    _lv_style_set_color                      0x0800a673   Thumb Code   130  lv_style.o(.text)
    _lv_style_set_opa                        0x0800a6f5   Thumb Code   148  lv_style.o(.text)
    _lv_style_set_ptr                        0x0800a789   Thumb Code   130  lv_style.o(.text)
    _lv_style_get_int                        0x0800a80b   Thumb Code    48  lv_style.o(.text)
    _lv_style_get_opa                        0x0800a83b   Thumb Code    48  lv_style.o(.text)
    _lv_style_get_color                      0x0800a86b   Thumb Code    48  lv_style.o(.text)
    _lv_style_get_ptr                        0x0800a89b   Thumb Code    48  lv_style.o(.text)
    _lv_style_list_add_trans_style           0x0800a8cb   Thumb Code    94  lv_style.o(.text)
    _lv_style_list_set_local_int             0x0800a929   Thumb Code    20  lv_style.o(.text)
    _lv_style_list_set_local_opa             0x0800a93d   Thumb Code    20  lv_style.o(.text)
    _lv_style_list_set_local_color           0x0800a951   Thumb Code    20  lv_style.o(.text)
    _lv_style_list_set_local_ptr             0x0800a965   Thumb Code    20  lv_style.o(.text)
    _lv_style_list_get_int                   0x0800a979   Thumb Code   120  lv_style.o(.text)
    _lv_style_list_get_color                 0x0800a9f1   Thumb Code   118  lv_style.o(.text)
    _lv_style_list_get_opa                   0x0800aa67   Thumb Code   118  lv_style.o(.text)
    _lv_style_list_get_ptr                   0x0800aadd   Thumb Code   108  lv_style.o(.text)
    lv_debug_check_style                     0x0800ab49   Thumb Code     4  lv_style.o(.text)
    lv_debug_check_style_list                0x0800ab4d   Thumb Code     4  lv_style.o(.text)
    _lv_blend_fill                           0x0800b0bb   Thumb Code   232  lv_draw_blend.o(.text)
    _lv_blend_map                            0x0800b73f   Thumb Code   242  lv_draw_blend.o(.text)
    lv_draw_img_dsc_init                     0x0800bb37   Thumb Code    34  lv_draw_img.o(.text)
    lv_img_cf_has_alpha                      0x0800c0b5   Thumb Code    32  lv_draw_img.o(.text)
    lv_img_cf_is_chroma_keyed                0x0800c0d5   Thumb Code    26  lv_draw_img.o(.text)
    lv_draw_img                              0x0800c28b   Thumb Code    42  lv_draw_img.o(.text)
    lv_img_cf_get_px_size                    0x0800c2b5   Thumb Code    52  lv_draw_img.o(.text)
    lv_img_src_get_type                      0x0800c2e9   Thumb Code    34  lv_draw_img.o(.text)
    lv_draw_label_dsc_init                   0x0800c335   Thumb Code    62  lv_draw_label.o(.text)
    lv_draw_label                            0x0800c9b1   Thumb Code  1290  lv_draw_label.o(.text)
    lv_draw_line_dsc_init                    0x0800cf8d   Thumb Code    30  lv_draw_line.o(.text)
    lv_draw_line                             0x0800d713   Thumb Code   402  lv_draw_line.o(.text)
    lv_draw_mask_add                         0x0800d8a5   Thumb Code    46  lv_draw_mask.o(.text)
    lv_draw_mask_apply                       0x0800d8d3   Thumb Code    64  lv_draw_mask.o(.text)
    lv_draw_mask_remove_id                   0x0800d913   Thumb Code    28  lv_draw_mask.o(.text)
    lv_draw_mask_remove_custom               0x0800d92f   Thumb Code    42  lv_draw_mask.o(.text)
    lv_draw_mask_get_cnt                     0x0800d959   Thumb Code    26  lv_draw_mask.o(.text)
    lv_draw_mask_line_points_init            0x0800dd47   Thumb Code   254  lv_draw_mask.o(.text)
    lv_draw_mask_line_angle_init             0x0800de45   Thumb Code    70  lv_draw_mask.o(.text)
    lv_draw_mask_angle_init                  0x0800e10f   Thumb Code   216  lv_draw_mask.o(.text)
    lv_draw_mask_radius_init                 0x0800e5fb   Thumb Code    74  lv_draw_mask.o(.text)
    lv_draw_mask_fade_init                   0x0800e6f9   Thumb Code    40  lv_draw_mask.o(.text)
    lv_draw_mask_map_init                    0x0800e79f   Thumb Code    24  lv_draw_mask.o(.text)
    lv_draw_rect_dsc_init                    0x0800e7f1   Thumb Code   100  lv_draw_rect.o(.text)
    lv_draw_rect                             0x0801053d   Thumb Code    92  lv_draw_rect.o(.text)
    lv_draw_px                               0x08010599   Thumb Code     2  lv_draw_rect.o(.text)
    lv_img_buf_get_px_color                  0x080106e3   Thumb Code   224  lv_img_buf.o(.text)
    lv_img_buf_get_px_alpha                  0x080107c3   Thumb Code   186  lv_img_buf.o(.text)
    lv_img_buf_set_px_alpha                  0x0801087d   Thumb Code   184  lv_img_buf.o(.text)
    lv_img_buf_set_px_color                  0x08010935   Thumb Code   260  lv_img_buf.o(.text)
    lv_img_buf_set_palette                   0x08010a39   Thumb Code   120  lv_img_buf.o(.text)
    lv_img_buf_get_img_size                  0x08010ab1   Thumb Code   114  lv_img_buf.o(.text)
    lv_img_buf_alloc                         0x08010b23   Thumb Code    88  lv_img_buf.o(.text)
    lv_img_buf_free                          0x08010b7b   Thumb Code    26  lv_img_buf.o(.text)
    _lv_img_buf_transform_init               0x08010b95   Thumb Code   266  lv_img_buf.o(.text)
    _lv_img_buf_get_transformed_area         0x08010c9f   Thumb Code   576  lv_img_buf.o(.text)
    _lv_img_buf_transform_anti_alias         0x08010edf   Thumb Code   648  lv_img_buf.o(.text)
    _lv_img_cache_open                       0x080111b1   Thumb Code   240  lv_img_cache.o(.text)
    lv_img_cache_invalidate_src              0x080112a1   Thumb Code    80  lv_img_cache.o(.text)
    lv_img_cache_set_size                    0x080112f1   Thumb Code    78  lv_img_cache.o(.text)
    lv_img_decoder_built_in_close            0x0801138d   Thumb Code    50  lv_img_decoder.o(.text)
    lv_img_decoder_set_close_cb              0x080113bf   Thumb Code     4  lv_img_decoder.o(.text)
    lv_img_decoder_built_in_read_line        0x08011671   Thumb Code   184  lv_img_decoder.o(.text)
    lv_img_decoder_set_read_line_cb          0x08011729   Thumb Code     4  lv_img_decoder.o(.text)
    lv_img_decoder_built_in_open             0x0801172d   Thumb Code   500  lv_img_decoder.o(.text)
    lv_img_decoder_set_open_cb               0x08011921   Thumb Code     4  lv_img_decoder.o(.text)
    lv_img_decoder_built_in_info             0x08011925   Thumb Code   164  lv_img_decoder.o(.text)
    lv_img_decoder_set_info_cb               0x080119c9   Thumb Code     4  lv_img_decoder.o(.text)
    lv_img_decoder_create                    0x080119cd   Thumb Code    48  lv_img_decoder.o(.text)
    _lv_img_decoder_init                     0x080119fd   Thumb Code    66  lv_img_decoder.o(.text)
    lv_img_decoder_get_info                  0x08011a3f   Thumb Code    60  lv_img_decoder.o(.text)
    lv_img_decoder_open                      0x08011a7b   Thumb Code   188  lv_img_decoder.o(.text)
    lv_img_decoder_read_line                 0x08011b37   Thumb Code    34  lv_img_decoder.o(.text)
    lv_img_decoder_close                     0x08011b59   Thumb Code    36  lv_img_decoder.o(.text)
    lv_img_decoder_delete                    0x08011b7d   Thumb Code    22  lv_img_decoder.o(.text)
    lv_font_get_glyph_bitmap                 0x08011b99   Thumb Code     4  lv_font.o(.text)
    lv_font_get_glyph_dsc                    0x08011b9d   Thumb Code    10  lv_font.o(.text)
    lv_font_get_glyph_width                  0x08011ba7   Thumb Code    22  lv_font.o(.text)
    lv_font_get_bitmap_fmt_txt               0x08011efd   Thumb Code   186  lv_font_fmt_txt.o(.text)
    lv_font_get_glyph_dsc_fmt_txt            0x08011fdf   Thumb Code   180  lv_font_fmt_txt.o(.text)
    _lv_font_clean_up_fmt_txt                0x08012093   Thumb Code    20  lv_font_fmt_txt.o(.text)
    lv_disp_drv_init                         0x08012151   Thumb Code    62  lv_hal_disp.o(.text)
    lv_disp_buf_init                         0x0801218f   Thumb Code    30  lv_hal_disp.o(.text)
    lv_disp_is_double_buf                    0x080121ad   Thumb Code    18  lv_hal_disp.o(.text)
    lv_disp_is_true_double_buf               0x080121bf   Thumb Code    38  lv_hal_disp.o(.text)
    lv_disp_drv_register                     0x080121e5   Thumb Code   250  lv_hal_disp.o(.text)
    lv_disp_get_default                      0x080122df   Thumb Code     6  lv_hal_disp.o(.text)
    lv_disp_get_ver_res                      0x080122e5   Thumb Code    40  lv_hal_disp.o(.text)
    lv_disp_get_hor_res                      0x0801230d   Thumb Code    40  lv_hal_disp.o(.text)
    lv_disp_drv_update                       0x08012335   Thumb Code   110  lv_hal_disp.o(.text)
    lv_disp_set_default                      0x080123a3   Thumb Code     6  lv_hal_disp.o(.text)
    lv_disp_remove                           0x080123a9   Thumb Code    72  lv_hal_disp.o(.text)
    lv_disp_get_antialiasing                 0x080123f1   Thumb Code    18  lv_hal_disp.o(.text)
    lv_disp_get_dpi                          0x08012403   Thumb Code    20  lv_hal_disp.o(.text)
    lv_disp_get_size_category                0x08012417   Thumb Code    70  lv_hal_disp.o(.text)
    lv_disp_flush_ready                      0x0801245d   Thumb Code    12  lv_hal_disp.o(.text)
    lv_disp_flush_is_last                    0x08012469   Thumb Code    12  lv_hal_disp.o(.text)
    lv_disp_get_next                         0x08012475   Thumb Code    16  lv_hal_disp.o(.text)
    lv_disp_get_buf                          0x08012485   Thumb Code     4  lv_hal_disp.o(.text)
    lv_disp_get_inv_buf_size                 0x08012489   Thumb Code    10  lv_hal_disp.o(.text)
    _lv_disp_pop_from_inv_buf                0x08012493   Thumb Code    30  lv_hal_disp.o(.text)
    lv_disp_set_rotation                     0x080124b1   Thumb Code    18  lv_hal_disp.o(.text)
    lv_disp_get_rotation                     0x080124c3   Thumb Code    14  lv_hal_disp.o(.text)
    lv_indev_drv_init                        0x080124f5   Thumb Code    40  lv_hal_indev.o(.text)
    lv_indev_drv_register                    0x0801251d   Thumb Code   106  lv_hal_indev.o(.text)
    lv_indev_drv_update                      0x08012587   Thumb Code     6  lv_hal_indev.o(.text)
    lv_indev_get_next                        0x0801258d   Thumb Code    16  lv_hal_indev.o(.text)
    _lv_indev_read                           0x0801259d   Thumb Code    72  lv_hal_indev.o(.text)
    lv_tick_inc                              0x080125fd   Thumb Code    14  lv_hal_tick.o(.text)
    lv_tick_get                              0x0801260b   Thumb Code    16  lv_hal_tick.o(.text)
    lv_tick_elaps                            0x0801261b   Thumb Code    12  lv_hal_tick.o(.text)
    lv_anim_path_linear                      0x0801264d   Thumb Code    38  lv_anim.o(.text)
    _lv_anim_core_init                       0x0801271b   Thumb Code    36  lv_anim.o(.text)
    lv_anim_init                             0x0801273f   Thumb Code    60  lv_anim.o(.text)
    lv_anim_del                              0x0801277b   Thumb Code    76  lv_anim.o(.text)
    lv_anim_start                            0x080127c7   Thumb Code   118  lv_anim.o(.text)
    lv_anim_del_all                          0x0801283d   Thumb Code    14  lv_anim.o(.text)
    lv_anim_get                              0x0801284b   Thumb Code    40  lv_anim.o(.text)
    lv_anim_count_running                    0x08012873   Thumb Code    30  lv_anim.o(.text)
    lv_anim_speed_to_time                    0x08012891   Thumb Code    26  lv_anim.o(.text)
    lv_anim_refr_now                         0x080128ab   Thumb Code     4  lv_anim.o(.text)
    lv_anim_path_ease_in                     0x080128af   Thumb Code    50  lv_anim.o(.text)
    lv_anim_path_ease_out                    0x080128e1   Thumb Code    50  lv_anim.o(.text)
    lv_anim_path_ease_in_out                 0x08012913   Thumb Code    52  lv_anim.o(.text)
    lv_anim_path_overshoot                   0x08012947   Thumb Code    54  lv_anim.o(.text)
    lv_anim_path_bounce                      0x0801297d   Thumb Code   184  lv_anim.o(.text)
    lv_anim_path_step                        0x08012a35   Thumb Code    18  lv_anim.o(.text)
    lv_area_set                              0x08012ad5   Thumb Code    14  lv_area.o(.text)
    lv_area_set_width                        0x08012ae3   Thumb Code    10  lv_area.o(.text)
    lv_area_set_height                       0x08012aed   Thumb Code    10  lv_area.o(.text)
    _lv_area_set_pos                         0x08012af7   Thumb Code    46  lv_area.o(.text)
    lv_area_get_size                         0x08012b25   Thumb Code    28  lv_area.o(.text)
    _lv_area_intersect                       0x08012b41   Thumb Code    80  lv_area.o(.text)
    _lv_area_join                            0x08012b91   Thumb Code    68  lv_area.o(.text)
    _lv_area_is_point_on                     0x08012c0f   Thumb Code   296  lv_area.o(.text)
    _lv_area_is_on                           0x08012d37   Thumb Code    56  lv_area.o(.text)
    _lv_area_is_in                           0x08012d6f   Thumb Code   168  lv_area.o(.text)
    _lv_area_align                           0x08012e17   Thumb Code   462  lv_area.o(.text)
    lv_async_call                            0x08013011   Thumb Code    54  lv_async.o(.text)
    lv_color_fill                            0x080130ef   Thumb Code    74  lv_color.o(.text)
    lv_color_lighten                         0x08013139   Thumb Code    24  lv_color.o(.text)
    lv_color_darken                          0x08013151   Thumb Code    22  lv_color.o(.text)
    lv_color_hsv_to_rgb                      0x08013167   Thumb Code   174  lv_color.o(.text)
    lv_color_rgb_to_hsv                      0x08013215   Thumb Code   212  lv_color.o(.text)
    lv_color_to_hsv                          0x080132e9   Thumb Code    78  lv_color.o(.text)
    lv_debug_check_null                      0x0801333d   Thumb Code     8  lv_debug.o(.text)
    lv_debug_check_mem_integrity             0x08013345   Thumb Code    14  lv_debug.o(.text)
    lv_debug_check_str                       0x08013353   Thumb Code    64  lv_debug.o(.text)
    lv_debug_log_error                       0x08013393   Thumb Code    96  lv_debug.o(.text)
    _lv_fs_init                              0x080133f9   Thumb Code     8  lv_fs.o(.text)
    lv_fs_get_drv                            0x08013401   Thumb Code    32  lv_fs.o(.text)
    lv_fs_is_ready                           0x08013421   Thumb Code    24  lv_fs.o(.text)
    lv_fs_open                               0x08013439   Thumb Code   162  lv_fs.o(.text)
    lv_fs_close                              0x080134db   Thumb Code    42  lv_fs.o(.text)
    lv_fs_remove                             0x08013505   Thumb Code    62  lv_fs.o(.text)
    lv_fs_read                               0x08013543   Thumb Code    58  lv_fs.o(.text)
    lv_fs_write                              0x0801357d   Thumb Code    58  lv_fs.o(.text)
    lv_fs_seek                               0x080135b7   Thumb Code    24  lv_fs.o(.text)
    lv_fs_tell                               0x080135cf   Thumb Code    38  lv_fs.o(.text)
    lv_fs_trunc                              0x080135f5   Thumb Code    22  lv_fs.o(.text)
    lv_fs_size                               0x0801360b   Thumb Code    32  lv_fs.o(.text)
    lv_fs_rename                             0x0801362b   Thumb Code    76  lv_fs.o(.text)
    lv_fs_dir_open                           0x08013677   Thumb Code   148  lv_fs.o(.text)
    lv_fs_dir_read                           0x0801370b   Thumb Code    38  lv_fs.o(.text)
    lv_fs_dir_close                          0x08013731   Thumb Code    44  lv_fs.o(.text)
    lv_fs_free_space                         0x0801375d   Thumb Code    68  lv_fs.o(.text)
    lv_fs_drv_init                           0x080137a1   Thumb Code     6  lv_fs.o(.text)
    lv_fs_drv_register                       0x080137a7   Thumb Code    72  lv_fs.o(.text)
    lv_fs_get_letters                        0x080137ef   Thumb Code    38  lv_fs.o(.text)
    lv_fs_get_ext                            0x08013815   Thumb Code    38  lv_fs.o(.text)
    lv_fs_up                                 0x0801383b   Thumb Code    54  lv_fs.o(.text)
    lv_fs_get_last                           0x08013871   Thumb Code    56  lv_fs.o(.text)
    _lv_gc_clear_roots                       0x080138c9   Thumb Code   182  lv_gc.o(.text)
    _lv_ll_init                              0x08013989   Thumb Code    16  lv_ll.o(.text)
    _lv_ll_ins_head                          0x08013999   Thumb Code    60  lv_ll.o(.text)
    _lv_ll_get_prev                          0x080139d5   Thumb Code    10  lv_ll.o(.text)
    _lv_ll_get_head                          0x080139df   Thumb Code    12  lv_ll.o(.text)
    _lv_ll_ins_prev                          0x080139eb   Thumb Code   102  lv_ll.o(.text)
    _lv_ll_ins_tail                          0x08013a51   Thumb Code    60  lv_ll.o(.text)
    _lv_ll_get_next                          0x08013a8d   Thumb Code    12  lv_ll.o(.text)
    _lv_ll_get_tail                          0x08013a99   Thumb Code    12  lv_ll.o(.text)
    _lv_ll_remove                            0x08013aa5   Thumb Code   118  lv_ll.o(.text)
    _lv_ll_clear                             0x08013b1b   Thumb Code    44  lv_ll.o(.text)
    _lv_ll_chg_list                          0x08013b47   Thumb Code   104  lv_ll.o(.text)
    _lv_ll_get_len                           0x08013baf   Thumb Code    28  lv_ll.o(.text)
    _lv_ll_move_before                       0x08013bcb   Thumb Code    94  lv_ll.o(.text)
    _lv_ll_is_empty                          0x08013c29   Thumb Code    18  lv_ll.o(.text)
    _lv_trigo_sin                            0x08013c5d   Thumb Code    78  lv_math.o(.text)
    _lv_bezier3                              0x08013cab   Thumb Code    78  lv_math.o(.text)
    _lv_sqrt                                 0x08013cf9   Thumb Code    34  lv_math.o(.text)
    _lv_atan2                                0x08013d1b   Thumb Code   146  lv_math.o(.text)
    _lv_pow                                  0x08013dad   Thumb Code    52  lv_math.o(.text)
    _lv_map                                  0x08013de1   Thumb Code    36  lv_math.o(.text)
    _lv_mem_init                             0x08013e09   Thumb Code    24  lv_mem.o(.text)
    _lv_mem_deinit                           0x08013e21   Thumb Code    22  lv_mem.o(.text)
    lv_mem_alloc                             0x08013e75   Thumb Code    96  lv_mem.o(.text)
    lv_mem_defrag                            0x08013ed5   Thumb Code    70  lv_mem.o(.text)
    lv_mem_free                              0x08013f1b   Thumb Code    84  lv_mem.o(.text)
    _lv_memcpy                               0x08013f6f   Thumb Code   294  lv_mem.o(.text)
    _lv_mem_get_size                         0x08014095   Thumb Code    24  lv_mem.o(.text)
    lv_mem_realloc                           0x080140ad   Thumb Code    96  lv_mem.o(.text)
    lv_mem_test                              0x0801410d   Thumb Code    54  lv_mem.o(.text)
    _lv_memset                               0x08014143   Thumb Code    98  lv_mem.o(.text)
    lv_mem_monitor                           0x080141a5   Thumb Code   128  lv_mem.o(.text)
    _lv_mem_buf_get                          0x08014225   Thumb Code   202  lv_mem.o(.text)
    _lv_mem_buf_release                      0x080142ef   Thumb Code    54  lv_mem.o(.text)
    _lv_mem_buf_free_all                     0x08014325   Thumb Code    58  lv_mem.o(.text)
    _lv_memset_00                            0x0801435f   Thumb Code    90  lv_mem.o(.text)
    _lv_memset_ff                            0x080143b9   Thumb Code    94  lv_mem.o(.text)
    lv_snprintf                              0x08014a77   Thumb Code    26  lv_printf.o(.text)
    lv_vsnprintf                             0x08014a91   Thumb Code    18  lv_printf.o(.text)
    lv_task_enable                           0x08014ac5   Thumb Code     6  lv_task.o(.text)
    _lv_task_core_init                       0x08014acb   Thumb Code    18  lv_task.o(.text)
    lv_task_del                              0x08014add   Thumb Code    36  lv_task.o(.text)
    lv_task_handler                          0x08014b39   Thumb Code   284  lv_task.o(.text)
    lv_task_create                           0x08014c55   Thumb Code   172  lv_task.o(.text)
    lv_task_create_basic                     0x08014d01   Thumb Code    12  lv_task.o(.text)
    lv_task_set_cb                           0x08014d0d   Thumb Code     4  lv_task.o(.text)
    lv_task_set_prio                         0x08014d11   Thumb Code    84  lv_task.o(.text)
    lv_task_set_period                       0x08014d65   Thumb Code     4  lv_task.o(.text)
    lv_task_ready                            0x08014d69   Thumb Code    18  lv_task.o(.text)
    lv_task_set_repeat_count                 0x08014d7b   Thumb Code     4  lv_task.o(.text)
    lv_task_reset                            0x08014d7f   Thumb Code    12  lv_task.o(.text)
    lv_task_get_idle                         0x08014d8b   Thumb Code     6  lv_task.o(.text)
    lv_task_get_next                         0x08014d91   Thumb Code    16  lv_task.o(.text)
    _lv_txt_is_cmd                           0x08014dd5   Thumb Code    54  lv_txt.o(.text)
    _lv_txt_get_width                        0x08014e0b   Thumb Code   134  lv_txt.o(.text)
    _lv_txt_get_next_line                    0x08014fb9   Thumb Code   210  lv_txt.o(.text)
    _lv_txt_get_size                         0x0801508b   Thumb Code   190  lv_txt.o(.text)
    _lv_txt_ins                              0x08015149   Thumb Code    72  lv_txt.o(.text)
    _lv_txt_cut                              0x08015191   Thumb Code    58  lv_txt.o(.text)
    _lv_txt_set_text_vfmt                    0x080151cb   Thumb Code    74  lv_txt.o(.text)
    _lv_utils_num_to_str                     0x08015489   Thumb Code    96  lv_utils.o(.text)
    _lv_utils_bsearch                        0x080154e9   Thumb Code    72  lv_utils.o(.text)
    lv_theme_set_act                         0x08015531   Thumb Code     6  lv_theme.o(.text)
    lv_theme_get_act                         0x08015537   Thumb Code     6  lv_theme.o(.text)
    lv_theme_apply                           0x08015699   Thumb Code    24  lv_theme.o(.text)
    lv_theme_copy                            0x080156b1   Thumb Code    58  lv_theme.o(.text)
    lv_theme_set_base                        0x080156eb   Thumb Code     4  lv_theme.o(.text)
    lv_theme_set_apply_cb                    0x080156ef   Thumb Code     4  lv_theme.o(.text)
    lv_theme_get_font_small                  0x080156f3   Thumb Code     8  lv_theme.o(.text)
    lv_theme_get_font_normal                 0x080156fb   Thumb Code     8  lv_theme.o(.text)
    lv_theme_get_font_subtitle               0x08015703   Thumb Code     8  lv_theme.o(.text)
    lv_theme_get_font_title                  0x0801570b   Thumb Code     8  lv_theme.o(.text)
    lv_theme_get_color_primary               0x08015713   Thumb Code     8  lv_theme.o(.text)
    lv_theme_get_color_secondary             0x0801571b   Thumb Code     8  lv_theme.o(.text)
    lv_theme_get_flags                       0x08015723   Thumb Code     8  lv_theme.o(.text)
    lv_theme_material_init                   0x08019351   Thumb Code   178  lv_theme_material.o(.text)
    lv_bar_set_value                         0x08019755   Thumb Code    90  lv_bar.o(.text)
    lv_bar_create                            0x08019de9   Thumb Code   290  lv_bar.o(.text)
    lv_bar_set_start_value                   0x08019f0b   Thumb Code    90  lv_bar.o(.text)
    lv_bar_get_type                          0x08019f65   Thumb Code    38  lv_bar.o(.text)
    lv_bar_set_range                         0x08019f8b   Thumb Code   120  lv_bar.o(.text)
    lv_bar_set_type                          0x0801a003   Thumb Code   114  lv_bar.o(.text)
    lv_bar_set_anim_time                     0x0801a075   Thumb Code    36  lv_bar.o(.text)
    lv_bar_get_value                         0x0801a099   Thumb Code    50  lv_bar.o(.text)
    lv_bar_get_start_value                   0x0801a0cb   Thumb Code    68  lv_bar.o(.text)
    lv_bar_get_min_value                     0x0801a10f   Thumb Code    36  lv_bar.o(.text)
    lv_bar_get_max_value                     0x0801a133   Thumb Code    36  lv_bar.o(.text)
    lv_bar_get_anim_time                     0x0801a157   Thumb Code    34  lv_bar.o(.text)
    lv_cont_get_layout                       0x0801a537   Thumb Code    36  lv_cont.o(.text)
    lv_cont_create                           0x0801aab3   Thumb Code   222  lv_cont.o(.text)
    lv_cont_set_layout                       0x0801ab91   Thumb Code    64  lv_cont.o(.text)
    lv_cont_set_fit4                         0x0801abd1   Thumb Code   120  lv_cont.o(.text)
    lv_cont_get_fit_left                     0x0801ac49   Thumb Code    38  lv_cont.o(.text)
    lv_cont_get_fit_right                    0x0801ac6f   Thumb Code    36  lv_cont.o(.text)
    lv_cont_get_fit_top                      0x0801ac93   Thumb Code    38  lv_cont.o(.text)
    lv_cont_get_fit_bottom                   0x0801acb9   Thumb Code    38  lv_cont.o(.text)
    lv_label_get_text                        0x0801aefd   Thumb Code    32  lv_label.o(.text)
    lv_label_get_align                       0x0801af1d   Thumb Code    42  lv_label.o(.text)
    lv_label_get_letter_on                   0x0801af93   Thumb Code   536  lv_label.o(.text)
    lv_label_refr_text                       0x0801b1d7   Thumb Code  1118  lv_label.o(.text)
    lv_label_set_text_static                 0x0801b635   Thumb Code    74  lv_label.o(.text)
    lv_label_set_text                        0x0801b67f   Thumb Code   246  lv_label.o(.text)
    lv_label_set_align                       0x0801b775   Thumb Code    60  lv_label.o(.text)
    lv_label_get_recolor                     0x0801b7b1   Thumb Code    38  lv_label.o(.text)
    lv_label_set_recolor                     0x0801b7d7   Thumb Code    58  lv_label.o(.text)
    lv_label_get_long_mode                   0x0801b811   Thumb Code    38  lv_label.o(.text)
    lv_label_set_long_mode                   0x0801b89f   Thumb Code   144  lv_label.o(.text)
    lv_label_get_style                       0x0801b92f   Thumb Code    10  lv_label.o(.text)
    lv_label_get_text_sel_end                0x0801b9e3   Thumb Code    30  lv_label.o(.text)
    lv_label_get_text_sel_start              0x0801ba01   Thumb Code    30  lv_label.o(.text)
    lv_label_create                          0x0801bc17   Thumb Code   446  lv_label.o(.text)
    lv_label_set_text_fmt                    0x0801bdd5   Thumb Code   114  lv_label.o(.text)
    lv_label_set_anim_speed                  0x0801be47   Thumb Code    66  lv_label.o(.text)
    lv_label_set_text_sel_start              0x0801be89   Thumb Code    28  lv_label.o(.text)
    lv_label_set_text_sel_end                0x0801bea5   Thumb Code    28  lv_label.o(.text)
    lv_label_get_anim_speed                  0x0801bec1   Thumb Code    34  lv_label.o(.text)
    lv_label_get_letter_pos                  0x0801bee3   Thumb Code   504  lv_label.o(.text)
    lv_label_is_char_under_pos               0x0801c0db   Thumb Code   462  lv_label.o(.text)
    lv_label_ins_text                        0x0801c2a9   Thumb Code   164  lv_label.o(.text)
    lv_label_cut_text                        0x0801c34d   Thumb Code    70  lv_label.o(.text)
    lv_page_get_scrollable                   0x0801c405   Thumb Code    32  lv_page.o(.text)
    lv_page_set_scrollbar_mode               0x0801c811   Thumb Code   102  lv_page.o(.text)
    lv_page_get_anim_time                    0x0801ca93   Thumb Code    34  lv_page.o(.text)
    lv_page_scroll_hor                       0x0801cab5   Thumb Code    68  lv_page.o(.text)
    lv_page_scroll_ver                       0x0801caf9   Thumb Code    66  lv_page.o(.text)
    lv_page_start_edge_flash                 0x0801cedf   Thumb Code   152  lv_page.o(.text)
    lv_page_on_edge                          0x0801d0cf   Thumb Code   150  lv_page.o(.text)
    lv_page_create                           0x0801d519   Thumb Code   370  lv_page.o(.text)
    lv_page_clean                            0x0801d68b   Thumb Code    38  lv_page.o(.text)
    lv_page_set_anim_time                    0x0801d6b1   Thumb Code    36  lv_page.o(.text)
    lv_page_set_scroll_propagation           0x0801d6d5   Thumb Code    54  lv_page.o(.text)
    lv_page_set_edge_flash                   0x0801d70b   Thumb Code    44  lv_page.o(.text)
    lv_page_get_scrollbar_mode               0x0801d737   Thumb Code    40  lv_page.o(.text)
    lv_page_get_scroll_propagation           0x0801d75f   Thumb Code    40  lv_page.o(.text)
    lv_page_get_edge_flash                   0x0801d787   Thumb Code    40  lv_page.o(.text)
    lv_page_get_width_fit                    0x0801d7af   Thumb Code    92  lv_page.o(.text)
    lv_page_get_height_fit                   0x0801d80b   Thumb Code    92  lv_page.o(.text)
    lv_page_get_width_grid                   0x0801d867   Thumb Code    50  lv_page.o(.text)
    lv_page_get_height_grid                  0x0801d899   Thumb Code    50  lv_page.o(.text)
    lv_page_glue_obj                         0x0801d8cb   Thumb Code    22  lv_page.o(.text)
    lv_page_focus                            0x0801d8e1   Thumb Code   526  lv_page.o(.text)
    lv_roller_get_auto_fit                   0x0801dca1   Thumb Code    38  lv_roller.o(.text)
    lv_roller_set_selected                   0x0801dd9f   Thumb Code    92  lv_roller.o(.text)
    lv_roller_set_visible_row_count          0x0801e035   Thumb Code   122  lv_roller.o(.text)
    lv_roller_set_options                    0x0801e0af   Thumb Code   274  lv_roller.o(.text)
    lv_roller_get_align                      0x0801e2bb   Thumb Code    38  lv_roller.o(.text)
    lv_roller_create                         0x0801e7bf   Thumb Code   408  lv_roller.o(.text)
    lv_roller_set_align                      0x0801e957   Thumb Code    52  lv_roller.o(.text)
    lv_roller_set_auto_fit                   0x0801e98b   Thumb Code    50  lv_roller.o(.text)
    lv_roller_get_selected                   0x0801e9bd   Thumb Code    64  lv_roller.o(.text)
    lv_roller_get_selected_str               0x0801e9fd   Thumb Code   228  lv_roller.o(.text)
    lv_roller_get_option_cnt                 0x0801eae1   Thumb Code    50  lv_roller.o(.text)
    lv_roller_get_options                    0x0801eb13   Thumb Code    38  lv_roller.o(.text)
    lv_slider_get_value                      0x0801ed09   Thumb Code    32  lv_slider.o(.text)
    lv_slider_create                         0x0801f1cb   Thumb Code   254  lv_slider.o(.text)
    lv_slider_is_dragged                     0x0801f2c9   Thumb Code    40  lv_slider.o(.text)
    lv_switch_off                            0x0801f48f   Thumb Code    58  lv_switch.o(.text)
    lv_switch_on                             0x0801f4c9   Thumb Code    58  lv_switch.o(.text)
    lv_switch_create                         0x0801f689   Thumb Code   378  lv_switch.o(.text)
    lv_switch_toggle                         0x0801f803   Thumb Code    56  lv_switch.o(.text)
    vListInitialise                          0x0801f861   Thumb Code    22  list.o(.text)
    vListInitialiseItem                      0x0801f877   Thumb Code     6  list.o(.text)
    vListInsertEnd                           0x0801f87d   Thumb Code    24  list.o(.text)
    vListInsert                              0x0801f895   Thumb Code    48  list.o(.text)
    uxListRemove                             0x0801f8c5   Thumb Code    36  list.o(.text)
    xQueueGenericReset                       0x0801f8e9   Thumb Code   128  queue.o(.text)
    xQueueGenericCreate                      0x0801f969   Thumb Code    82  queue.o(.text)
    xQueueGenericSend                        0x0801fb09   Thumb Code   350  queue.o(.text)
    xQueueCreateMutex                        0x0801fc67   Thumb Code    36  queue.o(.text)
    xQueueGiveMutexRecursive                 0x0801fc8b   Thumb Code    98  queue.o(.text)
    xQueueGenericReceive                     0x0801fd13   Thumb Code   356  queue.o(.text)
    xQueueTakeMutexRecursive                 0x0801fe77   Thumb Code    68  queue.o(.text)
    xQueueCreateCountingSemaphore            0x0801febb   Thumb Code    62  queue.o(.text)
    xQueueGenericSendFromISR                 0x0801fef9   Thumb Code   200  queue.o(.text)
    xQueueGiveFromISR                        0x0801ffc1   Thumb Code   172  queue.o(.text)
    xQueueReceiveFromISR                     0x0802006d   Thumb Code   150  queue.o(.text)
    xQueuePeekFromISR                        0x08020103   Thumb Code   114  queue.o(.text)
    uxQueueMessagesWaiting                   0x08020175   Thumb Code    36  queue.o(.text)
    uxQueueSpacesAvailable                   0x08020199   Thumb Code    40  queue.o(.text)
    uxQueueMessagesWaitingFromISR            0x080201c1   Thumb Code    26  queue.o(.text)
    vQueueUnregisterQueue                    0x080201db   Thumb Code    36  queue.o(.text)
    vQueueDelete                             0x080201ff   Thumb Code    38  queue.o(.text)
    uxQueueGetQueueNumber                    0x08020225   Thumb Code     4  queue.o(.text)
    vQueueSetQueueNumber                     0x08020229   Thumb Code     4  queue.o(.text)
    ucQueueGetQueueType                      0x0802022d   Thumb Code     6  queue.o(.text)
    xQueueIsQueueEmptyFromISR                0x08020233   Thumb Code    34  queue.o(.text)
    xQueueIsQueueFullFromISR                 0x08020255   Thumb Code    38  queue.o(.text)
    vQueueAddToRegistry                      0x0802027b   Thumb Code    32  queue.o(.text)
    pcQueueGetName                           0x0802029b   Thumb Code    34  queue.o(.text)
    vQueueWaitForMessageRestricted           0x080202bd   Thumb Code    68  queue.o(.text)
    xQueueCreateSet                          0x08020301   Thumb Code     8  queue.o(.text)
    xQueueAddToSet                           0x08020309   Thumb Code    34  queue.o(.text)
    xQueueRemoveFromSet                      0x0802032b   Thumb Code    34  queue.o(.text)
    xQueueSelectFromSet                      0x0802034d   Thumb Code    18  queue.o(.text)
    xQueueSelectFromSetFromISR               0x0802035f   Thumb Code    18  queue.o(.text)
    xTaskCreate                              0x08020455   Thumb Code    86  tasks.o(.text)
    vTaskDelete                              0x080204ab   Thumb Code   154  tasks.o(.text)
    xTaskIncrementTick                       0x08020545   Thumb Code   186  tasks.o(.text)
    xTaskResumeAll                           0x080205ff   Thumb Code   182  tasks.o(.text)
    vTaskSuspendAll                          0x0802071b   Thumb Code    10  tasks.o(.text)
    vTaskDelayUntil                          0x08020725   Thumb Code   180  tasks.o(.text)
    vTaskDelay                               0x080207d9   Thumb Code    66  tasks.o(.text)
    eTaskGetState                            0x0802081b   Thumb Code    94  tasks.o(.text)
    uxTaskPriorityGet                        0x08020879   Thumb Code    24  tasks.o(.text)
    uxTaskPriorityGetFromISR                 0x08020891   Thumb Code    40  tasks.o(.text)
    vTaskPrioritySet                         0x080208b9   Thumb Code   184  tasks.o(.text)
    vTaskSwitchContext                       0x08020971   Thumb Code    84  tasks.o(.text)
    vTaskSuspend                             0x080209c5   Thumb Code   156  tasks.o(.text)
    vTaskResume                              0x08020a91   Thumb Code   116  tasks.o(.text)
    xTaskResumeFromISR                       0x08020b05   Thumb Code   126  tasks.o(.text)
    vTaskStartScheduler                      0x08020ba1   Thumb Code   130  tasks.o(.text)
    vTaskEndScheduler                        0x08020c23   Thumb Code    24  tasks.o(.text)
    xTaskGetTickCount                        0x08020c3b   Thumb Code     6  tasks.o(.text)
    xTaskGetTickCountFromISR                 0x08020c41   Thumb Code    12  tasks.o(.text)
    uxTaskGetNumberOfTasks                   0x08020c4d   Thumb Code     6  tasks.o(.text)
    pcTaskGetName                            0x08020c53   Thumb Code    38  tasks.o(.text)
    vTaskGetInfo                             0x08020c79   Thumb Code   126  tasks.o(.text)
    uxTaskGetSystemState                     0x08020d4b   Thumb Code   156  tasks.o(.text)
    vTaskPlaceOnEventList                    0x08020de7   Thumb Code    46  tasks.o(.text)
    vTaskPlaceOnUnorderedEventList           0x08020e15   Thumb Code    78  tasks.o(.text)
    vTaskPlaceOnEventListRestricted          0x08020e63   Thumb Code    54  tasks.o(.text)
    xTaskRemoveFromEventList                 0x08020e99   Thumb Code   106  tasks.o(.text)
    xTaskRemoveFromUnorderedEventList        0x08020f03   Thumb Code   116  tasks.o(.text)
    vTaskSetTimeOutState                     0x08020f77   Thumb Code    34  tasks.o(.text)
    xTaskCheckForTimeOut                     0x08020f99   Thumb Code   114  tasks.o(.text)
    vTaskMissedYield                         0x0802100b   Thumb Code     8  tasks.o(.text)
    uxTaskGetTaskNumber                      0x08021013   Thumb Code     8  tasks.o(.text)
    vTaskSetTaskNumber                       0x0802101b   Thumb Code     8  tasks.o(.text)
    xTaskGetCurrentTaskHandle                0x08021023   Thumb Code     6  tasks.o(.text)
    xTaskGetSchedulerState                   0x08021029   Thumb Code    22  tasks.o(.text)
    vTaskPriorityInherit                     0x0802103f   Thumb Code   124  tasks.o(.text)
    xTaskPriorityDisinherit                  0x080210bb   Thumb Code   144  tasks.o(.text)
    vTaskList                                0x0802114b   Thumb Code   188  tasks.o(.text)
    uxTaskResetEventItemValue                0x08021207   Thumb Code    20  tasks.o(.text)
    pvTaskIncrementMutexHeldCount            0x0802121b   Thumb Code    18  tasks.o(.text)
    ulTaskNotifyTake                         0x0802122d   Thumb Code    96  tasks.o(.text)
    xTaskNotifyWait                          0x0802128d   Thumb Code   128  tasks.o(.text)
    xTaskGenericNotify                       0x0802130d   Thumb Code   190  tasks.o(.text)
    xTaskGenericNotifyFromISR                0x080213cb   Thumb Code   256  tasks.o(.text)
    vTaskNotifyGiveFromISR                   0x080214cb   Thumb Code   168  tasks.o(.text)
    xTaskNotifyStateClear                    0x08021573   Thumb Code    44  tasks.o(.text)
    xTimerGenericCommand                     0x08021715   Thumb Code    98  timers.o(.text)
    xTimerCreateTimerTask                    0x0802189b   Thumb Code    58  timers.o(.text)
    xTimerCreate                             0x080218d5   Thumb Code    72  timers.o(.text)
    xTimerGetTimerDaemonTaskHandle           0x0802191d   Thumb Code    24  timers.o(.text)
    xTimerGetPeriod                          0x08021935   Thumb Code    22  timers.o(.text)
    xTimerGetExpiryTime                      0x0802194b   Thumb Code    22  timers.o(.text)
    pcTimerGetName                           0x08021961   Thumb Code    22  timers.o(.text)
    xTimerIsTimerActive                      0x08021977   Thumb Code    40  timers.o(.text)
    pvTimerGetTimerID                        0x0802199f   Thumb Code    32  timers.o(.text)
    vTimerSetTimerID                         0x080219bf   Thumb Code    34  timers.o(.text)
    xTimerPendFunctionCallFromISR            0x080219e1   Thumb Code    34  timers.o(.text)
    xTimerPendFunctionCall                   0x08021a03   Thumb Code    60  timers.o(.text)
    pvPortMalloc                             0x08021c41   Thumb Code   214  heap_4.o(.text)
    vPortFree                                0x08021d17   Thumb Code    96  heap_4.o(.text)
    xPortGetFreeHeapSize                     0x08021d77   Thumb Code     8  heap_4.o(.text)
    xPortGetMinimumEverFreeHeapSize          0x08021d7f   Thumb Code     8  heap_4.o(.text)
    vPortInitialiseBlocks                    0x08021d87   Thumb Code     2  heap_4.o(.text)
    pxPortInitialiseStack                    0x08021e2f   Thumb Code    32  port.o(.text)
    vPortSetupTimerInterrupt                 0x08021e4f   Thumb Code    26  port.o(.text)
    xPortStartScheduler                      0x08021e69   Thumb Code   108  port.o(.text)
    vPortEndScheduler                        0x08021ed5   Thumb Code    24  port.o(.text)
    vPortEnterCritical                       0x08021eed   Thumb Code    52  port.o(.text)
    vPortExitCritical                        0x08021f21   Thumb Code    34  port.o(.text)
    xPortSysTickHandler                      0x08021f43   Thumb Code    40  port.o(.text)
    vPortValidateInterruptPriority           0x08021f6b   Thumb Code    72  port.o(.text)
    __use_no_semihosting                     0x08022005   Thumb Code     2  use_no_semi_2.o(.text)
    __aeabi_uldivmod                         0x08022007   Thumb Code     0  lludivv7m.o(.text)
    _ll_udiv                                 0x08022007   Thumb Code   238  lludivv7m.o(.text)
    __2printf                                0x080220f5   Thumb Code    20  noretval__2printf.o(.text)
    __2sprintf                               0x0802210d   Thumb Code    34  noretval__2sprintf.o(.text)
    _printf_str                              0x08022135   Thumb Code    82  _printf_str.o(.text)
    _printf_int_dec                          0x08022189   Thumb Code   104  _printf_dec.o(.text)
    _printf_int_hex                          0x08022201   Thumb Code    84  _printf_hex_int.o(.text)
    _printf_longlong_hex                     0x08022201   Thumb Code     0  _printf_hex_int.o(.text)
    __printf                                 0x08022259   Thumb Code   270  __printf_wp.o(.text)
    memcmp                                   0x08022367   Thumb Code    88  memcmp.o(.text)
    strcpy                                   0x080223bf   Thumb Code    72  strcpy.o(.text)
    strlen                                   0x08022407   Thumb Code    62  strlen.o(.text)
    __aeabi_memcpy                           0x08022445   Thumb Code     0  rt_memcpy_v6.o(.text)
    __rt_memcpy                              0x08022445   Thumb Code   138  rt_memcpy_v6.o(.text)
    _memcpy_lastbytes                        0x080224ab   Thumb Code     0  rt_memcpy_v6.o(.text)
    __aeabi_memcpy4                          0x080224cf   Thumb Code     0  rt_memcpy_w.o(.text)
    __aeabi_memcpy8                          0x080224cf   Thumb Code     0  rt_memcpy_w.o(.text)
    __rt_memcpy_w                            0x080224cf   Thumb Code   100  rt_memcpy_w.o(.text)
    _memcpy_lastbytes_aligned                0x08022517   Thumb Code     0  rt_memcpy_w.o(.text)
    __aeabi_memset                           0x08022533   Thumb Code    16  aeabi_memset.o(.text)
    __aeabi_memclr4                          0x08022543   Thumb Code     0  rt_memclr_w.o(.text)
    __aeabi_memclr8                          0x08022543   Thumb Code     0  rt_memclr_w.o(.text)
    __rt_memclr_w                            0x08022543   Thumb Code    78  rt_memclr_w.o(.text)
    _memset_w                                0x08022547   Thumb Code     0  rt_memclr_w.o(.text)
    strcmp                                   0x08022591   Thumb Code   128  strcmpv7m.o(.text)
    __use_two_region_memory                  0x08022611   Thumb Code     2  heapauxi.o(.text)
    __rt_heap_escrow$2region                 0x08022613   Thumb Code     2  heapauxi.o(.text)
    __rt_heap_expand$2region                 0x08022615   Thumb Code     2  heapauxi.o(.text)
    __I$use$semihosting                      0x08022617   Thumb Code     0  use_no_semi.o(.text)
    __use_no_semihosting_swi                 0x08022617   Thumb Code     2  use_no_semi.o(.text)
    _printf_int_common                       0x08022619   Thumb Code   178  _printf_intcommon.o(.text)
    _printf_char_common                      0x080226d7   Thumb Code    32  _printf_char_common.o(.text)
    _sputc                                   0x080226fd   Thumb Code    10  _sputc.o(.text)
    _printf_cs_common                        0x08022707   Thumb Code    20  _printf_char.o(.text)
    _printf_char                             0x0802271b   Thumb Code    16  _printf_char.o(.text)
    _printf_string                           0x0802272b   Thumb Code     8  _printf_char.o(.text)
    _printf_char_file                        0x08022735   Thumb Code    32  _printf_char_file.o(.text)
    __aeabi_memclr                           0x08022759   Thumb Code     0  rt_memclr.o(.text)
    __rt_memclr                              0x08022759   Thumb Code    68  rt_memclr.o(.text)
    _memset                                  0x0802275d   Thumb Code     0  rt_memclr.o(.text)
    ferror                                   0x0802279d   Thumb Code     8  ferror.o(.text)
    __user_setup_stackheap                   0x080227a5   Thumb Code    74  sys_stackheap_outer.o(.text)
    exit                                     0x080227ef   Thumb Code    18  exit.o(.text)
    __user_libspace                          0x08022801   Thumb Code     8  libspace.o(.text)
    __user_perproc_libspace                  0x08022801   Thumb Code     0  libspace.o(.text)
    __user_perthread_libspace                0x08022801   Thumb Code     0  libspace.o(.text)
    _is_digit                                0x08022809   Thumb Code    14  __printf_wp.o(i._is_digit)
    __aeabi_f2uiz                            0x08022819   Thumb Code     0  ffixu.o(x$fpl$ffixu)
    _ffixu                                   0x08022819   Thumb Code    62  ffixu.o(x$fpl$ffixu)
    __aeabi_fmul                             0x08022859   Thumb Code     0  fmul.o(x$fpl$fmul)
    _fmul                                    0x08022859   Thumb Code   258  fmul.o(x$fpl$fmul)
    __fpl_fnaninf                            0x0802295b   Thumb Code   140  fnaninf.o(x$fpl$fnaninf)
    __fpl_fretinf                            0x080229e7   Thumb Code    10  fretinf.o(x$fpl$fretinf)
    __I$use$fp                               0x080229f0   Number         0  usenofp.o(x$fpl$usenofp)
    ascii_1206                               0x080229f0   Data        1140  lcdfont.o(.constdata)
    ascii_1608                               0x08022e64   Data        1520  lcdfont.o(.constdata)
    ascii_2412                               0x08023454   Data        4560  lcdfont.o(.constdata)
    ascii_3216                               0x08024624   Data        6080  lcdfont.o(.constdata)
    tfont12                                  0x08025de4   Data         130  lcdfont.o(.constdata)
    tfont16                                  0x08025e66   Data         170  lcdfont.o(.constdata)
    tfont24                                  0x08025f10   Data         370  lcdfont.o(.constdata)
    tfont32                                  0x08026082   Data         650  lcdfont.o(.constdata)
    TPX                                      0x0802630c   Data          10  gt9xx.o(.constdata)
    POINT_COLOR_TBL                          0x08026316   Data          10  gt9xx.o(.constdata)
    _lv_bpp1_opa_table                       0x08026334   Data           2  lv_draw_label.o(.constdata)
    _lv_bpp2_opa_table                       0x0802633a   Data           4  lv_draw_label.o(.constdata)
    _lv_bpp4_opa_table                       0x0802633e   Data          16  lv_draw_label.o(.constdata)
    _lv_bpp8_opa_table                       0x0802634e   Data         256  lv_draw_label.o(.constdata)
    lv_anim_path_def                         0x08029880   Data           8  lv_anim.o(.constdata)
    Region$$Table$$Base                      0x08029a70   Number         0  anon$$obj.o(Region$$Table)
    Region$$Table$$Limit                     0x08029a90   Number         0  anon$$obj.o(Region$$Table)
    SystemCoreClock                          0x20000000   Data           4  system_stm32f10x.o(.data)
    AHBPrescTable                            0x20000004   Data          16  system_stm32f10x.o(.data)
    __stdout                                 0x2000001c   Data           4  usart.o(.data)
    indev_touchpad                           0x20000038   Data           4  lv_port_indev.o(.data)
    lv_font_montserrat_14                    0x200000a4   Data          20  lv_font_montserrat_14.o(.data)
    _lv_img_cache_array                      0x200000d0   Data           4  lv_gc.o(.data)
    _lv_task_act                             0x200000d4   Data           4  lv_gc.o(.data)
    _lv_theme_material_styles                0x200000d8   Data           4  lv_gc.o(.data)
    _lv_theme_template_styles                0x200000dc   Data           4  lv_gc.o(.data)
    _lv_theme_mono_styles                    0x200000e0   Data           4  lv_gc.o(.data)
    _lv_theme_empty_styles                   0x200000e4   Data           4  lv_gc.o(.data)
    _lv_font_decompr_buf                     0x200000e8   Data           4  lv_gc.o(.data)
    _lv_txt_encoded_size                     0x2000011c   Data           4  lv_txt.o(.data)
    _lv_txt_encoded_next                     0x20000120   Data           4  lv_txt.o(.data)
    _lv_txt_encoded_get_byte_id              0x20000124   Data           4  lv_txt.o(.data)
    _lv_txt_encoded_prev                     0x20000128   Data           4  lv_txt.o(.data)
    _lv_txt_encoded_get_char_id              0x2000012c   Data           4  lv_txt.o(.data)
    _lv_txt_get_encoded_length               0x20000130   Data           4  lv_txt.o(.data)
    pxCurrentTCB                             0x20000178   Data           4  tasks.o(.data)
    TouchInfo                                0x200001ec   Data          24  gt9xx.o(.bss)
    _lv_task_ll                              0x20001c28   Data          12  lv_gc.o(.bss)
    _lv_disp_ll                              0x20001c34   Data          12  lv_gc.o(.bss)
    _lv_indev_ll                             0x20001c40   Data          12  lv_gc.o(.bss)
    _lv_drv_ll                               0x20001c4c   Data          12  lv_gc.o(.bss)
    _lv_file_ll                              0x20001c58   Data          12  lv_gc.o(.bss)
    _lv_anim_ll                              0x20001c64   Data          12  lv_gc.o(.bss)
    _lv_group_ll                             0x20001c70   Data          12  lv_gc.o(.bss)
    _lv_img_defoder_ll                       0x20001c7c   Data          12  lv_gc.o(.bss)
    _lv_obj_style_trans_ll                   0x20001c88   Data          12  lv_gc.o(.bss)
    _lv_mem_buf                              0x20001c94   Data         128  lv_gc.o(.bss)
    _lv_draw_mask_list                       0x20001d14   Data         128  lv_gc.o(.bss)
    xQueueRegistry                           0x20009ddc   Data          64  queue.o(.bss)
    __libspace_start                         0x2000f128   Data          96  libspace.o(.bss)
    __temporary_stack_top$libspace           0x2000f188   Data           0  libspace.o(.bss)



==============================================================================

Memory Map of the image

  Image Entry point : 0x08000131

  Load Region LR_IROM1 (Base: 0x08000000, Size: 0x00029c7c, Max: 0x00080000, ABSOLUTE, COMPRESSED[0x00029afc])

    Execution Region ER_IROM1 (Exec base: 0x08000000, Load base: 0x08000000, Size: 0x00029a90, Max: 0x00080000, ABSOLUTE)

    Exec Addr    Load Addr    Size         Type   Attr      Idx    E Section Name        Object

    0x08000000   0x08000000   0x00000130   Data   RO          958    RESET               startup_stm32f10x_hd.o
    0x08000130   0x08000130   0x00000008   Code   RO         6195  * !!!main             c_w.l(__main.o)
    0x08000138   0x08000138   0x00000034   Code   RO         6394    !!!scatter          c_w.l(__scatter.o)
    0x0800016c   0x0800016c   0x0000005a   Code   RO         6392    !!dczerorl2         c_w.l(__dczerorl2.o)
    0x080001c6   0x080001c6   0x00000002   PAD
    0x080001c8   0x080001c8   0x0000001c   Code   RO         6396    !!handler_zi        c_w.l(__scatter_zi.o)
    0x080001e4   0x080001e4   0x00000000   Code   RO         6172    .ARM.Collect$$_printf_percent$$00000000  c_w.l(_printf_percent.o)
    0x080001e4   0x080001e4   0x00000006   Code   RO         6170    .ARM.Collect$$_printf_percent$$00000009  c_w.l(_printf_d.o)
    0x080001ea   0x080001ea   0x00000006   Code   RO         6171    .ARM.Collect$$_printf_percent$$0000000A  c_w.l(_printf_u.o)
    0x080001f0   0x080001f0   0x00000006   Code   RO         6169    .ARM.Collect$$_printf_percent$$0000000C  c_w.l(_printf_x.o)
    0x080001f6   0x080001f6   0x00000006   Code   RO         6167    .ARM.Collect$$_printf_percent$$00000013  c_w.l(_printf_c.o)
    0x080001fc   0x080001fc   0x00000006   Code   RO         6168    .ARM.Collect$$_printf_percent$$00000014  c_w.l(_printf_s.o)
    0x08000202   0x08000202   0x00000004   Code   RO         6220    .ARM.Collect$$_printf_percent$$00000017  c_w.l(_printf_percent_end.o)
    0x08000206   0x08000206   0x00000002   Code   RO         6264    .ARM.Collect$$libinit$$00000000  c_w.l(libinit.o)
    0x08000208   0x08000208   0x00000000   Code   RO         6277    .ARM.Collect$$libinit$$00000002  c_w.l(libinit2.o)
    0x08000208   0x08000208   0x00000000   Code   RO         6279    .ARM.Collect$$libinit$$00000004  c_w.l(libinit2.o)
    0x08000208   0x08000208   0x00000000   Code   RO         6282    .ARM.Collect$$libinit$$0000000A  c_w.l(libinit2.o)
    0x08000208   0x08000208   0x00000000   Code   RO         6284    .ARM.Collect$$libinit$$0000000C  c_w.l(libinit2.o)
    0x08000208   0x08000208   0x00000000   Code   RO         6286    .ARM.Collect$$libinit$$0000000E  c_w.l(libinit2.o)
    0x08000208   0x08000208   0x00000000   Code   RO         6289    .ARM.Collect$$libinit$$00000011  c_w.l(libinit2.o)
    0x08000208   0x08000208   0x00000000   Code   RO         6291    .ARM.Collect$$libinit$$00000013  c_w.l(libinit2.o)
    0x08000208   0x08000208   0x00000000   Code   RO         6293    .ARM.Collect$$libinit$$00000015  c_w.l(libinit2.o)
    0x08000208   0x08000208   0x00000000   Code   RO         6295    .ARM.Collect$$libinit$$00000017  c_w.l(libinit2.o)
    0x08000208   0x08000208   0x00000000   Code   RO         6297    .ARM.Collect$$libinit$$00000019  c_w.l(libinit2.o)
    0x08000208   0x08000208   0x00000000   Code   RO         6299    .ARM.Collect$$libinit$$0000001B  c_w.l(libinit2.o)
    0x08000208   0x08000208   0x00000000   Code   RO         6301    .ARM.Collect$$libinit$$0000001D  c_w.l(libinit2.o)
    0x08000208   0x08000208   0x00000000   Code   RO         6303    .ARM.Collect$$libinit$$0000001F  c_w.l(libinit2.o)
    0x08000208   0x08000208   0x00000000   Code   RO         6305    .ARM.Collect$$libinit$$00000021  c_w.l(libinit2.o)
    0x08000208   0x08000208   0x00000000   Code   RO         6307    .ARM.Collect$$libinit$$00000023  c_w.l(libinit2.o)
    0x08000208   0x08000208   0x00000000   Code   RO         6309    .ARM.Collect$$libinit$$00000025  c_w.l(libinit2.o)
    0x08000208   0x08000208   0x00000000   Code   RO         6313    .ARM.Collect$$libinit$$0000002C  c_w.l(libinit2.o)
    0x08000208   0x08000208   0x00000000   Code   RO         6315    .ARM.Collect$$libinit$$0000002E  c_w.l(libinit2.o)
    0x08000208   0x08000208   0x00000000   Code   RO         6317    .ARM.Collect$$libinit$$00000030  c_w.l(libinit2.o)
    0x08000208   0x08000208   0x00000000   Code   RO         6319    .ARM.Collect$$libinit$$00000032  c_w.l(libinit2.o)
    0x08000208   0x08000208   0x00000002   Code   RO         6320    .ARM.Collect$$libinit$$00000033  c_w.l(libinit2.o)
    0x0800020a   0x0800020a   0x00000002   Code   RO         6346    .ARM.Collect$$libshutdown$$00000000  c_w.l(libshutdown.o)
    0x0800020c   0x0800020c   0x00000000   Code   RO         6373    .ARM.Collect$$libshutdown$$00000002  c_w.l(libshutdown2.o)
    0x0800020c   0x0800020c   0x00000000   Code   RO         6375    .ARM.Collect$$libshutdown$$00000004  c_w.l(libshutdown2.o)
    0x0800020c   0x0800020c   0x00000000   Code   RO         6377    .ARM.Collect$$libshutdown$$00000006  c_w.l(libshutdown2.o)
    0x0800020c   0x0800020c   0x00000000   Code   RO         6380    .ARM.Collect$$libshutdown$$00000009  c_w.l(libshutdown2.o)
    0x0800020c   0x0800020c   0x00000000   Code   RO         6383    .ARM.Collect$$libshutdown$$0000000C  c_w.l(libshutdown2.o)
    0x0800020c   0x0800020c   0x00000000   Code   RO         6385    .ARM.Collect$$libshutdown$$0000000E  c_w.l(libshutdown2.o)
    0x0800020c   0x0800020c   0x00000000   Code   RO         6388    .ARM.Collect$$libshutdown$$00000011  c_w.l(libshutdown2.o)
    0x0800020c   0x0800020c   0x00000002   Code   RO         6389    .ARM.Collect$$libshutdown$$00000012  c_w.l(libshutdown2.o)
    0x0800020e   0x0800020e   0x00000000   Code   RO         6205    .ARM.Collect$$rtentry$$00000000  c_w.l(__rtentry.o)
    0x0800020e   0x0800020e   0x00000000   Code   RO         6229    .ARM.Collect$$rtentry$$00000002  c_w.l(__rtentry2.o)
    0x0800020e   0x0800020e   0x00000006   Code   RO         6241    .ARM.Collect$$rtentry$$00000004  c_w.l(__rtentry4.o)
    0x08000214   0x08000214   0x00000000   Code   RO         6231    .ARM.Collect$$rtentry$$00000009  c_w.l(__rtentry2.o)
    0x08000214   0x08000214   0x00000004   Code   RO         6232    .ARM.Collect$$rtentry$$0000000A  c_w.l(__rtentry2.o)
    0x08000218   0x08000218   0x00000000   Code   RO         6234    .ARM.Collect$$rtentry$$0000000C  c_w.l(__rtentry2.o)
    0x08000218   0x08000218   0x00000008   Code   RO         6235    .ARM.Collect$$rtentry$$0000000D  c_w.l(__rtentry2.o)
    0x08000220   0x08000220   0x00000002   Code   RO         6268    .ARM.Collect$$rtexit$$00000000  c_w.l(rtexit.o)
    0x08000222   0x08000222   0x00000000   Code   RO         6322    .ARM.Collect$$rtexit$$00000002  c_w.l(rtexit2.o)
    0x08000222   0x08000222   0x00000004   Code   RO         6323    .ARM.Collect$$rtexit$$00000003  c_w.l(rtexit2.o)
    0x08000226   0x08000226   0x00000006   Code   RO         6324    .ARM.Collect$$rtexit$$00000004  c_w.l(rtexit2.o)
    0x0800022c   0x0800022c   0x00000096   Code   RO         6075    .emb_text           port.o
    0x080002c2   0x080002c2   0x00000002   PAD
    0x080002c4   0x080002c4   0x00000238   Code   RO            1    .text               main.o
    0x080004fc   0x080004fc   0x0000000c   Code   RO          431    .text               stm32f10x_it.o
    0x08000508   0x08000508   0x00000158   Code   RO          529    .text               system_stm32f10x.o
    0x08000660   0x08000660   0x00000050   Code   RO          606    .text               led.o
    0x080006b0   0x080006b0   0x00000084   Code   RO          669    .text               timer.o
    0x08000734   0x08000734   0x00000974   Code   RO          690    .text               lcd.o
    0x080010a8   0x080010a8   0x00000348   Code   RO          703    .text               lcd_init.o
    0x080013f0   0x080013f0   0x000000a0   Code   RO          716    .text               spi.o
    0x08001490   0x08001490   0x00000254   Code   RO          763    .text               my_iic.o
    0x080016e4   0x080016e4   0x00000630   Code   RO          868    .text               gt9xx.o
    0x08001d14   0x08001d14   0x000000d8   Code   RO          889    .text               delay.o
    0x08001dec   0x08001dec   0x000001ac   Code   RO          920    .text               usart.o
    0x08001f98   0x08001f98   0x00000040   Code   RO          959    .text               startup_stm32f10x_hd.o
    0x08001fd8   0x08001fd8   0x000000b0   Code   RO          963    .text               misc.o
    0x08002088   0x08002088   0x00000264   Code   RO          975    .text               stm32f10x_gpio.o
    0x080022ec   0x080022ec   0x000002b8   Code   RO          987    .text               stm32f10x_rcc.o
    0x080025a4   0x080025a4   0x00000af0   Code   RO         1001    .text               stm32f10x_tim.o
    0x08003094   0x08003094   0x00000328   Code   RO         1014    .text               stm32f10x_usart.o
    0x080033bc   0x080033bc   0x00000274   Code   RO         1026    .text               stm32f10x_spi.o
    0x08003630   0x08003630   0x000000e8   Code   RO         1124    .text               stm32f10x_exti.o
    0x08003718   0x08003718   0x00000064   Code   RO         1136    .text               lv_port_disp.o
    0x0800377c   0x0800377c   0x00000060   Code   RO         1149    .text               lv_port_indev.o
    0x080037dc   0x080037dc   0x0000041c   Code   RO         1177    .text               lv_disp.o
    0x08003bf8   0x08003bf8   0x0000048e   Code   RO         1309    .text               lv_group.o
    0x08004086   0x08004086   0x00000002   PAD
    0x08004088   0x08004088   0x000013e0   Code   RO         1423    .text               lv_indev.o
    0x08005468   0x08005468   0x000040c8   Code   RO         1461    .text               lv_obj.o
    0x08009530   0x08009530   0x00000c98   Code   RO         1559    .text               lv_refr.o
    0x0800a1c8   0x0800a1c8   0x000009fa   Code   RO         1612    .text               lv_style.o
    0x0800abc2   0x0800abc2   0x00000002   PAD
    0x0800abc4   0x0800abc4   0x00000e28   Code   RO         1712    .text               lv_draw_blend.o
    0x0800b9ec   0x0800b9ec   0x00000948   Code   RO         1821    .text               lv_draw_img.o
    0x0800c334   0x0800c334   0x00000c58   Code   RO         1894    .text               lv_draw_label.o
    0x0800cf8c   0x0800cf8c   0x00000918   Code   RO         1971    .text               lv_draw_line.o
    0x0800d8a4   0x0800d8a4   0x00000f4c   Code   RO         2043    .text               lv_draw_mask.o
    0x0800e7f0   0x0800e7f0   0x00001e80   Code   RO         2086    .text               lv_draw_rect.o
    0x08010670   0x08010670   0x00000b0c   Code   RO         2174    .text               lv_img_buf.o
    0x0801117c   0x0801117c   0x000001e0   Code   RO         2208    .text               lv_img_cache.o
    0x0801135c   0x0801135c   0x0000083c   Code   RO         2247    .text               lv_img_decoder.o
    0x08011b98   0x08011b98   0x00000024   Code   RO         2299    .text               lv_font.o
    0x08011bbc   0x08011bbc   0x00000594   Code   RO         2604    .text               lv_font_fmt_txt.o
    0x08012150   0x08012150   0x000003a4   Code   RO         2857    .text               lv_hal_disp.o
    0x080124f4   0x080124f4   0x00000108   Code   RO         3002    .text               lv_hal_indev.o
    0x080125fc   0x080125fc   0x00000030   Code   RO         3102    .text               lv_hal_tick.o
    0x0801262c   0x0801262c   0x000004a8   Code   RO         3123    .text               lv_anim.o
    0x08012ad4   0x08012ad4   0x00000528   Code   RO         3198    .text               lv_area.o
    0x08012ffc   0x08012ffc   0x00000050   Code   RO         3218    .text               lv_async.o
    0x0801304c   0x0801304c   0x000002f0   Code   RO         3263    .text               lv_color.o
    0x0801333c   0x0801333c   0x000000bc   Code   RO         3279    .text               lv_debug.o
    0x080133f8   0x080133f8   0x000004d0   Code   RO         3295    .text               lv_fs.o
    0x080138c8   0x080138c8   0x000000c0   Code   RO         3321    .text               lv_gc.o
    0x08013988   0x08013988   0x000002d4   Code   RO         3343    .text               lv_ll.o
    0x08013c5c   0x08013c5c   0x000001ac   Code   RO         3362    .text               lv_math.o
    0x08013e08   0x08013e08   0x00000670   Code   RO         3382    .text               lv_mem.o
    0x08014478   0x08014478   0x0000064c   Code   RO         3401    .text               lv_printf.o
    0x08014ac4   0x08014ac4   0x00000310   Code   RO         3413    .text               lv_task.o
    0x08014dd4   0x08014dd4   0x000006b4   Code   RO         3433    .text               lv_txt.o
    0x08015488   0x08015488   0x000000a8   Code   RO         3532    .text               lv_utils.o
    0x08015530   0x08015530   0x00000200   Code   RO         3547    .text               lv_theme.o
    0x08015730   0x08015730   0x00003f80   Code   RO         3840    .text               lv_theme_material.o
    0x080196b0   0x080196b0   0x00000b26   Code   RO         4301    .text               lv_bar.o
    0x0801a1d6   0x0801a1d6   0x00000002   PAD
    0x0801a1d8   0x0801a1d8   0x00000cd8   Code   RO         4657    .text               lv_cont.o
    0x0801aeb0   0x0801aeb0   0x00001554   Code   RO         5160    .text               lv_label.o
    0x0801c404   0x0801c404   0x0000174c   Code   RO         5477    .text               lv_page.o
    0x0801db50   0x0801db50   0x0000101e   Code   RO         5553    .text               lv_roller.o
    0x0801eb6e   0x0801eb6e   0x00000002   PAD
    0x0801eb70   0x0801eb70   0x00000800   Code   RO         5579    .text               lv_slider.o
    0x0801f370   0x0801f370   0x000004f0   Code   RO         5683    .text               lv_switch.o
    0x0801f860   0x0801f860   0x00000088   Code   RO         5982    .text               list.o
    0x0801f8e8   0x0801f8e8   0x00000aac   Code   RO         5994    .text               queue.o
    0x08020394   0x08020394   0x0000134c   Code   RO         6013    .text               tasks.o
    0x080216e0   0x080216e0   0x00000518   Code   RO         6045    .text               timers.o
    0x08021bf8   0x08021bf8   0x00000214   Code   RO         6060    .text               heap_4.o
    0x08021e0c   0x08021e0c   0x000001f8   Code   RO         6076    .text               port.o
    0x08022004   0x08022004   0x00000002   Code   RO         6108    .text               c_w.l(use_no_semi_2.o)
    0x08022006   0x08022006   0x000000ee   Code   RO         6110    .text               c_w.l(lludivv7m.o)
    0x080220f4   0x080220f4   0x00000018   Code   RO         6116    .text               c_w.l(noretval__2printf.o)
    0x0802210c   0x0802210c   0x00000028   Code   RO         6118    .text               c_w.l(noretval__2sprintf.o)
    0x08022134   0x08022134   0x00000052   Code   RO         6122    .text               c_w.l(_printf_str.o)
    0x08022186   0x08022186   0x00000002   PAD
    0x08022188   0x08022188   0x00000078   Code   RO         6124    .text               c_w.l(_printf_dec.o)
    0x08022200   0x08022200   0x00000058   Code   RO         6129    .text               c_w.l(_printf_hex_int.o)
    0x08022258   0x08022258   0x0000010e   Code   RO         6155    .text               c_w.l(__printf_wp.o)
    0x08022366   0x08022366   0x00000058   Code   RO         6173    .text               c_w.l(memcmp.o)
    0x080223be   0x080223be   0x00000048   Code   RO         6175    .text               c_w.l(strcpy.o)
    0x08022406   0x08022406   0x0000003e   Code   RO         6177    .text               c_w.l(strlen.o)
    0x08022444   0x08022444   0x0000008a   Code   RO         6181    .text               c_w.l(rt_memcpy_v6.o)
    0x080224ce   0x080224ce   0x00000064   Code   RO         6183    .text               c_w.l(rt_memcpy_w.o)
    0x08022532   0x08022532   0x00000010   Code   RO         6185    .text               c_w.l(aeabi_memset.o)
    0x08022542   0x08022542   0x0000004e   Code   RO         6187    .text               c_w.l(rt_memclr_w.o)
    0x08022590   0x08022590   0x00000080   Code   RO         6191    .text               c_w.l(strcmpv7m.o)
    0x08022610   0x08022610   0x00000006   Code   RO         6193    .text               c_w.l(heapauxi.o)
    0x08022616   0x08022616   0x00000002   Code   RO         6203    .text               c_w.l(use_no_semi.o)
    0x08022618   0x08022618   0x000000b2   Code   RO         6210    .text               c_w.l(_printf_intcommon.o)
    0x080226ca   0x080226ca   0x00000002   PAD
    0x080226cc   0x080226cc   0x00000030   Code   RO         6212    .text               c_w.l(_printf_char_common.o)
    0x080226fc   0x080226fc   0x0000000a   Code   RO         6214    .text               c_w.l(_sputc.o)
    0x08022706   0x08022706   0x0000002c   Code   RO         6216    .text               c_w.l(_printf_char.o)
    0x08022732   0x08022732   0x00000002   PAD
    0x08022734   0x08022734   0x00000024   Code   RO         6218    .text               c_w.l(_printf_char_file.o)
    0x08022758   0x08022758   0x00000044   Code   RO         6221    .text               c_w.l(rt_memclr.o)
    0x0802279c   0x0802279c   0x00000008   Code   RO         6247    .text               c_w.l(ferror.o)
    0x080227a4   0x080227a4   0x0000004a   Code   RO         6251    .text               c_w.l(sys_stackheap_outer.o)
    0x080227ee   0x080227ee   0x00000012   Code   RO         6253    .text               c_w.l(exit.o)
    0x08022800   0x08022800   0x00000008   Code   RO         6265    .text               c_w.l(libspace.o)
    0x08022808   0x08022808   0x0000000e   Code   RO         6157    i._is_digit         c_w.l(__printf_wp.o)
    0x08022816   0x08022816   0x00000002   PAD
    0x08022818   0x08022818   0x0000003e   Code   RO         6197    x$fpl$ffixu         fz_ws.l(ffixu.o)
    0x08022856   0x08022856   0x00000002   PAD
    0x08022858   0x08022858   0x00000102   Code   RO         6201    x$fpl$fmul          fz_ws.l(fmul.o)
    0x0802295a   0x0802295a   0x0000008c   Code   RO         6223    x$fpl$fnaninf       fz_ws.l(fnaninf.o)
    0x080229e6   0x080229e6   0x0000000a   Code   RO         6225    x$fpl$fretinf       fz_ws.l(fretinf.o)
    0x080229f0   0x080229f0   0x00000000   Code   RO         6227    x$fpl$usenofp       fz_ws.l(usenofp.o)
    0x080229f0   0x080229f0   0x00000474   Data   RO          728    .constdata          lcdfont.o
    0x08022e64   0x08022e64   0x000005f0   Data   RO          729    .constdata          lcdfont.o
    0x08023454   0x08023454   0x000011d0   Data   RO          730    .constdata          lcdfont.o
    0x08024624   0x08024624   0x000017c0   Data   RO          731    .constdata          lcdfont.o
    0x08025de4   0x08025de4   0x00000082   Data   RO          732    .constdata          lcdfont.o
    0x08025e66   0x08025e66   0x000000aa   Data   RO          733    .constdata          lcdfont.o
    0x08025f10   0x08025f10   0x00000172   Data   RO          734    .constdata          lcdfont.o
    0x08026082   0x08026082   0x0000028a   Data   RO          735    .constdata          lcdfont.o
    0x0802630c   0x0802630c   0x00000014   Data   RO          870    .constdata          gt9xx.o
    0x08026320   0x08026320   0x00000002   Data   RO         1462    .constdata          lv_obj.o
    0x08026322   0x08026322   0x00000002   PAD
    0x08026324   0x08026324   0x00000002   Data   RO         1560    .constdata          lv_refr.o
    0x08026326   0x08026326   0x00000002   PAD
    0x08026328   0x08026328   0x0000000a   Data   RO         1822    .constdata          lv_draw_img.o
    0x08026332   0x08026332   0x00000002   PAD
    0x08026334   0x08026334   0x0000011a   Data   RO         1896    .constdata          lv_draw_label.o
    0x0802644e   0x0802644e   0x00000021   Data   RO         1972    .constdata          lv_draw_line.o
    0x0802646f   0x0802646f   0x00000001   PAD
    0x08026470   0x08026470   0x00000002   Data   RO         2087    .constdata          lv_draw_rect.o
    0x08026472   0x08026472   0x0000219a   Data   RO         2697    .constdata          lv_font_montserrat_14.o
    0x0802860c   0x0802860c   0x000004d8   Data   RO         2698    .constdata          lv_font_montserrat_14.o
    0x08028ae4   0x08028ae4   0x00000076   Data   RO         2699    .constdata          lv_font_montserrat_14.o
    0x08028b5a   0x08028b5a   0x00000002   PAD
    0x08028b5c   0x08028b5c   0x00000028   Data   RO         2700    .constdata          lv_font_montserrat_14.o
    0x08028b84   0x08028b84   0x0000009b   Data   RO         2701    .constdata          lv_font_montserrat_14.o
    0x08028c1f   0x08028c1f   0x0000009b   Data   RO         2702    .constdata          lv_font_montserrat_14.o
    0x08028cba   0x08028cba   0x00000bad   Data   RO         2703    .constdata          lv_font_montserrat_14.o
    0x08029867   0x08029867   0x00000001   PAD
    0x08029868   0x08029868   0x00000010   Data   RO         2704    .constdata          lv_font_montserrat_14.o
    0x08029878   0x08029878   0x00000006   Data   RO         2858    .constdata          lv_hal_disp.o
    0x0802987e   0x0802987e   0x00000002   PAD
    0x08029880   0x08029880   0x00000008   Data   RO         3124    .constdata          lv_anim.o
    0x08029888   0x08029888   0x00000002   Data   RO         3264    .constdata          lv_color.o
    0x0802988a   0x0802988a   0x00000011   Data   RO         3280    .constdata          lv_debug.o
    0x0802989b   0x0802989b   0x00000001   PAD
    0x0802989c   0x0802989c   0x000000b6   Data   RO         3363    .constdata          lv_math.o
    0x08029952   0x08029952   0x00000002   PAD
    0x08029954   0x08029954   0x00000046   Data   RO         3842    .constdata          lv_theme_material.o
    0x0802999a   0x0802999a   0x00000028   Data   RO         6130    .constdata          c_w.l(_printf_hex_int.o)
    0x080299c2   0x080299c2   0x00000002   PAD
    0x080299c4   0x080299c4   0x00000056   Data   RO            2    .conststring        main.o
    0x08029a1a   0x08029a1a   0x00000002   PAD
    0x08029a1c   0x08029a1c   0x00000051   Data   RO         3386    .conststring        lv_mem.o
    0x08029a6d   0x08029a6d   0x00000003   PAD
    0x08029a70   0x08029a70   0x00000020   Data   RO         6390    Region$$Table       anon$$obj.o


    Execution Region RW_IRAM1 (Exec base: 0x20000000, Load base: 0x08029a90, Size: 0x0000fb88, Max: 0x00010000, ABSOLUTE, COMPRESSED[0x0000006c])

    Exec Addr    Load Addr    Size         Type   Attr      Idx    E Section Name        Object

    0x20000000   COMPRESSED   0x00000014   Data   RW          530    .data               system_stm32f10x.o
    0x20000014   COMPRESSED   0x00000001   Data   RW          871    .data               gt9xx.o
    0x20000015   COMPRESSED   0x00000001   PAD
    0x20000016   COMPRESSED   0x00000004   Data   RW          890    .data               delay.o
    0x2000001a   COMPRESSED   0x00000002   PAD
    0x2000001c   COMPRESSED   0x00000004   Data   RW          921    .data               usart.o
    0x20000020   COMPRESSED   0x00000014   Data   RW          988    .data               stm32f10x_rcc.o
    0x20000034   COMPRESSED   0x00000008   Data   RW         1150    .data               lv_port_indev.o
    0x2000003c   COMPRESSED   0x00000008   Data   RW         1424    .data               lv_indev.o
    0x20000044   COMPRESSED   0x0000000c   Data   RW         1463    .data               lv_obj.o
    0x20000050   COMPRESSED   0x00000020   Data   RW         1561    .data               lv_refr.o
    0x20000070   COMPRESSED   0x00000008   Data   RW         1898    .data               lv_draw_label.o
    0x20000078   COMPRESSED   0x00000002   Data   RW         2209    .data               lv_img_cache.o
    0x2000007a   COMPRESSED   0x00000002   PAD
    0x2000007c   COMPRESSED   0x0000000c   Data   RW         2605    .data               lv_font_fmt_txt.o
    0x20000088   COMPRESSED   0x0000001c   Data   RW         2705    .data               lv_font_montserrat_14.o
    0x200000a4   COMPRESSED   0x00000014   Data   RW         2706    .data               lv_font_montserrat_14.o
    0x200000b8   COMPRESSED   0x00000004   Data   RW         2859    .data               lv_hal_disp.o
    0x200000bc   COMPRESSED   0x00000008   Data   RW         3103    .data               lv_hal_tick.o
    0x200000c4   COMPRESSED   0x0000000c   Data   RW         3125    .data               lv_anim.o
    0x200000d0   COMPRESSED   0x0000001c   Data   RW         3323    .data               lv_gc.o
    0x200000ec   COMPRESSED   0x00000020   Data   RW         3387    .data               lv_mem.o
    0x2000010c   COMPRESSED   0x00000010   Data   RW         3414    .data               lv_task.o
    0x2000011c   COMPRESSED   0x0000000c   Data   RW         3434    .data               lv_txt.o
    0x20000128   COMPRESSED   0x00000004   Data   RW         3437    .data               lv_txt.o
    0x2000012c   COMPRESSED   0x00000004   Data   RW         3438    .data               lv_txt.o
    0x20000130   COMPRESSED   0x00000004   Data   RW         3439    .data               lv_txt.o
    0x20000134   COMPRESSED   0x00000004   Data   RW         3548    .data               lv_theme.o
    0x20000138   COMPRESSED   0x00000004   Data   RW         3843    .data               lv_theme_material.o
    0x2000013c   COMPRESSED   0x00000008   Data   RW         4302    .data               lv_bar.o
    0x20000144   COMPRESSED   0x0000000c   Data   RW         4658    .data               lv_cont.o
    0x20000150   COMPRESSED   0x00000004   Data   RW         5161    .data               lv_label.o
    0x20000154   COMPRESSED   0x00000008   Data   RW         5478    .data               lv_page.o
    0x2000015c   COMPRESSED   0x0000000c   Data   RW         5554    .data               lv_roller.o
    0x20000168   COMPRESSED   0x00000008   Data   RW         5580    .data               lv_slider.o
    0x20000170   COMPRESSED   0x00000008   Data   RW         5684    .data               lv_switch.o
    0x20000178   COMPRESSED   0x0000003c   Data   RW         6015    .data               tasks.o
    0x200001b4   COMPRESSED   0x00000014   Data   RW         6047    .data               timers.o
    0x200001c8   COMPRESSED   0x00000018   Data   RW         6062    .data               heap_4.o
    0x200001e0   COMPRESSED   0x0000000c   Data   RW         6077    .data               port.o
    0x200001ec        -       0x00000018   Zero   RW          869    .bss                gt9xx.o
    0x20000204        -       0x00001924   Zero   RW         1137    .bss                lv_port_disp.o
    0x20001b28        -       0x00000100   Zero   RW         1895    .bss                lv_draw_label.o
    0x20001c28        -       0x0000016c   Zero   RW         3322    .bss                lv_gc.o
    0x20001d94        -       0x00008000   Zero   RW         3383    .bss                lv_mem.o
    0x20009d94        -       0x00000010   Zero   RW         3384    .bss                lv_mem.o
    0x20009da4        -       0x00000010   Zero   RW         3385    .bss                lv_mem.o
    0x20009db4        -       0x00000028   Zero   RW         3841    .bss                lv_theme_material.o
    0x20009ddc        -       0x00000040   Zero   RW         5995    .bss                queue.o
    0x20009e1c        -       0x000002e4   Zero   RW         6014    .bss                tasks.o
    0x2000a100        -       0x00000028   Zero   RW         6046    .bss                timers.o
    0x2000a128        -       0x00005000   Zero   RW         6061    .bss                heap_4.o
    0x2000f128        -       0x00000060   Zero   RW         6266    .bss                c_w.l(libspace.o)
    0x2000f188        -       0x00000200   Zero   RW          957    HEAP                startup_stm32f10x_hd.o
    0x2000f388        -       0x00000800   Zero   RW          956    STACK               startup_stm32f10x_hd.o


==============================================================================

Image component sizes


      Code (inc. data)   RO Data    RW Data    ZI Data      Debug   Object Name

       216         12          0          4          0       1609   delay.o
         0          0          0          0          0      10272   event_groups.o
      1584        168         20          1         24       6904   gt9xx.o
       532         66          0         24      20480       3408   heap_4.o
      2420         38          0          0          0      11883   lcd.o
       840         12          0          0          0       2699   lcd_init.o
         0          0      14620          0          0       1473   lcdfont.o
        80         10          0          0          0     205223   led.o
       136          0          0          0          0       1798   list.o
      1192         40          8         12          0      25395   lv_anim.o
         0          0          0          0          0      15962   lv_arc.o
      1320         22          0          0          0       6594   lv_area.o
        80          6          0          0          0       2518   lv_async.o
      2854         84          0          8          0      62830   lv_bar.o
         0          0          0          0          0       1372   lv_bidi.o
         0          0          0          0          0       3821   lv_calendar.o
       752         12          2          0          0       9465   lv_color.o
      3288         52          0         12          0      46308   lv_cont.o
       188          6         17          0          0       2281   lv_debug.o
      1052         30          0          0          0      67416   lv_disp.o
         0          0          0          0          0       9248   lv_draw_arc.o
      3624         16          0          0          0      44122   lv_draw_blend.o
      2376         50         10          0          0      43196   lv_draw_img.o
      3160         30        282          8        256      37867   lv_draw_label.o
      2328          4         33          0          0      28301   lv_draw_line.o
      3916         74          0          0          0      19914   lv_draw_mask.o
      7808          8          2          0          0      50579   lv_draw_rect.o
         0          0          0          0          0      15256   lv_dropdown.o
        36          0          0          0          0       3363   lv_font.o
         0          0          0          0          0       1792   lv_font_dejavu_16_persian_hebrew.o
      1428         58          0         12          0       9701   lv_font_fmt_txt.o
         0          0      13315         48          0       2188   lv_font_montserrat_14.o
      1232         30          0          0          0      14323   lv_fs.o
       192         10          0         28        364       2944   lv_gc.o
      1166         38          0          0          0      33370   lv_group.o
       932         36          6          4          0      30529   lv_hal_disp.o
       264         24          0          0          0      20723   lv_hal_indev.o
        48          6          0          8          0       1490   lv_hal_tick.o
      2828         32          0          0          0      20853   lv_img_buf.o
       480         30          0          2          0       7539   lv_img_cache.o
      2108         50          0          0          0      20511   lv_img_decoder.o
      5088         18          0          8          0      22842   lv_indev.o
      5460        144          0          4          0      58928   lv_label.o
       724          0          0          0          0       5561   lv_ll.o
       428          4        182          0          0       5087   lv_math.o
      1648         70         81         32      32800       8489   lv_mem.o
         0          0          0          0          0      10664   lv_msgbox.o
     16584        224          2         12          0     131679   lv_obj.o
      5964        112          0          8          0      66461   lv_page.o
       100          8          0          0       6436       1296   lv_port_disp.o
        96         12          0          8          0       1682   lv_port_indev.o
      1612         10          0          0          0       9187   lv_printf.o
      3224         44          2         32          0      48348   lv_refr.o
      4126        150          0         12          0      45567   lv_roller.o
      2048         62          0          8          0      35986   lv_slider.o
      2554         16          0          0          0      28095   lv_style.o
      1264         74          0          8          0      33891   lv_switch.o
       784         28          0         16          0       5544   lv_task.o
       512         48          0          4          0      35503   lv_theme.o
     16256        408         70          4         40      64425   lv_theme_material.o
      1716         34          0         24          0      12695   lv_txt.o
       168          0          0          0          0       1493   lv_utils.o
         0          0          0          0          0      10512   lvgl_demo.o
       568        116         86          0          0     292916   main.o
       176         14          0          0          0       1865   misc.o
       596          6          0          0          0     216817   my_iic.o
       654         94          0         12          0       7665   port.o
      2732         52          0          0         64      19524   queue.o
       160          8          0          0          0        620   spi.o
        64         26        304          0       2560        780   startup_stm32f10x_hd.o
       232          8          0          0          0       2375   stm32f10x_exti.o
       612         36          0          0          0       5997   stm32f10x_gpio.o
        12          0          0          0          0      51179   stm32f10x_it.o
       696         32          0         20          0       8960   stm32f10x_rcc.o
       628         14          0          0          0       7014   stm32f10x_spi.o
      2800         84          0          0          0      23930   stm32f10x_tim.o
       808         22          0          0          0       8860   stm32f10x_usart.o
         0          0          0          0          0         32   sys.o
       344         34          0         20          0       1731   system_stm32f10x.o
      4940        180          0         60        740      33278   tasks.o
       132          6          0          0          0        828   timer.o
      1304        128          0         20         40       9052   timers.o
       428         16          0          4          0       3902   usart.o

    ----------------------------------------------------------------------
    138712       3396      29094        492      63804    2248300   Object Totals
         0          0         32          0          0          0   (incl. Generated)
        10          0         20          5          0          0   (incl. Padding)

    ----------------------------------------------------------------------

      Code (inc. data)   RO Data    RW Data    ZI Data      Debug   Library Member Name

        90          0          0          0          0          0   __dczerorl2.o
         8          0          0          0          0         68   __main.o
       284          0          0          0          0        156   __printf_wp.o
         0          0          0          0          0          0   __rtentry.o
        12          0          0          0          0          0   __rtentry2.o
         6          0          0          0          0          0   __rtentry4.o
        52          8          0          0          0          0   __scatter.o
        28          0          0          0          0          0   __scatter_zi.o
         6          0          0          0          0          0   _printf_c.o
        44          0          0          0          0        108   _printf_char.o
        48          6          0          0          0         96   _printf_char_common.o
        36          4          0          0          0         80   _printf_char_file.o
         6          0          0          0          0          0   _printf_d.o
       120         16          0          0          0         92   _printf_dec.o
        88          4         40          0          0         88   _printf_hex_int.o
       178          0          0          0          0         88   _printf_intcommon.o
         0          0          0          0          0          0   _printf_percent.o
         4          0          0          0          0          0   _printf_percent_end.o
         6          0          0          0          0          0   _printf_s.o
        82          0          0          0          0         80   _printf_str.o
         6          0          0          0          0          0   _printf_u.o
         6          0          0          0          0          0   _printf_x.o
        10          0          0          0          0         68   _sputc.o
        16          0          0          0          0         68   aeabi_memset.o
        18          0          0          0          0         80   exit.o
         8          0          0          0          0         68   ferror.o
         6          0          0          0          0        152   heapauxi.o
         2          0          0          0          0          0   libinit.o
         2          0          0          0          0          0   libinit2.o
         2          0          0          0          0          0   libshutdown.o
         2          0          0          0          0          0   libshutdown2.o
         8          4          0          0         96         68   libspace.o
       238          0          0          0          0        100   lludivv7m.o
        88          0          0          0          0         76   memcmp.o
        24          4          0          0          0         84   noretval__2printf.o
        40          6          0          0          0         84   noretval__2sprintf.o
        68          0          0          0          0         68   rt_memclr.o
        78          0          0          0          0         80   rt_memclr_w.o
       138          0          0          0          0         68   rt_memcpy_v6.o
       100          0          0          0          0         80   rt_memcpy_w.o
         2          0          0          0          0          0   rtexit.o
        10          0          0          0          0          0   rtexit2.o
       128          0          0          0          0         68   strcmpv7m.o
        72          0          0          0          0         80   strcpy.o
        62          0          0          0          0         76   strlen.o
        74          0          0          0          0         80   sys_stackheap_outer.o
         2          0          0          0          0         68   use_no_semi.o
         2          0          0          0          0         68   use_no_semi_2.o
        62          4          0          0          0         84   ffixu.o
       258          4          0          0          0         84   fmul.o
       140          4          0          0          0         84   fnaninf.o
        10          0          0          0          0         68   fretinf.o
         0          0          0          0          0          0   usenofp.o

    ----------------------------------------------------------------------
      2792         64         42          0         96       2760   Library Totals
        12          0          2          0          0          0   (incl. Padding)

    ----------------------------------------------------------------------

      Code (inc. data)   RO Data    RW Data    ZI Data      Debug   Library Name

      2310         52         40          0         96       2440   c_w.l
       470         12          0          0          0        320   fz_ws.l

    ----------------------------------------------------------------------
      2792         64         42          0         96       2760   Library Totals

    ----------------------------------------------------------------------

==============================================================================


      Code (inc. data)   RO Data    RW Data    ZI Data      Debug   

    141504       3460      29136        492      63900    2241384   Grand Totals
    141504       3460      29136        108      63900    2241384   ELF Image Totals (compressed)
    141504       3460      29136        108          0          0   ROM Totals

==============================================================================

    Total RO  Size (Code + RO Data)               170640 ( 166.64kB)
    Total RW  Size (RW Data + ZI Data)             64392 (  62.88kB)
    Total ROM Size (Code + RO Data + RW Data)     170748 ( 166.75kB)

==============================================================================

