Component: ARM Compiler 5.06 update 7 (build 960) Tool: armlink [4d3601]

==============================================================================

Section Cross References

    main.o(.text) refers to _printf_percent.o(.ARM.Collect$$_printf_percent$$00000000) for _printf_percent
    main.o(.text) refers to _printf_d.o(.ARM.Collect$$_printf_percent$$00000009) for _printf_d
    main.o(.text) refers to _printf_dec.o(.text) for _printf_int_dec
    main.o(.text) refers to _printf_s.o(.ARM.Collect$$_printf_percent$$00000014) for _printf_s
    main.o(.text) refers to _printf_str.o(.text) for _printf_str
    main.o(.text) refers to delay.o(.text) for delay_init
    main.o(.text) refers to misc.o(.text) for NVIC_PriorityGroupConfig
    main.o(.text) refers to usart.o(.text) for Print_Init
    main.o(.text) refers to led.o(.text) for LED_Init
    main.o(.text) refers to timer.o(.text) for TIM3_Int_Init
    main.o(.text) refers to spi.o(.text) for SPI1_Init
    main.o(.text) refers to lcd_init.o(.text) for LCD_Init
    main.o(.text) refers to noretval__2printf.o(.text) for __2printf
    main.o(.text) refers to lv_slider.o(.text) for lv_slider_get_value
    main.o(.text) refers to lv_roller.o(.text) for lv_roller_get_selected_str
    main.o(.text) refers to lcd.o(.text) for LCD_Fill
    main.o(.text) refers to lv_obj.o(.text) for lv_init
    main.o(.text) refers to lv_port_disp.o(.text) for lv_port_disp_init
    main.o(.text) refers to lv_port_indev.o(.text) for lv_port_indev_init
    main.o(.text) refers to lv_bar.o(.text) for lv_bar_set_range
    main.o(.text) refers to lv_task.o(.text) for lv_task_handler
    main.o(.text) refers to lv_hal_disp.o(.text) for lv_disp_get_default
    main.o(.text) refers to lv_disp.o(.text) for lv_disp_get_scr_act
    main.o(.text) refers to main.o(.conststring) for .conststring
    system_stm32f10x.o(.text) refers to system_stm32f10x.o(.data) for .data
    lvgl_demo.o(.text) refers to _printf_percent.o(.ARM.Collect$$_printf_percent$$00000000) for _printf_percent
    lvgl_demo.o(.text) refers to _printf_d.o(.ARM.Collect$$_printf_percent$$00000009) for _printf_d
    lvgl_demo.o(.text) refers to _printf_dec.o(.text) for _printf_int_dec
    lvgl_demo.o(.text) refers to noretval__2printf.o(.text) for __2printf
    lvgl_demo.o(.text) refers to tasks.o(.text) for vTaskDelay
    lvgl_demo.o(.text) refers to lv_slider.o(.text) for lv_slider_get_value
    lvgl_demo.o(.text) refers to lv_obj.o(.text) for lv_obj_align
    lvgl_demo.o(.text) refers to lv_bar.o(.text) for lv_bar_set_range
    lvgl_demo.o(.text) refers to lv_switch.o(.text) for lv_switch_create
    lvgl_demo.o(.text) refers to lv_task.o(.text) for lv_task_handler
    lvgl_demo.o(.text) refers to port.o(.text) for vPortEnterCritical
    lvgl_demo.o(.text) refers to lv_port_disp.o(.text) for lv_port_disp_init
    lvgl_demo.o(.text) refers to lv_port_indev.o(.text) for lv_port_indev_init
    lvgl_demo.o(.text) refers to lv_hal_disp.o(.text) for lv_disp_get_default
    lvgl_demo.o(.text) refers to lv_disp.o(.text) for lv_disp_get_scr_act
    lvgl_demo.o(.text) refers to lvgl_demo.o(.data) for .data
    led.o(.text) refers to stm32f10x_rcc.o(.text) for RCC_APB2PeriphClockCmd
    led.o(.text) refers to stm32f10x_gpio.o(.text) for GPIO_Init
    key.o(.text) refers to stm32f10x_rcc.o(.text) for RCC_APB2PeriphClockCmd
    key.o(.text) refers to stm32f10x_gpio.o(.text) for GPIO_Init
    key.o(.text) refers to delay.o(.text) for delay_ms
    key.o(.text) refers to key.o(.data) for .data
    timer.o(.text) refers to stm32f10x_rcc.o(.text) for RCC_APB1PeriphClockCmd
    timer.o(.text) refers to stm32f10x_tim.o(.text) for TIM_TimeBaseInit
    timer.o(.text) refers to misc.o(.text) for NVIC_Init
    timer.o(.text) refers to lv_hal_tick.o(.text) for lv_tick_inc
    lcd.o(.text) refers to lcd_init.o(.text) for LCD_Address_Set
    lcd.o(.text) refers to lcdfont.o(.constdata) for tfont32
    lcd.o(.text) refers to lcdfont.o(.constdata) for tfont24
    lcd.o(.text) refers to lcdfont.o(.constdata) for tfont16
    lcd.o(.text) refers to lcdfont.o(.constdata) for tfont12
    lcd.o(.text) refers to fmul.o(x$fpl$fmul) for __aeabi_fmul
    lcd.o(.text) refers to ffixu.o(x$fpl$ffixu) for __aeabi_f2uiz
    lcd.o(.text) refers to lcdfont.o(.constdata) for ascii_3216
    lcd.o(.text) refers to lcdfont.o(.constdata) for ascii_1206
    lcd.o(.text) refers to lcdfont.o(.constdata) for ascii_1608
    lcd.o(.text) refers to lcdfont.o(.constdata) for ascii_2412
    lcd_init.o(.text) refers to stm32f10x_rcc.o(.text) for RCC_APB2PeriphClockCmd
    lcd_init.o(.text) refers to spi.o(.text) for SPI1_Init
    lcd_init.o(.text) refers to stm32f10x_gpio.o(.text) for GPIO_Init
    lcd_init.o(.text) refers to stm32f10x_spi.o(.text) for SPI_I2S_GetFlagStatus
    lcd_init.o(.text) refers to delay.o(.text) for delay_ms
    lcd_init.o(.text) refers to gt9xx.o(.text) for gt9xx_INT_In
    spi.o(.text) refers to stm32f10x_rcc.o(.text) for RCC_APB2PeriphClockCmd
[...]
    lv_obj_get_drag_throw                    0x08009003   Thumb Code    32  lv_obj.o(.text)
    lv_obj_get_drag_parent                   0x08009023   Thumb Code    10  lv_obj.o(.text)
    lv_obj_get_gesture_parent                0x0800902d   Thumb Code    10  lv_obj.o(.text)
    lv_obj_get_parent_event                  0x08009037   Thumb Code    32  lv_obj.o(.text)
    lv_obj_get_protect                       0x08009057   Thumb Code    28  lv_obj.o(.text)
    lv_obj_get_signal_cb                     0x08009073   Thumb Code    26  lv_obj.o(.text)
    lv_obj_get_design_cb                     0x0800908d   Thumb Code    26  lv_obj.o(.text)
    lv_obj_get_event_cb                      0x080090a7   Thumb Code    26  lv_obj.o(.text)
    lv_obj_get_ext_attr                      0x080090c1   Thumb Code    32  lv_obj.o(.text)
    lv_obj_get_type                          0x080090e1   Thumb Code   122  lv_obj.o(.text)
    lv_obj_is_point_on_coords                0x0800915b   Thumb Code    60  lv_obj.o(.text)
    lv_obj_hittest                           0x08009197   Thumb Code    38  lv_obj.o(.text)
    lv_obj_fade_in                           0x080091e1   Thumb Code    52  lv_obj.o(.text)
    lv_obj_fade_out                          0x08009215   Thumb Code    46  lv_obj.o(.text)
    lv_debug_check_obj_type                  0x08009243   Thumb Code    52  lv_obj.o(.text)
    lv_debug_check_obj_valid                 0x080092a3   Thumb Code    62  lv_obj.o(.text)
    _lv_refr_init                            0x080094a9   Thumb Code     2  lv_refr.o(.text)
    _lv_refr_get_disp_refreshing             0x080096af   Thumb Code     6  lv_refr.o(.text)
    _lv_disp_refr_task                       0x08009c7d   Thumb Code   638  lv_refr.o(.text)
    lv_refr_now                              0x08009efb   Thumb Code    40  lv_refr.o(.text)
    _lv_inv_area                             0x08009f23   Thumb Code   200  lv_refr.o(.text)
    _lv_refr_set_disp_refreshing             0x08009feb   Thumb Code     6  lv_refr.o(.text)
    lv_refr_get_fps_avg                      0x08009ff1   Thumb Code    12  lv_refr.o(.text)
    lv_style_init                            0x0800a167   Thumb Code     6  lv_style.o(.text)
    _lv_style_get_mem_size                   0x0800a16d   Thumb Code    42  lv_style.o(.text)
    lv_style_copy                            0x0800a197   Thumb Code    40  lv_style.o(.text)
    lv_style_remove_prop                     0x0800a22b   Thumb Code    86  lv_style.o(.text)
    lv_style_list_init                       0x0800a281   Thumb Code     6  lv_style.o(.text)
    _lv_style_list_remove_style              0x0800a287   Thumb Code   164  lv_style.o(.text)
    _lv_style_list_add_style                 0x0800a32b   Thumb Code   128  lv_style.o(.text)
    lv_style_reset                           0x0800a3fb   Thumb Code    18  lv_style.o(.text)
    _lv_style_list_get_transition_style      0x0800a40d   Thumb Code    16  lv_style.o(.text)
    lv_style_list_get_local_style            0x0800a41d   Thumb Code    24  lv_style.o(.text)
    _lv_style_list_reset                     0x0800a435   Thumb Code    84  lv_style.o(.text)
    lv_style_list_copy                       0x0800a489   Thumb Code   222  lv_style.o(.text)
    _lv_style_set_int                        0x0800a567   Thumb Code   132  lv_style.o(.text)
    _lv_style_set_color                      0x0800a5eb   Thumb Code   130  lv_style.o(.text)
    _lv_style_set_opa                        0x0800a66d   Thumb Code   148  lv_style.o(.text)
    _lv_style_set_ptr                        0x0800a701   Thumb Code   130  lv_style.o(.text)
    _lv_style_get_int                        0x0800a783   Thumb Code    48  lv_style.o(.text)
    _lv_style_get_opa                        0x0800a7b3   Thumb Code    48  lv_style.o(.text)
    _lv_style_get_color                      0x0800a7e3   Thumb Code    48  lv_style.o(.text)
    _lv_style_get_ptr                        0x0800a813   Thumb Code    48  lv_style.o(.text)
    _lv_style_list_add_trans_style           0x0800a843   Thumb Code    94  lv_style.o(.text)
    _lv_style_list_set_local_int             0x0800a8a1   Thumb Code    20  lv_style.o(.text)
    _lv_style_list_set_local_opa             0x0800a8b5   Thumb Code    20  lv_style.o(.text)
    _lv_style_list_set_local_color           0x0800a8c9   Thumb Code    20  lv_style.o(.text)
    _lv_style_list_set_local_ptr             0x0800a8dd   Thumb Code    20  lv_style.o(.text)
    _lv_style_list_get_int                   0x0800a8f1   Thumb Code   120  lv_style.o(.text)
    _lv_style_list_get_color                 0x0800a969   Thumb Code   118  lv_style.o(.text)
    _lv_style_list_get_opa                   0x0800a9df   Thumb Code   118  lv_style.o(.text)
    _lv_style_list_get_ptr                   0x0800aa55   Thumb Code   108  lv_style.o(.text)
    lv_debug_check_style                     0x0800aac1   Thumb Code     4  lv_style.o(.text)
    lv_debug_check_style_list                0x0800aac5   Thumb Code     4  lv_style.o(.text)
    _lv_blend_fill                           0x0800b033   Thumb Code   232  lv_draw_blend.o(.text)
    _lv_blend_map                            0x0800b6b7   Thumb Code   242  lv_draw_blend.o(.text)
    lv_draw_img_dsc_init                     0x0800baaf   Thumb Code    34  lv_draw_img.o(.text)
    lv_img_cf_has_alpha                      0x0800c02d   Thumb Code    32  lv_draw_img.o(.text)
    lv_img_cf_is_chroma_keyed                0x0800c04d   Thumb Code    26  lv_draw_img.o(.text)
    lv_draw_img                              0x0800c203   Thumb Code    42  lv_draw_img.o(.text)
    lv_img_cf_get_px_size                    0x0800c22d   Thumb Code    52  lv_draw_img.o(.text)
    lv_img_src_get_type                      0x0800c261   Thumb Code    34  lv_draw_img.o(.text)
    lv_draw_label_dsc_init                   0x0800c2ad   Thumb Code    62  lv_draw_label.o(.text)
    lv_draw_label                            0x0800c929   Thumb Code  1290  lv_draw_label.o(.text)
    lv_draw_line_dsc_init                    0x0800cf05   Thumb Code    30  lv_draw_line.o(.text)
    lv_draw_line                             0x0800d68b   Thumb Code   402  lv_draw_line.o(.text)
    lv_draw_mask_add                         0x0800d81d   Thumb Code    46  lv_draw_mask.o(.text)
    lv_draw_mask_apply                       0x0800d84b   Thumb Code    64  lv_draw_mask.o(.text)
    lv_draw_mask_remove_id                   0x0800d88b   Thumb Code    28  lv_draw_mask.o(.text)
    lv_draw_mask_remove_custom               0x0800d8a7   Thumb Code    42  lv_draw_mask.o(.text)
    lv_draw_mask_get_cnt                     0x0800d8d1   Thumb Code    26  lv_draw_mask.o(.text)
    lv_draw_mask_line_points_init            0x0800dcbf   Thumb Code   254  lv_draw_mask.o(.text)
    lv_draw_mask_line_angle_init             0x0800ddbd   Thumb Code    70  lv_draw_mask.o(.text)
    lv_draw_mask_angle_init                  0x0800e087   Thumb Code   216  lv_draw_mask.o(.text)
    lv_draw_mask_radius_init                 0x0800e573   Thumb Code    74  lv_draw_mask.o(.text)
    lv_draw_mask_fade_init                   0x0800e671   Thumb Code    40  lv_draw_mask.o(.text)
    lv_draw_mask_map_init                    0x0800e717   Thumb Code    24  lv_draw_mask.o(.text)
    lv_draw_rect_dsc_init                    0x0800e769   Thumb Code   100  lv_draw_rect.o(.text)
    lv_draw_rect                             0x080104b5   Thumb Code    92  lv_draw_rect.o(.text)
    lv_draw_px                               0x08010511   Thumb Code     2  lv_draw_rect.o(.text)
    lv_img_buf_get_px_color                  0x0801065b   Thumb Code   224  lv_img_buf.o(.text)
    lv_img_buf_get_px_alpha                  0x0801073b   Thumb Code   186  lv_img_buf.o(.text)
    lv_img_buf_set_px_alpha                  0x080107f5   Thumb Code   184  lv_img_buf.o(.text)
    lv_img_buf_set_px_color                  0x080108ad   Thumb Code   260  lv_img_buf.o(.text)
    lv_img_buf_set_palette                   0x080109b1   Thumb Code   120  lv_img_buf.o(.text)
    lv_img_buf_get_img_size                  0x08010a29   Thumb Code   114  lv_img_buf.o(.text)
    lv_img_buf_alloc                         0x08010a9b   Thumb Code    88  lv_img_buf.o(.text)
    lv_img_buf_free                          0x08010af3   Thumb Code    26  lv_img_buf.o(.text)
    _lv_img_buf_transform_init               0x08010b0d   Thumb Code   266  lv_img_buf.o(.text)
    _lv_img_buf_get_transformed_area         0x08010c17   Thumb Code   576  lv_img_buf.o(.text)
    _lv_img_buf_transform_anti_alias         0x08010e57   Thumb Code   648  lv_img_buf.o(.text)
    _lv_img_cache_open                       0x08011129   Thumb Code   240  lv_img_cache.o(.text)
    lv_img_cache_invalidate_src              0x08011219   Thumb Code    80  lv_img_cache.o(.text)
    lv_img_cache_set_size                    0x08011269   Thumb Code    78  lv_img_cache.o(.text)
    lv_img_decoder_built_in_close            0x08011305   Thumb Code    50  lv_img_decoder.o(.text)
    lv_img_decoder_set_close_cb              0x08011337   Thumb Code     4  lv_img_decoder.o(.text)
    lv_img_decoder_built_in_read_line        0x080115e9   Thumb Code   184  lv_img_decoder.o(.text)
    lv_img_decoder_set_read_line_cb          0x080116a1   Thumb Code     4  lv_img_decoder.o(.text)
    lv_img_decoder_built_in_open             0x080116a5   Thumb Code   500  lv_img_decoder.o(.text)
    lv_img_decoder_set_open_cb               0x08011899   Thumb Code     4  lv_img_decoder.o(.text)
    lv_img_decoder_built_in_info             0x0801189d   Thumb Code   164  lv_img_decoder.o(.text)
    lv_img_decoder_set_info_cb               0x08011941   Thumb Code     4  lv_img_decoder.o(.text)
    lv_img_decoder_create                    0x08011945   Thumb Code    48  lv_img_decoder.o(.text)
    _lv_img_decoder_init                     0x08011975   Thumb Code    66  lv_img_decoder.o(.text)
    lv_img_decoder_get_info                  0x080119b7   Thumb Code    60  lv_img_decoder.o(.text)
    lv_img_decoder_open                      0x080119f3   Thumb Code   188  lv_img_decoder.o(.text)
    lv_img_decoder_read_line                 0x08011aaf   Thumb Code    34  lv_img_decoder.o(.text)
    lv_img_decoder_close                     0x08011ad1   Thumb Code    36  lv_img_decoder.o(.text)
    lv_img_decoder_delete                    0x08011af5   Thumb Code    22  lv_img_decoder.o(.text)
    lv_font_get_glyph_bitmap                 0x08011b11   Thumb Code     4  lv_font.o(.text)
    lv_font_get_glyph_dsc                    0x08011b15   Thumb Code    10  lv_font.o(.text)
    lv_font_get_glyph_width                  0x08011b1f   Thumb Code    22  lv_font.o(.text)
    lv_font_get_bitmap_fmt_txt               0x08011e75   Thumb Code   186  lv_font_fmt_txt.o(.text)
    lv_font_get_glyph_dsc_fmt_txt            0x08011f57   Thumb Code   180  lv_font_fmt_txt.o(.text)
    _lv_font_clean_up_fmt_txt                0x0801200b   Thumb Code    20  lv_font_fmt_txt.o(.text)
    lv_disp_drv_init                         0x080120c9   Thumb Code    62  lv_hal_disp.o(.text)
    lv_disp_buf_init                         0x08012107   Thumb Code    30  lv_hal_disp.o(.text)
    lv_disp_is_double_buf                    0x08012125   Thumb Code    18  lv_hal_disp.o(.text)
    lv_disp_is_true_double_buf               0x08012137   Thumb Code    38  lv_hal_disp.o(.text)
    lv_disp_drv_register                     0x0801215d   Thumb Code   250  lv_hal_disp.o(.text)
    lv_disp_get_default                      0x08012257   Thumb Code     6  lv_hal_disp.o(.text)
    lv_disp_get_ver_res                      0x0801225d   Thumb Code    40  lv_hal_disp.o(.text)
    lv_disp_get_hor_res                      0x08012285   Thumb Code    40  lv_hal_disp.o(.text)
    lv_disp_drv_update                       0x080122ad   Thumb Code   110  lv_hal_disp.o(.text)
    lv_disp_set_default                      0x0801231b   Thumb Code     6  lv_hal_disp.o(.text)
    lv_disp_remove                           0x08012321   Thumb Code    72  lv_hal_disp.o(.text)
    lv_disp_get_antialiasing                 0x08012369   Thumb Code    18  lv_hal_disp.o(.text)
    lv_disp_get_dpi                          0x0801237b   Thumb Code    20  lv_hal_disp.o(.text)
    lv_disp_get_size_category                0x0801238f   Thumb Code    70  lv_hal_disp.o(.text)
    lv_disp_flush_ready                      0x080123d5   Thumb Code    12  lv_hal_disp.o(.text)
    lv_disp_flush_is_last                    0x080123e1   Thumb Code    12  lv_hal_disp.o(.text)
    lv_disp_get_next                         0x080123ed   Thumb Code    16  lv_hal_disp.o(.text)
    lv_disp_get_buf                          0x080123fd   Thumb Code     4  lv_hal_disp.o(.text)
    lv_disp_get_inv_buf_size                 0x08012401   Thumb Code    10  lv_hal_disp.o(.text)
    _lv_disp_pop_from_inv_buf                0x0801240b   Thumb Code    30  lv_hal_disp.o(.text)
    lv_disp_set_rotation                     0x08012429   Thumb Code    18  lv_hal_disp.o(.text)
    lv_disp_get_rotation                     0x0801243b   Thumb Code    14  lv_hal_disp.o(.text)
    lv_indev_drv_init                        0x0801246d   Thumb Code    40  lv_hal_indev.o(.text)
    lv_indev_drv_register                    0x08012495   Thumb Code   106  lv_hal_indev.o(.text)
    lv_indev_drv_update                      0x080124ff   Thumb Code     6  lv_hal_indev.o(.text)
    lv_indev_get_next                        0x08012505   Thumb Code    16  lv_hal_indev.o(.text)
    _lv_indev_read                           0x08012515   Thumb Code    72  lv_hal_indev.o(.text)
    lv_tick_inc                              0x08012575   Thumb Code    14  lv_hal_tick.o(.text)
    lv_tick_get                              0x08012583   Thumb Code    16  lv_hal_tick.o(.text)
    lv_tick_elaps                            0x08012593   Thumb Code    12  lv_hal_tick.o(.text)
    lv_anim_path_linear                      0x080125c5   Thumb Code    38  lv_anim.o(.text)
    _lv_anim_core_init                       0x08012693   Thumb Code    36  lv_anim.o(.text)
    lv_anim_init                             0x080126b7   Thumb Code    60  lv_anim.o(.text)
    lv_anim_del                              0x080126f3   Thumb Code    76  lv_anim.o(.text)
    lv_anim_start                            0x0801273f   Thumb Code   118  lv_anim.o(.text)
    lv_anim_del_all                          0x080127b5   Thumb Code    14  lv_anim.o(.text)
    lv_anim_get                              0x080127c3   Thumb Code    40  lv_anim.o(.text)
    lv_anim_count_running                    0x080127eb   Thumb Code    30  lv_anim.o(.text)
    lv_anim_speed_to_time                    0x08012809   Thumb Code    26  lv_anim.o(.text)
    lv_anim_refr_now                         0x08012823   Thumb Code     4  lv_anim.o(.text)
    lv_anim_path_ease_in                     0x08012827   Thumb Code    50  lv_anim.o(.text)
    lv_anim_path_ease_out                    0x08012859   Thumb Code    50  lv_anim.o(.text)
    lv_anim_path_ease_in_out                 0x0801288b   Thumb Code    52  lv_anim.o(.text)
    lv_anim_path_overshoot                   0x080128bf   Thumb Code    54  lv_anim.o(.text)
    lv_anim_path_bounce                      0x080128f5   Thumb Code   184  lv_anim.o(.text)
    lv_anim_path_step                        0x080129ad   Thumb Code    18  lv_anim.o(.text)
    lv_area_set                              0x08012a4d   Thumb Code    14  lv_area.o(.text)
    lv_area_set_width                        0x08012a5b   Thumb Code    10  lv_area.o(.text)
    lv_area_set_height                       0x08012a65   Thumb Code    10  lv_area.o(.text)
    _lv_area_set_pos                         0x08012a6f   Thumb Code    46  lv_area.o(.text)
    lv_area_get_size                         0x08012a9d   Thumb Code    28  lv_area.o(.text)
    _lv_area_intersect                       0x08012ab9   Thumb Code    80  lv_area.o(.text)
    _lv_area_join                            0x08012b09   Thumb Code    68  lv_area.o(.text)
    _lv_area_is_point_on                     0x08012b87   Thumb Code   296  lv_area.o(.text)
    _lv_area_is_on                           0x08012caf   Thumb Code    56  lv_area.o(.text)
    _lv_area_is_in                           0x08012ce7   Thumb Code   168  lv_area.o(.text)
    _lv_area_align                           0x08012d8f   Thumb Code   462  lv_area.o(.text)
    lv_async_call                            0x08012f89   Thumb Code    54  lv_async.o(.text)
    lv_color_fill                            0x08013067   Thumb Code    74  lv_color.o(.text)
    lv_color_lighten                         0x080130b1   Thumb Code    24  lv_color.o(.text)
    lv_color_darken                          0x080130c9   Thumb Code    22  lv_color.o(.text)
    lv_color_hsv_to_rgb                      0x080130df   Thumb Code   174  lv_color.o(.text)
    lv_color_rgb_to_hsv                      0x0801318d   Thumb Code   212  lv_color.o(.text)
    lv_color_to_hsv                          0x08013261   Thumb Code    78  lv_color.o(.text)
    lv_debug_check_null                      0x080132b5   Thumb Code     8  lv_debug.o(.text)
    lv_debug_check_mem_integrity             0x080132bd   Thumb Code    14  lv_debug.o(.text)
    lv_debug_check_str                       0x080132cb   Thumb Code    64  lv_debug.o(.text)
    lv_debug_log_error                       0x0801330b   Thumb Code    96  lv_debug.o(.text)
    _lv_fs_init                              0x08013371   Thumb Code     8  lv_fs.o(.text)
    lv_fs_get_drv                            0x08013379   Thumb Code    32  lv_fs.o(.text)
    lv_fs_is_ready                           0x08013399   Thumb Code    24  lv_fs.o(.text)
    lv_fs_open                               0x080133b1   Thumb Code   162  lv_fs.o(.text)
    lv_fs_close                              0x08013453   Thumb Code    42  lv_fs.o(.text)
    lv_fs_remove                             0x0801347d   Thumb Code    62  lv_fs.o(.text)
    lv_fs_read                               0x080134bb   Thumb Code    58  lv_fs.o(.text)
    lv_fs_write                              0x080134f5   Thumb Code    58  lv_fs.o(.text)
    lv_fs_seek                               0x0801352f   Thumb Code    24  lv_fs.o(.text)
    lv_fs_tell                               0x08013547   Thumb Code    38  lv_fs.o(.text)
    lv_fs_trunc                              0x0801356d   Thumb Code    22  lv_fs.o(.text)
    lv_fs_size                               0x08013583   Thumb Code    32  lv_fs.o(.text)
    lv_fs_rename                             0x080135a3   Thumb Code    76  lv_fs.o(.text)
    lv_fs_dir_open                           0x080135ef   Thumb Code   148  lv_fs.o(.text)
    lv_fs_dir_read                           0x08013683   Thumb Code    38  lv_fs.o(.text)
    lv_fs_dir_close                          0x080136a9   Thumb Code    44  lv_fs.o(.text)
    lv_fs_free_space                         0x080136d5   Thumb Code    68  lv_fs.o(.text)
    lv_fs_drv_init                           0x08013719   Thumb Code     6  lv_fs.o(.text)
    lv_fs_drv_register                       0x0801371f   Thumb Code    72  lv_fs.o(.text)
    lv_fs_get_letters                        0x08013767   Thumb Code    38  lv_fs.o(.text)
    lv_fs_get_ext                            0x0801378d   Thumb Code    38  lv_fs.o(.text)
    lv_fs_up                                 0x080137b3   Thumb Code    54  lv_fs.o(.text)
    lv_fs_get_last                           0x080137e9   Thumb Code    56  lv_fs.o(.text)
    _lv_gc_clear_roots                       0x08013841   Thumb Code   182  lv_gc.o(.text)
    _lv_ll_init                              0x08013901   Thumb Code    16  lv_ll.o(.text)
    _lv_ll_ins_head                          0x08013911   Thumb Code    60  lv_ll.o(.text)
    _lv_ll_get_prev                          0x0801394d   Thumb Code    10  lv_ll.o(.text)
    _lv_ll_get_head                          0x08013957   Thumb Code    12  lv_ll.o(.text)
    _lv_ll_ins_prev                          0x08013963   Thumb Code   102  lv_ll.o(.text)
    _lv_ll_ins_tail                          0x080139c9   Thumb Code    60  lv_ll.o(.text)
    _lv_ll_get_next                          0x08013a05   Thumb Code    12  lv_ll.o(.text)
    _lv_ll_get_tail                          0x08013a11   Thumb Code    12  lv_ll.o(.text)
    _lv_ll_remove                            0x08013a1d   Thumb Code   118  lv_ll.o(.text)
    _lv_ll_clear                             0x08013a93   Thumb Code    44  lv_ll.o(.text)
    _lv_ll_chg_list                          0x08013abf   Thumb Code   104  lv_ll.o(.text)
    _lv_ll_get_len                           0x08013b27   Thumb Code    28  lv_ll.o(.text)
    _lv_ll_move_before                       0x08013b43   Thumb Code    94  lv_ll.o(.text)
    _lv_ll_is_empty                          0x08013ba1   Thumb Code    18  lv_ll.o(.text)
    _lv_trigo_sin                            0x08013bd5   Thumb Code    78  lv_math.o(.text)
    _lv_bezier3                              0x08013c23   Thumb Code    78  lv_math.o(.text)
    _lv_sqrt                                 0x08013c71   Thumb Code    34  lv_math.o(.text)
    _lv_atan2                                0x08013c93   Thumb Code   146  lv_math.o(.text)
    _lv_pow                                  0x08013d25   Thumb Code    52  lv_math.o(.text)
    _lv_map                                  0x08013d59   Thumb Code    36  lv_math.o(.text)
    _lv_mem_init                             0x08013d81   Thumb Code    24  lv_mem.o(.text)
    _lv_mem_deinit                           0x08013d99   Thumb Code    22  lv_mem.o(.text)
    lv_mem_alloc                             0x08013ded   Thumb Code    96  lv_mem.o(.text)
    lv_mem_defrag                            0x08013e4d   Thumb Code    70  lv_mem.o(.text)
    lv_mem_free                              0x08013e93   Thumb Code    84  lv_mem.o(.text)
    _lv_memcpy                               0x08013ee7   Thumb Code   294  lv_mem.o(.text)
    _lv_mem_get_size                         0x0801400d   Thumb Code    24  lv_mem.o(.text)
    lv_mem_realloc                           0x08014025   Thumb Code    96  lv_mem.o(.text)
    lv_mem_test                              0x08014085   Thumb Code    54  lv_mem.o(.text)
    _lv_memset                               0x080140bb   Thumb Code    98  lv_mem.o(.text)
    lv_mem_monitor                           0x0801411d   Thumb Code   128  lv_mem.o(.text)
    _lv_mem_buf_get                          0x0801419d   Thumb Code   202  lv_mem.o(.text)
    _lv_mem_buf_release                      0x08014267   Thumb Code    54  lv_mem.o(.text)
    _lv_mem_buf_free_all                     0x0801429d   Thumb Code    58  lv_mem.o(.text)
    _lv_memset_00                            0x080142d7   Thumb Code    90  lv_mem.o(.text)
    _lv_memset_ff                            0x08014331   Thumb Code    94  lv_mem.o(.text)
    lv_snprintf                              0x080149ef   Thumb Code    26  lv_printf.o(.text)
    lv_vsnprintf                             0x08014a09   Thumb Code    18  lv_printf.o(.text)
    lv_task_enable                           0x08014a3d   Thumb Code     6  lv_task.o(.text)
    _lv_task_core_init                       0x08014a43   Thumb Code    18  lv_task.o(.text)
    lv_task_del                              0x08014a55   Thumb Code    36  lv_task.o(.text)
    lv_task_handler                          0x08014ab1   Thumb Code   284  lv_task.o(.text)
    lv_task_create                           0x08014bcd   Thumb Code   172  lv_task.o(.text)
    lv_task_create_basic                     0x08014c79   Thumb Code    12  lv_task.o(.text)
    lv_task_set_cb                           0x08014c85   Thumb Code     4  lv_task.o(.text)
    lv_task_set_prio                         0x08014c89   Thumb Code    84  lv_task.o(.text)
    lv_task_set_period                       0x08014cdd   Thumb Code     4  lv_task.o(.text)
    lv_task_ready                            0x08014ce1   Thumb Code    18  lv_task.o(.text)
    lv_task_set_repeat_count                 0x08014cf3   Thumb Code     4  lv_task.o(.text)
    lv_task_reset                            0x08014cf7   Thumb Code    12  lv_task.o(.text)
    lv_task_get_idle                         0x08014d03   Thumb Code     6  lv_task.o(.text)
    lv_task_get_next                         0x08014d09   Thumb Code    16  lv_task.o(.text)
    _lv_txt_is_cmd                           0x08014d4d   Thumb Code    54  lv_txt.o(.text)
    _lv_txt_get_width                        0x08014d83   Thumb Code   134  lv_txt.o(.text)
    _lv_txt_get_next_line                    0x08014f31   Thumb Code   210  lv_txt.o(.text)
    _lv_txt_get_size                         0x08015003   Thumb Code   190  lv_txt.o(.text)
    _lv_txt_ins                              0x080150c1   Thumb Code    72  lv_txt.o(.text)
    _lv_txt_cut                              0x08015109   Thumb Code    58  lv_txt.o(.text)
    _lv_txt_set_text_vfmt                    0x08015143   Thumb Code    74  lv_txt.o(.text)
    _lv_utils_num_to_str                     0x08015401   Thumb Code    96  lv_utils.o(.text)
    _lv_utils_bsearch                        0x08015461   Thumb Code    72  lv_utils.o(.text)
    lv_theme_set_act                         0x080154a9   Thumb Code     6  lv_theme.o(.text)
    lv_theme_get_act                         0x080154af   Thumb Code     6  lv_theme.o(.text)
    lv_theme_apply                           0x08015611   Thumb Code    24  lv_theme.o(.text)
    lv_theme_copy                            0x08015629   Thumb Code    58  lv_theme.o(.text)
    lv_theme_set_base                        0x08015663   Thumb Code     4  lv_theme.o(.text)
    lv_theme_set_apply_cb                    0x08015667   Thumb Code     4  lv_theme.o(.text)
    lv_theme_get_font_small                  0x0801566b   Thumb Code     8  lv_theme.o(.text)
    lv_theme_get_font_normal                 0x08015673   Thumb Code     8  lv_theme.o(.text)
    lv_theme_get_font_subtitle               0x0801567b   Thumb Code     8  lv_theme.o(.text)
    lv_theme_get_font_title                  0x08015683   Thumb Code     8  lv_theme.o(.text)
    lv_theme_get_color_primary               0x0801568b   Thumb Code     8  lv_theme.o(.text)
    lv_theme_get_color_secondary             0x08015693   Thumb Code     8  lv_theme.o(.text)
    lv_theme_get_flags                       0x0801569b   Thumb Code     8  lv_theme.o(.text)
    lv_theme_material_init                   0x080192c9   Thumb Code   178  lv_theme_material.o(.text)
    lv_bar_set_value                         0x080196cd   Thumb Code    90  lv_bar.o(.text)
    lv_bar_create                            0x08019d61   Thumb Code   290  lv_bar.o(.text)
    lv_bar_set_start_value                   0x08019e83   Thumb Code    90  lv_bar.o(.text)
    lv_bar_get_type                          0x08019edd   Thumb Code    38  lv_bar.o(.text)
    lv_bar_set_range                         0x08019f03   Thumb Code   120  lv_bar.o(.text)
    lv_bar_set_type                          0x08019f7b   Thumb Code   114  lv_bar.o(.text)
    lv_bar_set_anim_time                     0x08019fed   Thumb Code    36  lv_bar.o(.text)
    lv_bar_get_value                         0x0801a011   Thumb Code    50  lv_bar.o(.text)
    lv_bar_get_start_value                   0x0801a043   Thumb Code    68  lv_bar.o(.text)
    lv_bar_get_min_value                     0x0801a087   Thumb Code    36  lv_bar.o(.text)
    lv_bar_get_max_value                     0x0801a0ab   Thumb Code    36  lv_bar.o(.text)
    lv_bar_get_anim_time                     0x0801a0cf   Thumb Code    34  lv_bar.o(.text)
    lv_cont_get_layout                       0x0801a4af   Thumb Code    36  lv_cont.o(.text)
    lv_cont_create                           0x0801aa2b   Thumb Code   222  lv_cont.o(.text)
    lv_cont_set_layout                       0x0801ab09   Thumb Code    64  lv_cont.o(.text)
    lv_cont_set_fit4                         0x0801ab49   Thumb Code   120  lv_cont.o(.text)
    lv_cont_get_fit_left                     0x0801abc1   Thumb Code    38  lv_cont.o(.text)
    lv_cont_get_fit_right                    0x0801abe7   Thumb Code    36  lv_cont.o(.text)
    lv_cont_get_fit_top                      0x0801ac0b   Thumb Code    38  lv_cont.o(.text)
    lv_cont_get_fit_bottom                   0x0801ac31   Thumb Code    38  lv_cont.o(.text)
    lv_label_get_text                        0x0801ae75   Thumb Code    32  lv_label.o(.text)
    lv_label_get_align                       0x0801ae95   Thumb Code    42  lv_label.o(.text)
    lv_label_get_letter_on                   0x0801af0b   Thumb Code   536  lv_label.o(.text)
    lv_label_refr_text                       0x0801b14f   Thumb Code  1118  lv_label.o(.text)
    lv_label_set_text_static                 0x0801b5ad   Thumb Code    74  lv_label.o(.text)
    lv_label_set_text                        0x0801b5f7   Thumb Code   246  lv_label.o(.text)
    lv_label_set_align                       0x0801b6ed   Thumb Code    60  lv_label.o(.text)
    lv_label_get_recolor                     0x0801b729   Thumb Code    38  lv_label.o(.text)
    lv_label_set_recolor                     0x0801b74f   Thumb Code    58  lv_label.o(.text)
    lv_label_get_long_mode                   0x0801b789   Thumb Code    38  lv_label.o(.text)
    lv_label_set_long_mode                   0x0801b817   Thumb Code   144  lv_label.o(.text)
    lv_label_get_style                       0x0801b8a7   Thumb Code    10  lv_label.o(.text)
    lv_label_get_text_sel_end                0x0801b95b   Thumb Code    30  lv_label.o(.text)
    lv_label_get_text_sel_start              0x0801b979   Thumb Code    30  lv_label.o(.text)
    lv_label_create                          0x0801bb8f   Thumb Code   446  lv_label.o(.text)
    lv_label_set_text_fmt                    0x0801bd4d   Thumb Code   114  lv_label.o(.text)
    lv_label_set_anim_speed                  0x0801bdbf   Thumb Code    66  lv_label.o(.text)
    lv_label_set_text_sel_start              0x0801be01   Thumb Code    28  lv_label.o(.text)
    lv_label_set_text_sel_end                0x0801be1d   Thumb Code    28  lv_label.o(.text)
    lv_label_get_anim_speed                  0x0801be39   Thumb Code    34  lv_label.o(.text)
    lv_label_get_letter_pos                  0x0801be5b   Thumb Code   504  lv_label.o(.text)
    lv_label_is_char_under_pos               0x0801c053   Thumb Code   462  lv_label.o(.text)
    lv_label_ins_text                        0x0801c221   Thumb Code   164  lv_label.o(.text)
    lv_label_cut_text                        0x0801c2c5   Thumb Code    70  lv_label.o(.text)
    lv_page_get_scrollable                   0x0801c37d   Thumb Code    32  lv_page.o(.text)
    lv_page_set_scrollbar_mode               0x0801c789   Thumb Code   102  lv_page.o(.text)
    lv_page_get_anim_time                    0x0801ca0b   Thumb Code    34  lv_page.o(.text)
    lv_page_scroll_hor                       0x0801ca2d   Thumb Code    68  lv_page.o(.text)
    lv_page_scroll_ver                       0x0801ca71   Thumb Code    66  lv_page.o(.text)
    lv_page_start_edge_flash                 0x0801ce57   Thumb Code   152  lv_page.o(.text)
    lv_page_on_edge                          0x0801d047   Thumb Code   150  lv_page.o(.text)
    lv_page_create                           0x0801d491   Thumb Code   370  lv_page.o(.text)
    lv_page_clean                            0x0801d603   Thumb Code    38  lv_page.o(.text)
    lv_page_set_anim_time                    0x0801d629   Thumb Code    36  lv_page.o(.text)
    lv_page_set_scroll_propagation           0x0801d64d   Thumb Code    54  lv_page.o(.text)
    lv_page_set_edge_flash                   0x0801d683   Thumb Code    44  lv_page.o(.text)
    lv_page_get_scrollbar_mode               0x0801d6af   Thumb Code    40  lv_page.o(.text)
    lv_page_get_scroll_propagation           0x0801d6d7   Thumb Code    40  lv_page.o(.text)
    lv_page_get_edge_flash                   0x0801d6ff   Thumb Code    40  lv_page.o(.text)
    lv_page_get_width_fit                    0x0801d727   Thumb Code    92  lv_page.o(.text)
    lv_page_get_height_fit                   0x0801d783   Thumb Code    92  lv_page.o(.text)
    lv_page_get_width_grid                   0x0801d7df   Thumb Code    50  lv_page.o(.text)
    lv_page_get_height_grid                  0x0801d811   Thumb Code    50  lv_page.o(.text)
    lv_page_glue_obj                         0x0801d843   Thumb Code    22  lv_page.o(.text)
    lv_page_focus                            0x0801d859   Thumb Code   526  lv_page.o(.text)
    lv_roller_get_auto_fit                   0x0801dc19   Thumb Code    38  lv_roller.o(.text)
    lv_roller_set_selected                   0x0801dd17   Thumb Code    92  lv_roller.o(.text)
    lv_roller_set_visible_row_count          0x0801dfad   Thumb Code   122  lv_roller.o(.text)
    lv_roller_set_options                    0x0801e027   Thumb Code   274  lv_roller.o(.text)
    lv_roller_get_align                      0x0801e233   Thumb Code    38  lv_roller.o(.text)
    lv_roller_create                         0x0801e737   Thumb Code   408  lv_roller.o(.text)
    lv_roller_set_align                      0x0801e8cf   Thumb Code    52  lv_roller.o(.text)
    lv_roller_set_auto_fit                   0x0801e903   Thumb Code    50  lv_roller.o(.text)
    lv_roller_get_selected                   0x0801e935   Thumb Code    64  lv_roller.o(.text)
    lv_roller_get_selected_str               0x0801e975   Thumb Code   228  lv_roller.o(.text)
    lv_roller_get_option_cnt                 0x0801ea59   Thumb Code    50  lv_roller.o(.text)
    lv_roller_get_options                    0x0801ea8b   Thumb Code    38  lv_roller.o(.text)
    lv_slider_get_value                      0x0801ec81   Thumb Code    32  lv_slider.o(.text)
    lv_slider_create                         0x0801f143   Thumb Code   254  lv_slider.o(.text)
    lv_slider_is_dragged                     0x0801f241   Thumb Code    40  lv_slider.o(.text)
    vListInitialise                          0x0801f2e9   Thumb Code    22  list.o(.text)
    vListInitialiseItem                      0x0801f2ff   Thumb Code     6  list.o(.text)
    vListInsertEnd                           0x0801f305   Thumb Code    24  list.o(.text)
    vListInsert                              0x0801f31d   Thumb Code    48  list.o(.text)
    uxListRemove                             0x0801f34d   Thumb Code    36  list.o(.text)
    xQueueGenericReset                       0x0801f371   Thumb Code   128  queue.o(.text)
    xQueueGenericCreate                      0x0801f3f1   Thumb Code    82  queue.o(.text)
    xQueueGenericSend                        0x0801f591   Thumb Code   350  queue.o(.text)
    xQueueCreateMutex                        0x0801f6ef   Thumb Code    36  queue.o(.text)
    xQueueGiveMutexRecursive                 0x0801f713   Thumb Code    98  queue.o(.text)
    xQueueGenericReceive                     0x0801f79b   Thumb Code   356  queue.o(.text)
    xQueueTakeMutexRecursive                 0x0801f8ff   Thumb Code    68  queue.o(.text)
    xQueueCreateCountingSemaphore            0x0801f943   Thumb Code    62  queue.o(.text)
    xQueueGenericSendFromISR                 0x0801f981   Thumb Code   200  queue.o(.text)
    xQueueGiveFromISR                        0x0801fa49   Thumb Code   172  queue.o(.text)
    xQueueReceiveFromISR                     0x0801faf5   Thumb Code   150  queue.o(.text)
    xQueuePeekFromISR                        0x0801fb8b   Thumb Code   114  queue.o(.text)
    uxQueueMessagesWaiting                   0x0801fbfd   Thumb Code    36  queue.o(.text)
    uxQueueSpacesAvailable                   0x0801fc21   Thumb Code    40  queue.o(.text)
    uxQueueMessagesWaitingFromISR            0x0801fc49   Thumb Code    26  queue.o(.text)
    vQueueUnregisterQueue                    0x0801fc63   Thumb Code    36  queue.o(.text)
    vQueueDelete                             0x0801fc87   Thumb Code    38  queue.o(.text)
    uxQueueGetQueueNumber                    0x0801fcad   Thumb Code     4  queue.o(.text)
    vQueueSetQueueNumber                     0x0801fcb1   Thumb Code     4  queue.o(.text)
    ucQueueGetQueueType                      0x0801fcb5   Thumb Code     6  queue.o(.text)
    xQueueIsQueueEmptyFromISR                0x0801fcbb   Thumb Code    34  queue.o(.text)
    xQueueIsQueueFullFromISR                 0x0801fcdd   Thumb Code    38  queue.o(.text)
    vQueueAddToRegistry                      0x0801fd03   Thumb Code    32  queue.o(.text)
    pcQueueGetName                           0x0801fd23   Thumb Code    34  queue.o(.text)
    vQueueWaitForMessageRestricted           0x0801fd45   Thumb Code    68  queue.o(.text)
    xQueueCreateSet                          0x0801fd89   Thumb Code     8  queue.o(.text)
    xQueueAddToSet                           0x0801fd91   Thumb Code    34  queue.o(.text)
    xQueueRemoveFromSet                      0x0801fdb3   Thumb Code    34  queue.o(.text)
    xQueueSelectFromSet                      0x0801fdd5   Thumb Code    18  queue.o(.text)
    xQueueSelectFromSetFromISR               0x0801fde7   Thumb Code    18  queue.o(.text)
    xTaskCreate                              0x0801fedd   Thumb Code    86  tasks.o(.text)
    vTaskDelete                              0x0801ff33   Thumb Code   154  tasks.o(.text)
    xTaskIncrementTick                       0x0801ffcd   Thumb Code   186  tasks.o(.text)
    xTaskResumeAll                           0x08020087   Thumb Code   182  tasks.o(.text)
    vTaskSuspendAll                          0x080201a3   Thumb Code    10  tasks.o(.text)
    vTaskDelayUntil                          0x080201ad   Thumb Code   180  tasks.o(.text)
    vTaskDelay                               0x08020261   Thumb Code    66  tasks.o(.text)
    eTaskGetState                            0x080202a3   Thumb Code    94  tasks.o(.text)
    uxTaskPriorityGet                        0x08020301   Thumb Code    24  tasks.o(.text)
    uxTaskPriorityGetFromISR                 0x08020319   Thumb Code    40  tasks.o(.text)
    vTaskPrioritySet                         0x08020341   Thumb Code   184  tasks.o(.text)
    vTaskSwitchContext                       0x080203f9   Thumb Code    84  tasks.o(.text)
    vTaskSuspend                             0x0802044d   Thumb Code   156  tasks.o(.text)
    vTaskResume                              0x08020519   Thumb Code   116  tasks.o(.text)
    xTaskResumeFromISR                       0x0802058d   Thumb Code   126  tasks.o(.text)
    vTaskStartScheduler                      0x08020629   Thumb Code   130  tasks.o(.text)
    vTaskEndScheduler                        0x080206ab   Thumb Code    24  tasks.o(.text)
    xTaskGetTickCount                        0x080206c3   Thumb Code     6  tasks.o(.text)
    xTaskGetTickCountFromISR                 0x080206c9   Thumb Code    12  tasks.o(.text)
    uxTaskGetNumberOfTasks                   0x080206d5   Thumb Code     6  tasks.o(.text)
    pcTaskGetName                            0x080206db   Thumb Code    38  tasks.o(.text)
    vTaskGetInfo                             0x08020701   Thumb Code   126  tasks.o(.text)
    uxTaskGetSystemState                     0x080207d3   Thumb Code   156  tasks.o(.text)
    vTaskPlaceOnEventList                    0x0802086f   Thumb Code    46  tasks.o(.text)
    vTaskPlaceOnUnorderedEventList           0x0802089d   Thumb Code    78  tasks.o(.text)
    vTaskPlaceOnEventListRestricted          0x080208eb   Thumb Code    54  tasks.o(.text)
    xTaskRemoveFromEventList                 0x08020921   Thumb Code   106  tasks.o(.text)
    xTaskRemoveFromUnorderedEventList        0x0802098b   Thumb Code   116  tasks.o(.text)
    vTaskSetTimeOutState                     0x080209ff   Thumb Code    34  tasks.o(.text)
    xTaskCheckForTimeOut                     0x08020a21   Thumb Code   114  tasks.o(.text)
    vTaskMissedYield                         0x08020a93   Thumb Code     8  tasks.o(.text)
    uxTaskGetTaskNumber                      0x08020a9b   Thumb Code     8  tasks.o(.text)
    vTaskSetTaskNumber                       0x08020aa3   Thumb Code     8  tasks.o(.text)
    xTaskGetCurrentTaskHandle                0x08020aab   Thumb Code     6  tasks.o(.text)
    xTaskGetSchedulerState                   0x08020ab1   Thumb Code    22  tasks.o(.text)
    vTaskPriorityInherit                     0x08020ac7   Thumb Code   124  tasks.o(.text)
    xTaskPriorityDisinherit                  0x08020b43   Thumb Code   144  tasks.o(.text)
    vTaskList                                0x08020bd3   Thumb Code   188  tasks.o(.text)
    uxTaskResetEventItemValue                0x08020c8f   Thumb Code    20  tasks.o(.text)
    pvTaskIncrementMutexHeldCount            0x08020ca3   Thumb Code    18  tasks.o(.text)
    ulTaskNotifyTake                         0x08020cb5   Thumb Code    96  tasks.o(.text)
    xTaskNotifyWait                          0x08020d15   Thumb Code   128  tasks.o(.text)
    xTaskGenericNotify                       0x08020d95   Thumb Code   190  tasks.o(.text)
    xTaskGenericNotifyFromISR                0x08020e53   Thumb Code   256  tasks.o(.text)
    vTaskNotifyGiveFromISR                   0x08020f53   Thumb Code   168  tasks.o(.text)
    xTaskNotifyStateClear                    0x08020ffb   Thumb Code    44  tasks.o(.text)
    xTimerGenericCommand                     0x0802119d   Thumb Code    98  timers.o(.text)
    xTimerCreateTimerTask                    0x08021323   Thumb Code    58  timers.o(.text)
    xTimerCreate                             0x0802135d   Thumb Code    72  timers.o(.text)
    xTimerGetTimerDaemonTaskHandle           0x080213a5   Thumb Code    24  timers.o(.text)
    xTimerGetPeriod                          0x080213bd   Thumb Code    22  timers.o(.text)
    xTimerGetExpiryTime                      0x080213d3   Thumb Code    22  timers.o(.text)
    pcTimerGetName                           0x080213e9   Thumb Code    22  timers.o(.text)
    xTimerIsTimerActive                      0x080213ff   Thumb Code    40  timers.o(.text)
    pvTimerGetTimerID                        0x08021427   Thumb Code    32  timers.o(.text)
    vTimerSetTimerID                         0x08021447   Thumb Code    34  timers.o(.text)
    xTimerPendFunctionCallFromISR            0x08021469   Thumb Code    34  timers.o(.text)
    xTimerPendFunctionCall                   0x0802148b   Thumb Code    60  timers.o(.text)
    pvPortMalloc                             0x080216c9   Thumb Code   214  heap_4.o(.text)
    vPortFree                                0x0802179f   Thumb Code    96  heap_4.o(.text)
    xPortGetFreeHeapSize                     0x080217ff   Thumb Code     8  heap_4.o(.text)
    xPortGetMinimumEverFreeHeapSize          0x08021807   Thumb Code     8  heap_4.o(.text)
    vPortInitialiseBlocks                    0x0802180f   Thumb Code     2  heap_4.o(.text)
    pxPortInitialiseStack                    0x080218b7   Thumb Code    32  port.o(.text)
    vPortSetupTimerInterrupt                 0x080218d7   Thumb Code    26  port.o(.text)
    xPortStartScheduler                      0x080218f1   Thumb Code   108  port.o(.text)
    vPortEndScheduler                        0x0802195d   Thumb Code    24  port.o(.text)
    vPortEnterCritical                       0x08021975   Thumb Code    52  port.o(.text)
    vPortExitCritical                        0x080219a9   Thumb Code    34  port.o(.text)
    xPortSysTickHandler                      0x080219cb   Thumb Code    40  port.o(.text)
    vPortValidateInterruptPriority           0x080219f3   Thumb Code    72  port.o(.text)
    __use_no_semihosting                     0x08021a8d   Thumb Code     2  use_no_semi_2.o(.text)
    __aeabi_uldivmod                         0x08021a8f   Thumb Code     0  lludivv7m.o(.text)
    _ll_udiv                                 0x08021a8f   Thumb Code   238  lludivv7m.o(.text)
    __2printf                                0x08021b7d   Thumb Code    20  noretval__2printf.o(.text)
    __2sprintf                               0x08021b95   Thumb Code    34  noretval__2sprintf.o(.text)
    _printf_str                              0x08021bbd   Thumb Code    82  _printf_str.o(.text)
    _printf_int_dec                          0x08021c11   Thumb Code   104  _printf_dec.o(.text)
    _printf_int_hex                          0x08021c89   Thumb Code    84  _printf_hex_int.o(.text)
    _printf_longlong_hex                     0x08021c89   Thumb Code     0  _printf_hex_int.o(.text)
    __printf                                 0x08021ce1   Thumb Code   270  __printf_wp.o(.text)
    memcmp                                   0x08021def   Thumb Code    88  memcmp.o(.text)
    strcpy                                   0x08021e47   Thumb Code    72  strcpy.o(.text)
    strlen                                   0x08021e8f   Thumb Code    62  strlen.o(.text)
    __aeabi_memcpy                           0x08021ecd   Thumb Code     0  rt_memcpy_v6.o(.text)
    __rt_memcpy                              0x08021ecd   Thumb Code   138  rt_memcpy_v6.o(.text)
    _memcpy_lastbytes                        0x08021f33   Thumb Code     0  rt_memcpy_v6.o(.text)
    __aeabi_memcpy4                          0x08021f57   Thumb Code     0  rt_memcpy_w.o(.text)
    __aeabi_memcpy8                          0x08021f57   Thumb Code     0  rt_memcpy_w.o(.text)
    __rt_memcpy_w                            0x08021f57   Thumb Code   100  rt_memcpy_w.o(.text)
    _memcpy_lastbytes_aligned                0x08021f9f   Thumb Code     0  rt_memcpy_w.o(.text)
    __aeabi_memset                           0x08021fbb   Thumb Code    16  aeabi_memset.o(.text)
    __aeabi_memclr4                          0x08021fcb   Thumb Code     0  rt_memclr_w.o(.text)
    __aeabi_memclr8                          0x08021fcb   Thumb Code     0  rt_memclr_w.o(.text)
    __rt_memclr_w                            0x08021fcb   Thumb Code    78  rt_memclr_w.o(.text)
    _memset_w                                0x08021fcf   Thumb Code     0  rt_memclr_w.o(.text)
    strcmp                                   0x08022019   Thumb Code   128  strcmpv7m.o(.text)
    __use_two_region_memory                  0x08022099   Thumb Code     2  heapauxi.o(.text)
    __rt_heap_escrow$2region                 0x0802209b   Thumb Code     2  heapauxi.o(.text)
    __rt_heap_expand$2region                 0x0802209d   Thumb Code     2  heapauxi.o(.text)
    __I$use$semihosting                      0x0802209f   Thumb Code     0  use_no_semi.o(.text)
    __use_no_semihosting_swi                 0x0802209f   Thumb Code     2  use_no_semi.o(.text)
    _printf_int_common                       0x080220a1   Thumb Code   178  _printf_intcommon.o(.text)
    _printf_char_common                      0x0802215f   Thumb Code    32  _printf_char_common.o(.text)
    _sputc                                   0x08022185   Thumb Code    10  _sputc.o(.text)
    _printf_cs_common                        0x0802218f   Thumb Code    20  _printf_char.o(.text)
    _printf_char                             0x080221a3   Thumb Code    16  _printf_char.o(.text)
    _printf_string                           0x080221b3   Thumb Code     8  _printf_char.o(.text)
    _printf_char_file                        0x080221bd   Thumb Code    32  _printf_char_file.o(.text)
    __aeabi_memclr                           0x080221e1   Thumb Code     0  rt_memclr.o(.text)
    __rt_memclr                              0x080221e1   Thumb Code    68  rt_memclr.o(.text)
    _memset                                  0x080221e5   Thumb Code     0  rt_memclr.o(.text)
    ferror                                   0x08022225   Thumb Code     8  ferror.o(.text)
    __user_setup_stackheap                   0x0802222d   Thumb Code    74  sys_stackheap_outer.o(.text)
    exit                                     0x08022277   Thumb Code    18  exit.o(.text)
    __user_libspace                          0x08022289   Thumb Code     8  libspace.o(.text)
    __user_perproc_libspace                  0x08022289   Thumb Code     0  libspace.o(.text)
    __user_perthread_libspace                0x08022289   Thumb Code     0  libspace.o(.text)
    _is_digit                                0x08022291   Thumb Code    14  __printf_wp.o(i._is_digit)
    __aeabi_f2uiz                            0x080222a1   Thumb Code     0  ffixu.o(x$fpl$ffixu)
    _ffixu                                   0x080222a1   Thumb Code    62  ffixu.o(x$fpl$ffixu)
    __aeabi_fmul                             0x080222e1   Thumb Code     0  fmul.o(x$fpl$fmul)
    _fmul                                    0x080222e1   Thumb Code   258  fmul.o(x$fpl$fmul)
    __fpl_fnaninf                            0x080223e3   Thumb Code   140  fnaninf.o(x$fpl$fnaninf)
    __fpl_fretinf                            0x0802246f   Thumb Code    10  fretinf.o(x$fpl$fretinf)
    __I$use$fp                               0x08022478   Number         0  usenofp.o(x$fpl$usenofp)
    ascii_1206                               0x08022478   Data        1140  lcdfont.o(.constdata)
    ascii_1608                               0x080228ec   Data        1520  lcdfont.o(.constdata)
    ascii_2412                               0x08022edc   Data        4560  lcdfont.o(.constdata)
    ascii_3216                               0x080240ac   Data        6080  lcdfont.o(.constdata)
    tfont12                                  0x0802586c   Data         130  lcdfont.o(.constdata)
    tfont16                                  0x080258ee   Data         170  lcdfont.o(.constdata)
    tfont24                                  0x08025998   Data         370  lcdfont.o(.constdata)
    tfont32                                  0x08025b0a   Data         650  lcdfont.o(.constdata)
    TPX                                      0x08025d94   Data          10  gt9xx.o(.constdata)
    POINT_COLOR_TBL                          0x08025d9e   Data          10  gt9xx.o(.constdata)
    _lv_bpp1_opa_table                       0x08025dbc   Data           2  lv_draw_label.o(.constdata)
    _lv_bpp2_opa_table                       0x08025dc2   Data           4  lv_draw_label.o(.constdata)
    _lv_bpp4_opa_table                       0x08025dc6   Data          16  lv_draw_label.o(.constdata)
    _lv_bpp8_opa_table                       0x08025dd6   Data         256  lv_draw_label.o(.constdata)
    lv_anim_path_def                         0x08029308   Data           8  lv_anim.o(.constdata)
    Region$$Table$$Base                      0x080294f8   Number         0  anon$$obj.o(Region$$Table)
    Region$$Table$$Limit                     0x08029518   Number         0  anon$$obj.o(Region$$Table)
    SystemCoreClock                          0x20000000   Data           4  system_stm32f10x.o(.data)
    AHBPrescTable                            0x20000004   Data          16  system_stm32f10x.o(.data)
    __stdout                                 0x2000001c   Data           4  usart.o(.data)
    indev_touchpad                           0x20000038   Data           4  lv_port_indev.o(.data)
    lv_font_montserrat_14                    0x200000a4   Data          20  lv_font_montserrat_14.o(.data)
    _lv_img_cache_array                      0x200000d0   Data           4  lv_gc.o(.data)
    _lv_task_act                             0x200000d4   Data           4  lv_gc.o(.data)
    _lv_theme_material_styles                0x200000d8   Data           4  lv_gc.o(.data)
    _lv_theme_template_styles                0x200000dc   Data           4  lv_gc.o(.data)
    _lv_theme_mono_styles                    0x200000e0   Data           4  lv_gc.o(.data)
    _lv_theme_empty_styles                   0x200000e4   Data           4  lv_gc.o(.data)
    _lv_font_decompr_buf                     0x200000e8   Data           4  lv_gc.o(.data)
    _lv_txt_encoded_size                     0x2000011c   Data           4  lv_txt.o(.data)
    _lv_txt_encoded_next                     0x20000120   Data           4  lv_txt.o(.data)
    _lv_txt_encoded_get_byte_id              0x20000124   Data           4  lv_txt.o(.data)
    _lv_txt_encoded_prev                     0x20000128   Data           4  lv_txt.o(.data)
    _lv_txt_encoded_get_char_id              0x2000012c   Data           4  lv_txt.o(.data)
    _lv_txt_get_encoded_length               0x20000130   Data           4  lv_txt.o(.data)
    pxCurrentTCB                             0x20000170   Data           4  tasks.o(.data)
    TouchInfo                                0x200001e4   Data          24  gt9xx.o(.bss)
    _lv_task_ll                              0x20001c20   Data          12  lv_gc.o(.bss)
    _lv_disp_ll                              0x20001c2c   Data          12  lv_gc.o(.bss)
    _lv_indev_ll                             0x20001c38   Data          12  lv_gc.o(.bss)
    _lv_drv_ll                               0x20001c44   Data          12  lv_gc.o(.bss)
    _lv_file_ll                              0x20001c50   Data          12  lv_gc.o(.bss)
    _lv_anim_ll                              0x20001c5c   Data          12  lv_gc.o(.bss)
    _lv_group_ll                             0x20001c68   Data          12  lv_gc.o(.bss)
    _lv_img_defoder_ll                       0x20001c74   Data          12  lv_gc.o(.bss)
    _lv_obj_style_trans_ll                   0x20001c80   Data          12  lv_gc.o(.bss)
    _lv_mem_buf                              0x20001c8c   Data         128  lv_gc.o(.bss)
    _lv_draw_mask_list                       0x20001d0c   Data         128  lv_gc.o(.bss)
    xQueueRegistry                           0x20009dd4   Data          64  queue.o(.bss)
    __libspace_start                         0x2000f120   Data          96  libspace.o(.bss)
    __temporary_stack_top$libspace           0x2000f180   Data           0  libspace.o(.bss)



==============================================================================

Memory Map of the image

  Image Entry point : 0x08000131

  Load Region LR_IROM1 (Base: 0x08000000, Size: 0x000296fc, Max: 0x00080000, ABSOLUTE, COMPRESSED[0x00029584])

    Execution Region ER_IROM1 (Exec base: 0x08000000, Load base: 0x08000000, Size: 0x00029518, Max: 0x00080000, ABSOLUTE)

    Exec Addr    Load Addr    Size         Type   Attr      Idx    E Section Name        Object

    0x08000000   0x08000000   0x00000130   Data   RO          866    RESET               startup_stm32f10x_hd.o
    0x08000130   0x08000130   0x00000008   Code   RO         6493  * !!!main             c_w.l(__main.o)
    0x08000138   0x08000138   0x00000034   Code   RO         6692    !!!scatter          c_w.l(__scatter.o)
    0x0800016c   0x0800016c   0x0000005a   Code   RO         6690    !!dczerorl2         c_w.l(__dczerorl2.o)
    0x080001c6   0x080001c6   0x00000002   PAD
    0x080001c8   0x080001c8   0x0000001c   Code   RO         6694    !!handler_zi        c_w.l(__scatter_zi.o)
    0x080001e4   0x080001e4   0x00000000   Code   RO         6470    .ARM.Collect$$_printf_percent$$00000000  c_w.l(_printf_percent.o)
    0x080001e4   0x080001e4   0x00000006   Code   RO         6468    .ARM.Collect$$_printf_percent$$00000009  c_w.l(_printf_d.o)
    0x080001ea   0x080001ea   0x00000006   Code   RO         6469    .ARM.Collect$$_printf_percent$$0000000A  c_w.l(_printf_u.o)
    0x080001f0   0x080001f0   0x00000006   Code   RO         6467    .ARM.Collect$$_printf_percent$$0000000C  c_w.l(_printf_x.o)
    0x080001f6   0x080001f6   0x00000006   Code   RO         6465    .ARM.Collect$$_printf_percent$$00000013  c_w.l(_printf_c.o)
    0x080001fc   0x080001fc   0x00000006   Code   RO         6466    .ARM.Collect$$_printf_percent$$00000014  c_w.l(_printf_s.o)
    0x08000202   0x08000202   0x00000004   Code   RO         6518    .ARM.Collect$$_printf_percent$$00000017  c_w.l(_printf_percent_end.o)
    0x08000206   0x08000206   0x00000002   Code   RO         6562    .ARM.Collect$$libinit$$00000000  c_w.l(libinit.o)
    0x08000208   0x08000208   0x00000000   Code   RO         6575    .ARM.Collect$$libinit$$00000002  c_w.l(libinit2.o)
    0x08000208   0x08000208   0x00000000   Code   RO         6577    .ARM.Collect$$libinit$$00000004  c_w.l(libinit2.o)
    0x08000208   0x08000208   0x00000000   Code   RO         6580    .ARM.Collect$$libinit$$0000000A  c_w.l(libinit2.o)
    0x08000208   0x08000208   0x00000000   Code   RO         6582    .ARM.Collect$$libinit$$0000000C  c_w.l(libinit2.o)
    0x08000208   0x08000208   0x00000000   Code   RO         6584    .ARM.Collect$$libinit$$0000000E  c_w.l(libinit2.o)
    0x08000208   0x08000208   0x00000000   Code   RO         6587    .ARM.Collect$$libinit$$00000011  c_w.l(libinit2.o)
    0x08000208   0x08000208   0x00000000   Code   RO         6589    .ARM.Collect$$libinit$$00000013  c_w.l(libinit2.o)
    0x08000208   0x08000208   0x00000000   Code   RO         6591    .ARM.Collect$$libinit$$00000015  c_w.l(libinit2.o)
    0x08000208   0x08000208   0x00000000   Code   RO         6593    .ARM.Collect$$libinit$$00000017  c_w.l(libinit2.o)
    0x08000208   0x08000208   0x00000000   Code   RO         6595    .ARM.Collect$$libinit$$00000019  c_w.l(libinit2.o)
    0x08000208   0x08000208   0x00000000   Code   RO         6597    .ARM.Collect$$libinit$$0000001B  c_w.l(libinit2.o)
    0x08000208   0x08000208   0x00000000   Code   RO         6599    .ARM.Collect$$libinit$$0000001D  c_w.l(libinit2.o)
    0x08000208   0x08000208   0x00000000   Code   RO         6601    .ARM.Collect$$libinit$$0000001F  c_w.l(libinit2.o)
    0x08000208   0x08000208   0x00000000   Code   RO         6603    .ARM.Collect$$libinit$$00000021  c_w.l(libinit2.o)
    0x08000208   0x08000208   0x00000000   Code   RO         6605    .ARM.Collect$$libinit$$00000023  c_w.l(libinit2.o)
    0x08000208   0x08000208   0x00000000   Code   RO         6607    .ARM.Collect$$libinit$$00000025  c_w.l(libinit2.o)
    0x08000208   0x08000208   0x00000000   Code   RO         6611    .ARM.Collect$$libinit$$0000002C  c_w.l(libinit2.o)
    0x08000208   0x08000208   0x00000000   Code   RO         6613    .ARM.Collect$$libinit$$0000002E  c_w.l(libinit2.o)
    0x08000208   0x08000208   0x00000000   Code   RO         6615    .ARM.Collect$$libinit$$00000030  c_w.l(libinit2.o)
    0x08000208   0x08000208   0x00000000   Code   RO         6617    .ARM.Collect$$libinit$$00000032  c_w.l(libinit2.o)
    0x08000208   0x08000208   0x00000002   Code   RO         6618    .ARM.Collect$$libinit$$00000033  c_w.l(libinit2.o)
    0x0800020a   0x0800020a   0x00000002   Code   RO         6644    .ARM.Collect$$libshutdown$$00000000  c_w.l(libshutdown.o)
    0x0800020c   0x0800020c   0x00000000   Code   RO         6671    .ARM.Collect$$libshutdown$$00000002  c_w.l(libshutdown2.o)
    0x0800020c   0x0800020c   0x00000000   Code   RO         6673    .ARM.Collect$$libshutdown$$00000004  c_w.l(libshutdown2.o)
    0x0800020c   0x0800020c   0x00000000   Code   RO         6675    .ARM.Collect$$libshutdown$$00000006  c_w.l(libshutdown2.o)
    0x0800020c   0x0800020c   0x00000000   Code   RO         6678    .ARM.Collect$$libshutdown$$00000009  c_w.l(libshutdown2.o)
    0x0800020c   0x0800020c   0x00000000   Code   RO         6681    .ARM.Collect$$libshutdown$$0000000C  c_w.l(libshutdown2.o)
    0x0800020c   0x0800020c   0x00000000   Code   RO         6683    .ARM.Collect$$libshutdown$$0000000E  c_w.l(libshutdown2.o)
    0x0800020c   0x0800020c   0x00000000   Code   RO         6686    .ARM.Collect$$libshutdown$$00000011  c_w.l(libshutdown2.o)
    0x0800020c   0x0800020c   0x00000002   Code   RO         6687    .ARM.Collect$$libshutdown$$00000012  c_w.l(libshutdown2.o)
    0x0800020e   0x0800020e   0x00000000   Code   RO         6503    .ARM.Collect$$rtentry$$00000000  c_w.l(__rtentry.o)
    0x0800020e   0x0800020e   0x00000000   Code   RO         6527    .ARM.Collect$$rtentry$$00000002  c_w.l(__rtentry2.o)
    0x0800020e   0x0800020e   0x00000006   Code   RO         6539    .ARM.Collect$$rtentry$$00000004  c_w.l(__rtentry4.o)
    0x08000214   0x08000214   0x00000000   Code   RO         6529    .ARM.Collect$$rtentry$$00000009  c_w.l(__rtentry2.o)
    0x08000214   0x08000214   0x00000004   Code   RO         6530    .ARM.Collect$$rtentry$$0000000A  c_w.l(__rtentry2.o)
    0x08000218   0x08000218   0x00000000   Code   RO         6532    .ARM.Collect$$rtentry$$0000000C  c_w.l(__rtentry2.o)
    0x08000218   0x08000218   0x00000008   Code   RO         6533    .ARM.Collect$$rtentry$$0000000D  c_w.l(__rtentry2.o)
    0x08000220   0x08000220   0x00000002   Code   RO         6566    .ARM.Collect$$rtexit$$00000000  c_w.l(rtexit.o)
    0x08000222   0x08000222   0x00000000   Code   RO         6620    .ARM.Collect$$rtexit$$00000002  c_w.l(rtexit2.o)
    0x08000222   0x08000222   0x00000004   Code   RO         6621    .ARM.Collect$$rtexit$$00000003  c_w.l(rtexit2.o)
    0x08000226   0x08000226   0x00000006   Code   RO         6622    .ARM.Collect$$rtexit$$00000004  c_w.l(rtexit2.o)
    0x0800022c   0x0800022c   0x00000096   Code   RO         6373    .emb_text           port.o
    0x080002c2   0x080002c2   0x00000002   PAD
    0x080002c4   0x080002c4   0x000001ac   Code   RO            1    .text               main.o
    0x08000470   0x08000470   0x0000000c   Code   RO          431    .text               stm32f10x_it.o
    0x0800047c   0x0800047c   0x00000158   Code   RO          529    .text               system_stm32f10x.o
    0x080005d4   0x080005d4   0x00000050   Code   RO          606    .text               led.o
    0x08000624   0x08000624   0x00000084   Code   RO          669    .text               timer.o
    0x080006a8   0x080006a8   0x00000974   Code   RO          690    .text               lcd.o
    0x0800101c   0x0800101c   0x00000348   Code   RO          703    .text               lcd_init.o
    0x08001364   0x08001364   0x000000a4   Code   RO          716    .text               spi.o
    0x08001408   0x08001408   0x00000254   Code   RO          763    .text               my_iic.o
    0x0800165c   0x0800165c   0x00000630   Code   RO          776    .text               gt9xx.o
    0x08001c8c   0x08001c8c   0x000000d8   Code   RO          797    .text               delay.o
    0x08001d64   0x08001d64   0x000001ac   Code   RO          828    .text               usart.o
    0x08001f10   0x08001f10   0x00000040   Code   RO          867    .text               startup_stm32f10x_hd.o
    0x08001f50   0x08001f50   0x000000b0   Code   RO          871    .text               misc.o
    0x08002000   0x08002000   0x00000264   Code   RO          883    .text               stm32f10x_gpio.o
    0x08002264   0x08002264   0x000002b8   Code   RO          895    .text               stm32f10x_rcc.o
    0x0800251c   0x0800251c   0x00000af0   Code   RO          909    .text               stm32f10x_tim.o
    0x0800300c   0x0800300c   0x00000328   Code   RO          922    .text               stm32f10x_usart.o
    0x08003334   0x08003334   0x00000274   Code   RO          934    .text               stm32f10x_spi.o
    0x080035a8   0x080035a8   0x000000e8   Code   RO         1032    .text               stm32f10x_exti.o
    0x08003690   0x08003690   0x00000064   Code   RO         1044    .text               lv_port_disp.o
    0x080036f4   0x080036f4   0x00000060   Code   RO         1057    .text               lv_port_indev.o
    0x08003754   0x08003754   0x0000041c   Code   RO         1475    .text               lv_disp.o
    0x08003b70   0x08003b70   0x0000048e   Code   RO         1607    .text               lv_group.o
    0x08003ffe   0x08003ffe   0x00000002   PAD
    0x08004000   0x08004000   0x000013e0   Code   RO         1721    .text               lv_indev.o
    0x080053e0   0x080053e0   0x000040c8   Code   RO         1759    .text               lv_obj.o
    0x080094a8   0x080094a8   0x00000c98   Code   RO         1857    .text               lv_refr.o
    0x0800a140   0x0800a140   0x000009fa   Code   RO         1910    .text               lv_style.o
    0x0800ab3a   0x0800ab3a   0x00000002   PAD
    0x0800ab3c   0x0800ab3c   0x00000e28   Code   RO         2010    .text               lv_draw_blend.o
    0x0800b964   0x0800b964   0x00000948   Code   RO         2119    .text               lv_draw_img.o
    0x0800c2ac   0x0800c2ac   0x00000c58   Code   RO         2192    .text               lv_draw_label.o
    0x0800cf04   0x0800cf04   0x00000918   Code   RO         2269    .text               lv_draw_line.o
    0x0800d81c   0x0800d81c   0x00000f4c   Code   RO         2341    .text               lv_draw_mask.o
    0x0800e768   0x0800e768   0x00001e80   Code   RO         2384    .text               lv_draw_rect.o
    0x080105e8   0x080105e8   0x00000b0c   Code   RO         2472    .text               lv_img_buf.o
    0x080110f4   0x080110f4   0x000001e0   Code   RO         2506    .text               lv_img_cache.o
    0x080112d4   0x080112d4   0x0000083c   Code   RO         2545    .text               lv_img_decoder.o
    0x08011b10   0x08011b10   0x00000024   Code   RO         2597    .text               lv_font.o
    0x08011b34   0x08011b34   0x00000594   Code   RO         2902    .text               lv_font_fmt_txt.o
    0x080120c8   0x080120c8   0x000003a4   Code   RO         3155    .text               lv_hal_disp.o
    0x0801246c   0x0801246c   0x00000108   Code   RO         3300    .text               lv_hal_indev.o
    0x08012574   0x08012574   0x00000030   Code   RO         3400    .text               lv_hal_tick.o
    0x080125a4   0x080125a4   0x000004a8   Code   RO         3421    .text               lv_anim.o
    0x08012a4c   0x08012a4c   0x00000528   Code   RO         3496    .text               lv_area.o
    0x08012f74   0x08012f74   0x00000050   Code   RO         3516    .text               lv_async.o
    0x08012fc4   0x08012fc4   0x000002f0   Code   RO         3561    .text               lv_color.o
    0x080132b4   0x080132b4   0x000000bc   Code   RO         3577    .text               lv_debug.o
    0x08013370   0x08013370   0x000004d0   Code   RO         3593    .text               lv_fs.o
    0x08013840   0x08013840   0x000000c0   Code   RO         3619    .text               lv_gc.o
    0x08013900   0x08013900   0x000002d4   Code   RO         3641    .text               lv_ll.o
    0x08013bd4   0x08013bd4   0x000001ac   Code   RO         3660    .text               lv_math.o
    0x08013d80   0x08013d80   0x00000670   Code   RO         3680    .text               lv_mem.o
    0x080143f0   0x080143f0   0x0000064c   Code   RO         3699    .text               lv_printf.o
    0x08014a3c   0x08014a3c   0x00000310   Code   RO         3711    .text               lv_task.o
    0x08014d4c   0x08014d4c   0x000006b4   Code   RO         3731    .text               lv_txt.o
    0x08015400   0x08015400   0x000000a8   Code   RO         3830    .text               lv_utils.o
    0x080154a8   0x080154a8   0x00000200   Code   RO         3845    .text               lv_theme.o
    0x080156a8   0x080156a8   0x00003f80   Code   RO         4138    .text               lv_theme_material.o
    0x08019628   0x08019628   0x00000b26   Code   RO         4599    .text               lv_bar.o
    0x0801a14e   0x0801a14e   0x00000002   PAD
    0x0801a150   0x0801a150   0x00000cd8   Code   RO         4955    .text               lv_cont.o
    0x0801ae28   0x0801ae28   0x00001554   Code   RO         5458    .text               lv_label.o
    0x0801c37c   0x0801c37c   0x0000174c   Code   RO         5775    .text               lv_page.o
    0x0801dac8   0x0801dac8   0x0000101e   Code   RO         5851    .text               lv_roller.o
    0x0801eae6   0x0801eae6   0x00000002   PAD
    0x0801eae8   0x0801eae8   0x00000800   Code   RO         5877    .text               lv_slider.o
    0x0801f2e8   0x0801f2e8   0x00000088   Code   RO         6280    .text               list.o
    0x0801f370   0x0801f370   0x00000aac   Code   RO         6292    .text               queue.o
    0x0801fe1c   0x0801fe1c   0x0000134c   Code   RO         6311    .text               tasks.o
    0x08021168   0x08021168   0x00000518   Code   RO         6343    .text               timers.o
    0x08021680   0x08021680   0x00000214   Code   RO         6358    .text               heap_4.o
    0x08021894   0x08021894   0x000001f8   Code   RO         6374    .text               port.o
    0x08021a8c   0x08021a8c   0x00000002   Code   RO         6406    .text               c_w.l(use_no_semi_2.o)
    0x08021a8e   0x08021a8e   0x000000ee   Code   RO         6408    .text               c_w.l(lludivv7m.o)
    0x08021b7c   0x08021b7c   0x00000018   Code   RO         6414    .text               c_w.l(noretval__2printf.o)
    0x08021b94   0x08021b94   0x00000028   Code   RO         6416    .text               c_w.l(noretval__2sprintf.o)
    0x08021bbc   0x08021bbc   0x00000052   Code   RO         6420    .text               c_w.l(_printf_str.o)
    0x08021c0e   0x08021c0e   0x00000002   PAD
    0x08021c10   0x08021c10   0x00000078   Code   RO         6422    .text               c_w.l(_printf_dec.o)
    0x08021c88   0x08021c88   0x00000058   Code   RO         6427    .text               c_w.l(_printf_hex_int.o)
    0x08021ce0   0x08021ce0   0x0000010e   Code   RO         6453    .text               c_w.l(__printf_wp.o)
    0x08021dee   0x08021dee   0x00000058   Code   RO         6471    .text               c_w.l(memcmp.o)
    0x08021e46   0x08021e46   0x00000048   Code   RO         6473    .text               c_w.l(strcpy.o)
    0x08021e8e   0x08021e8e   0x0000003e   Code   RO         6475    .text               c_w.l(strlen.o)
    0x08021ecc   0x08021ecc   0x0000008a   Code   RO         6479    .text               c_w.l(rt_memcpy_v6.o)
    0x08021f56   0x08021f56   0x00000064   Code   RO         6481    .text               c_w.l(rt_memcpy_w.o)
    0x08021fba   0x08021fba   0x00000010   Code   RO         6483    .text               c_w.l(aeabi_memset.o)
    0x08021fca   0x08021fca   0x0000004e   Code   RO         6485    .text               c_w.l(rt_memclr_w.o)
    0x08022018   0x08022018   0x00000080   Code   RO         6489    .text               c_w.l(strcmpv7m.o)
    0x08022098   0x08022098   0x00000006   Code   RO         6491    .text               c_w.l(heapauxi.o)
    0x0802209e   0x0802209e   0x00000002   Code   RO         6501    .text               c_w.l(use_no_semi.o)
    0x080220a0   0x080220a0   0x000000b2   Code   RO         6508    .text               c_w.l(_printf_intcommon.o)
    0x08022152   0x08022152   0x00000002   PAD
    0x08022154   0x08022154   0x00000030   Code   RO         6510    .text               c_w.l(_printf_char_common.o)
    0x08022184   0x08022184   0x0000000a   Code   RO         6512    .text               c_w.l(_sputc.o)
    0x0802218e   0x0802218e   0x0000002c   Code   RO         6514    .text               c_w.l(_printf_char.o)
    0x080221ba   0x080221ba   0x00000002   PAD
    0x080221bc   0x080221bc   0x00000024   Code   RO         6516    .text               c_w.l(_printf_char_file.o)
    0x080221e0   0x080221e0   0x00000044   Code   RO         6519    .text               c_w.l(rt_memclr.o)
    0x08022224   0x08022224   0x00000008   Code   RO         6545    .text               c_w.l(ferror.o)
    0x0802222c   0x0802222c   0x0000004a   Code   RO         6549    .text               c_w.l(sys_stackheap_outer.o)
    0x08022276   0x08022276   0x00000012   Code   RO         6551    .text               c_w.l(exit.o)
    0x08022288   0x08022288   0x00000008   Code   RO         6563    .text               c_w.l(libspace.o)
    0x08022290   0x08022290   0x0000000e   Code   RO         6455    i._is_digit         c_w.l(__printf_wp.o)
    0x0802229e   0x0802229e   0x00000002   PAD
    0x080222a0   0x080222a0   0x0000003e   Code   RO         6495    x$fpl$ffixu         fz_ws.l(ffixu.o)
    0x080222de   0x080222de   0x00000002   PAD
    0x080222e0   0x080222e0   0x00000102   Code   RO         6499    x$fpl$fmul          fz_ws.l(fmul.o)
    0x080223e2   0x080223e2   0x0000008c   Code   RO         6521    x$fpl$fnaninf       fz_ws.l(fnaninf.o)
    0x0802246e   0x0802246e   0x0000000a   Code   RO         6523    x$fpl$fretinf       fz_ws.l(fretinf.o)
    0x08022478   0x08022478   0x00000000   Code   RO         6525    x$fpl$usenofp       fz_ws.l(usenofp.o)
    0x08022478   0x08022478   0x00000474   Data   RO          728    .constdata          lcdfont.o
    0x080228ec   0x080228ec   0x000005f0   Data   RO          729    .constdata          lcdfont.o
    0x08022edc   0x08022edc   0x000011d0   Data   RO          730    .constdata          lcdfont.o
    0x080240ac   0x080240ac   0x000017c0   Data   RO          731    .constdata          lcdfont.o
    0x0802586c   0x0802586c   0x00000082   Data   RO          732    .constdata          lcdfont.o
    0x080258ee   0x080258ee   0x000000aa   Data   RO          733    .constdata          lcdfont.o
    0x08025998   0x08025998   0x00000172   Data   RO          734    .constdata          lcdfont.o
    0x08025b0a   0x08025b0a   0x0000028a   Data   RO          735    .constdata          lcdfont.o
    0x08025d94   0x08025d94   0x00000014   Data   RO          778    .constdata          gt9xx.o
    0x08025da8   0x08025da8   0x00000002   Data   RO         1760    .constdata          lv_obj.o
    0x08025daa   0x08025daa   0x00000002   PAD
    0x08025dac   0x08025dac   0x00000002   Data   RO         1858    .constdata          lv_refr.o
    0x08025dae   0x08025dae   0x00000002   PAD
    0x08025db0   0x08025db0   0x0000000a   Data   RO         2120    .constdata          lv_draw_img.o
    0x08025dba   0x08025dba   0x00000002   PAD
    0x08025dbc   0x08025dbc   0x0000011a   Data   RO         2194    .constdata          lv_draw_label.o
    0x08025ed6   0x08025ed6   0x00000021   Data   RO         2270    .constdata          lv_draw_line.o
    0x08025ef7   0x08025ef7   0x00000001   PAD
    0x08025ef8   0x08025ef8   0x00000002   Data   RO         2385    .constdata          lv_draw_rect.o
    0x08025efa   0x08025efa   0x0000219a   Data   RO         2995    .constdata          lv_font_montserrat_14.o
    0x08028094   0x08028094   0x000004d8   Data   RO         2996    .constdata          lv_font_montserrat_14.o
    0x0802856c   0x0802856c   0x00000076   Data   RO         2997    .constdata          lv_font_montserrat_14.o
    0x080285e2   0x080285e2   0x00000002   PAD
    0x080285e4   0x080285e4   0x00000028   Data   RO         2998    .constdata          lv_font_montserrat_14.o
    0x0802860c   0x0802860c   0x0000009b   Data   RO         2999    .constdata          lv_font_montserrat_14.o
    0x080286a7   0x080286a7   0x0000009b   Data   RO         3000    .constdata          lv_font_montserrat_14.o
    0x08028742   0x08028742   0x00000bad   Data   RO         3001    .constdata          lv_font_montserrat_14.o
    0x080292ef   0x080292ef   0x00000001   PAD
    0x080292f0   0x080292f0   0x00000010   Data   RO         3002    .constdata          lv_font_montserrat_14.o
    0x08029300   0x08029300   0x00000006   Data   RO         3156    .constdata          lv_hal_disp.o
    0x08029306   0x08029306   0x00000002   PAD
    0x08029308   0x08029308   0x00000008   Data   RO         3422    .constdata          lv_anim.o
    0x08029310   0x08029310   0x00000002   Data   RO         3562    .constdata          lv_color.o
    0x08029312   0x08029312   0x00000011   Data   RO         3578    .constdata          lv_debug.o
    0x08029323   0x08029323   0x00000001   PAD
    0x08029324   0x08029324   0x000000b6   Data   RO         3661    .constdata          lv_math.o
    0x080293da   0x080293da   0x00000002   PAD
    0x080293dc   0x080293dc   0x00000046   Data   RO         4140    .constdata          lv_theme_material.o
    0x08029422   0x08029422   0x00000028   Data   RO         6428    .constdata          c_w.l(_printf_hex_int.o)
    0x0802944a   0x0802944a   0x00000002   PAD
    0x0802944c   0x0802944c   0x00000056   Data   RO            2    .conststring        main.o
    0x080294a2   0x080294a2   0x00000002   PAD
    0x080294a4   0x080294a4   0x00000051   Data   RO         3684    .conststring        lv_mem.o
    0x080294f5   0x080294f5   0x00000003   PAD
    0x080294f8   0x080294f8   0x00000020   Data   RO         6688    Region$$Table       anon$$obj.o


    Execution Region RW_IRAM1 (Exec base: 0x20000000, Load base: 0x08029518, Size: 0x0000fb80, Max: 0x00010000, ABSOLUTE, COMPRESSED[0x0000006c])

    Exec Addr    Load Addr    Size         Type   Attr      Idx    E Section Name        Object

    0x20000000   COMPRESSED   0x00000014   Data   RW          530    .data               system_stm32f10x.o
    0x20000014   COMPRESSED   0x00000001   Data   RW          779    .data               gt9xx.o
    0x20000015   COMPRESSED   0x00000001   PAD
    0x20000016   COMPRESSED   0x00000004   Data   RW          798    .data               delay.o
    0x2000001a   COMPRESSED   0x00000002   PAD
    0x2000001c   COMPRESSED   0x00000004   Data   RW          829    .data               usart.o
    0x20000020   COMPRESSED   0x00000014   Data   RW          896    .data               stm32f10x_rcc.o
    0x20000034   COMPRESSED   0x00000008   Data   RW         1058    .data               lv_port_indev.o
    0x2000003c   COMPRESSED   0x00000008   Data   RW         1722    .data               lv_indev.o
    0x20000044   COMPRESSED   0x0000000c   Data   RW         1761    .data               lv_obj.o
    0x20000050   COMPRESSED   0x00000020   Data   RW         1859    .data               lv_refr.o
    0x20000070   COMPRESSED   0x00000008   Data   RW         2196    .data               lv_draw_label.o
    0x20000078   COMPRESSED   0x00000002   Data   RW         2507    .data               lv_img_cache.o
    0x2000007a   COMPRESSED   0x00000002   PAD
    0x2000007c   COMPRESSED   0x0000000c   Data   RW         2903    .data               lv_font_fmt_txt.o
    0x20000088   COMPRESSED   0x0000001c   Data   RW         3003    .data               lv_font_montserrat_14.o
    0x200000a4   COMPRESSED   0x00000014   Data   RW         3004    .data               lv_font_montserrat_14.o
    0x200000b8   COMPRESSED   0x00000004   Data   RW         3157    .data               lv_hal_disp.o
    0x200000bc   COMPRESSED   0x00000008   Data   RW         3401    .data               lv_hal_tick.o
    0x200000c4   COMPRESSED   0x0000000c   Data   RW         3423    .data               lv_anim.o
    0x200000d0   COMPRESSED   0x0000001c   Data   RW         3621    .data               lv_gc.o
    0x200000ec   COMPRESSED   0x00000020   Data   RW         3685    .data               lv_mem.o
    0x2000010c   COMPRESSED   0x00000010   Data   RW         3712    .data               lv_task.o
    0x2000011c   COMPRESSED   0x0000000c   Data   RW         3732    .data               lv_txt.o
    0x20000128   COMPRESSED   0x00000004   Data   RW         3735    .data               lv_txt.o
    0x2000012c   COMPRESSED   0x00000004   Data   RW         3736    .data               lv_txt.o
    0x20000130   COMPRESSED   0x00000004   Data   RW         3737    .data               lv_txt.o
    0x20000134   COMPRESSED   0x00000004   Data   RW         3846    .data               lv_theme.o
    0x20000138   COMPRESSED   0x00000004   Data   RW         4141    .data               lv_theme_material.o
    0x2000013c   COMPRESSED   0x00000008   Data   RW         4600    .data               lv_bar.o
    0x20000144   COMPRESSED   0x0000000c   Data   RW         4956    .data               lv_cont.o
    0x20000150   COMPRESSED   0x00000004   Data   RW         5459    .data               lv_label.o
    0x20000154   COMPRESSED   0x00000008   Data   RW         5776    .data               lv_page.o
    0x2000015c   COMPRESSED   0x0000000c   Data   RW         5852    .data               lv_roller.o
    0x20000168   COMPRESSED   0x00000008   Data   RW         5878    .data               lv_slider.o
    0x20000170   COMPRESSED   0x0000003c   Data   RW         6313    .data               tasks.o
    0x200001ac   COMPRESSED   0x00000014   Data   RW         6345    .data               timers.o
    0x200001c0   COMPRESSED   0x00000018   Data   RW         6360    .data               heap_4.o
    0x200001d8   COMPRESSED   0x0000000c   Data   RW         6375    .data               port.o
    0x200001e4        -       0x00000018   Zero   RW          777    .bss                gt9xx.o
    0x200001fc        -       0x00001924   Zero   RW         1045    .bss                lv_port_disp.o
    0x20001b20        -       0x00000100   Zero   RW         2193    .bss                lv_draw_label.o
    0x20001c20        -       0x0000016c   Zero   RW         3620    .bss                lv_gc.o
    0x20001d8c        -       0x00008000   Zero   RW         3681    .bss                lv_mem.o
    0x20009d8c        -       0x00000010   Zero   RW         3682    .bss                lv_mem.o
    0x20009d9c        -       0x00000010   Zero   RW         3683    .bss                lv_mem.o
    0x20009dac        -       0x00000028   Zero   RW         4139    .bss                lv_theme_material.o
    0x20009dd4        -       0x00000040   Zero   RW         6293    .bss                queue.o
    0x20009e14        -       0x000002e4   Zero   RW         6312    .bss                tasks.o
    0x2000a0f8        -       0x00000028   Zero   RW         6344    .bss                timers.o
    0x2000a120        -       0x00005000   Zero   RW         6359    .bss                heap_4.o
    0x2000f120        -       0x00000060   Zero   RW         6564    .bss                c_w.l(libspace.o)
    0x2000f180        -       0x00000200   Zero   RW          865    HEAP                startup_stm32f10x_hd.o
    0x2000f380        -       0x00000800   Zero   RW          864    STACK               startup_stm32f10x_hd.o


==============================================================================

Image component sizes


      Code (inc. data)   RO Data    RW Data    ZI Data      Debug   Object Name

       216         12          0          4          0       1593   delay.o
         0          0          0          0          0      10240   event_groups.o
      1584        168         20          1         24       6872   gt9xx.o
       532         66          0         24      20480       3384   heap_4.o
      2420         38          0          0          0      11867   lcd.o
       840         12          0          0          0       2683   lcd_init.o
         0          0      14620          0          0       1473   lcdfont.o
        80         10          0          0          0     205223   led.o
       136          0          0          0          0       1782   list.o
      1192         40          8         12          0      25283   lv_anim.o
         0          0          0          0          0      15882   lv_arc.o
      1320         22          0          0          0       6570   lv_area.o
        80          6          0          0          0       2486   lv_async.o
      2854         84          0          8          0      62702   lv_bar.o
         0          0          0          0          0       1364   lv_bidi.o
         0          0          0          0          0       3797   lv_calendar.o
       752         12          2          0          0       9441   lv_color.o
      3288         52          0         12          0      46244   lv_cont.o
       188          6         17          0          0       2265   lv_debug.o
      1052         30          0          0          0      67264   lv_disp.o
         0          0          0          0          0       9208   lv_draw_arc.o
      3624         16          0          0          0      43986   lv_draw_blend.o
      2376         50         10          0          0      43068   lv_draw_img.o
      3160         30        282          8        256      37747   lv_draw_label.o
      2328          4         33          0          0      28205   lv_draw_line.o
      3916         74          0          0          0      19882   lv_draw_mask.o
      7808          8          2          0          0      50459   lv_draw_rect.o
         0          0          0          0          0      15200   lv_dropdown.o
        36          0          0          0          0       3331   lv_font.o
         0          0          0          0          0       1784   lv_font_dejavu_16_persian_hebrew.o
      1428         58          0         12          0       9669   lv_font_fmt_txt.o
         0          0      13315         48          0       2164   lv_font_montserrat_14.o
      1232         30          0          0          0      14283   lv_fs.o
       192         10          0         28        364       2912   lv_gc.o
      1166         38          0          0          0      33250   lv_group.o
       932         36          6          4          0      30425   lv_hal_disp.o
       264         24          0          0          0      20635   lv_hal_indev.o
        48          6          0          8          0       1466   lv_hal_tick.o
      2828         32          0          0          0      20805   lv_img_buf.o
       480         30          0          2          0       7491   lv_img_cache.o
      2108         50          0          0          0      20471   lv_img_decoder.o
      5088         18          0          8          0      22786   lv_indev.o
      5460        144          0          4          0      58856   lv_label.o
       724          0          0          0          0       5545   lv_ll.o
       428          4        182          0          0       5063   lv_math.o
      1648         70         81         32      32800       8465   lv_mem.o
     16584        224          2         12          0     131527   lv_obj.o
      5964        112          0          8          0      66341   lv_page.o
       100          8          0          0       6436       1280   lv_port_disp.o
        96         12          0          8          0      31974   lv_port_indev.o
      1612         10          0          0          0       9171   lv_printf.o
      3224         44          2         32          0      48268   lv_refr.o
      4126        150          0         12          0      45511   lv_roller.o
      2048         62          0          8          0      35938   lv_slider.o
      2554         16          0          0          0      28063   lv_style.o
       784         28          0         16          0       5520   lv_task.o
       512         48          0          4          0      35359   lv_theme.o
     16256        408         70          4         40      64345   lv_theme_material.o
      1716         34          0         24          0      12655   lv_txt.o
       168          0          0          0          0       1485   lv_utils.o
         0          0          0          0          0      10480   lvgl_demo.o
       428         60         86          0          0     292536   main.o
       176         14          0          0          0       1865   misc.o
       596          6          0          0          0       3249   my_iic.o
       654         94          0         12          0       7625   port.o
      2732         52          0          0         64      19492   queue.o
       164         10          0          0          0        608   spi.o
        64         26        304          0       2560        780   startup_stm32f10x_hd.o
       232          8          0          0          0       2375   stm32f10x_exti.o
       612         36          0          0          0       5997   stm32f10x_gpio.o
        12          0          0          0          0      51179   stm32f10x_it.o
       696         32          0         20          0       8960   stm32f10x_rcc.o
       628         14          0          0          0       7014   stm32f10x_spi.o
      2800         84          0          0          0      23930   stm32f10x_tim.o
       808         22          0          0          0       8860   stm32f10x_usart.o
         0          0          0          0          0         32   sys.o
       344         34          0         20          0       1731   system_stm32f10x.o
      4940        180          0         60        740      33230   tasks.o
       132          6          0          0          0        820   timer.o
      1304        128          0         20         40       9028   timers.o
       428         16          0          4          0       3878   usart.o

    ----------------------------------------------------------------------
    137312       3268      29094        484      63804    2016677   Object Totals
         0          0         32          0          0          0   (incl. Generated)
        10          0         20          5          0          0   (incl. Padding)

    ----------------------------------------------------------------------

      Code (inc. data)   RO Data    RW Data    ZI Data      Debug   Library Member Name

        90          0          0          0          0          0   __dczerorl2.o
         8          0          0          0          0         68   __main.o
       284          0          0          0          0        156   __printf_wp.o
         0          0          0          0          0          0   __rtentry.o
        12          0          0          0          0          0   __rtentry2.o
         6          0          0          0          0          0   __rtentry4.o
        52          8          0          0          0          0   __scatter.o
        28          0          0          0          0          0   __scatter_zi.o
         6          0          0          0          0          0   _printf_c.o
        44          0          0          0          0        108   _printf_char.o
        48          6          0          0          0         96   _printf_char_common.o
        36          4          0          0          0         80   _printf_char_file.o
         6          0          0          0          0          0   _printf_d.o
       120         16          0          0          0         92   _printf_dec.o
        88          4         40          0          0         88   _printf_hex_int.o
       178          0          0          0          0         88   _printf_intcommon.o
         0          0          0          0          0          0   _printf_percent.o
         4          0          0          0          0          0   _printf_percent_end.o
         6          0          0          0          0          0   _printf_s.o
        82          0          0          0          0         80   _printf_str.o
         6          0          0          0          0          0   _printf_u.o
         6          0          0          0          0          0   _printf_x.o
        10          0          0          0          0         68   _sputc.o
        16          0          0          0          0         68   aeabi_memset.o
        18          0          0          0          0         80   exit.o
         8          0          0          0          0         68   ferror.o
         6          0          0          0          0        152   heapauxi.o
         2          0          0          0          0          0   libinit.o
         2          0          0          0          0          0   libinit2.o
         2          0          0          0          0          0   libshutdown.o
         2          0          0          0          0          0   libshutdown2.o
         8          4          0          0         96         68   libspace.o
       238          0          0          0          0        100   lludivv7m.o
        88          0          0          0          0         76   memcmp.o
        24          4          0          0          0         84   noretval__2printf.o
        40          6          0          0          0         84   noretval__2sprintf.o
        68          0          0          0          0         68   rt_memclr.o
        78          0          0          0          0         80   rt_memclr_w.o
       138          0          0          0          0         68   rt_memcpy_v6.o
       100          0          0          0          0         80   rt_memcpy_w.o
         2          0          0          0          0          0   rtexit.o
        10          0          0          0          0          0   rtexit2.o
       128          0          0          0          0         68   strcmpv7m.o
        72          0          0          0          0         80   strcpy.o
        62          0          0          0          0         76   strlen.o
        74          0          0          0          0         80   sys_stackheap_outer.o
         2          0          0          0          0         68   use_no_semi.o
         2          0          0          0          0         68   use_no_semi_2.o
        62          4          0          0          0         84   ffixu.o
       258          4          0          0          0         84   fmul.o
       140          4          0          0          0         84   fnaninf.o
        10          0          0          0          0         68   fretinf.o
         0          0          0          0          0          0   usenofp.o

    ----------------------------------------------------------------------
      2792         64         42          0         96       2760   Library Totals
        12          0          2          0          0          0   (incl. Padding)

    ----------------------------------------------------------------------

      Code (inc. data)   RO Data    RW Data    ZI Data      Debug   Library Name

      2310         52         40          0         96       2440   c_w.l
       470         12          0          0          0        320   fz_ws.l

    ----------------------------------------------------------------------
      2792         64         42          0         96       2760   Library Totals

    ----------------------------------------------------------------------

==============================================================================


      Code (inc. data)   RO Data    RW Data    ZI Data      Debug   

    140104       3332      29136        484      63900    2009813   Grand Totals
    140104       3332      29136        108      63900    2009813   ELF Image Totals (compressed)
    140104       3332      29136        108          0          0   ROM Totals

==============================================================================

    Total RO  Size (Code + RO Data)               169240 ( 165.27kB)
    Total RW  Size (RW Data + ZI Data)             64384 (  62.88kB)
    Total ROM Size (Code + RO Data + RW Data)     169348 ( 165.38kB)

==============================================================================

